 cgamex86

 Timestamp is 686c00b3 (Mon Jul  7 22:15:31 2025)

 Preferred load address is 30000000

 Start         Length     Name                   Class
 0001:00000000 000acb39H .text$mn                CODE
 0001:000acb39 000000bbH .text$x                 CODE
 0002:00000000 00000108H .idata$5                DATA
 0002:00000108 00000008H .00cfg                  DATA
 0002:00000110 00000004H .CRT$XCA                DATA
 0002:00000114 00000004H .CRT$XCZ                DATA
 0002:00000118 00000004H .CRT$XIA                DATA
 0002:0000011c 0000000cH .CRT$XIC                DATA
 0002:00000128 00000004H .CRT$XIZ                DATA
 0002:0000012c 00000004H .CRT$XPA                DATA
 0002:00000130 00000008H .CRT$XPX                DATA
 0002:00000138 00000004H .CRT$XPXA               DATA
 0002:0000013c 00000004H .CRT$XPZ                DATA
 0002:00000140 00000004H .CRT$XTA                DATA
 0002:00000144 0000000cH .CRT$XTZ                DATA
 0002:00000148 00000000H .gfids$y                DATA
 0002:00000150 00025bf0H .rdata                  DATA
 0002:00025d40 00000000H .rdata$CastGuardVftablesA DATA
 0002:00025d40 00000000H .rdata$CastGuardVftablesC DATA
 0002:00025d40 000000dcH .rdata$r                DATA
 0002:00025e1c 00000028H .rdata$sxdata           DATA
 0002:00025e44 00000188H .rdata$voltmd           DATA
 0002:00025fcc 00000320H .rdata$zzzdbg           DATA
 0002:000262ec 00000004H .rtc$IAA                DATA
 0002:000262f0 00000004H .rtc$IZZ                DATA
 0002:000262f4 00000004H .rtc$TAA                DATA
 0002:000262f8 00000008H .rtc$TZZ                DATA
 0002:00026300 000005d0H .xdata$x                DATA
 0002:000268d0 0000005cH .edata                  DATA
 0002:0002692c 00000014H .idata$2                DATA
 0002:00026940 00000014H .idata$3                DATA
 0002:00026954 00000108H .idata$4                DATA
 0002:00026a5c 000004c4H .idata$6                DATA
 0003:00000000 0000d3e0H .data                   DATA
 0003:0000d3e0 0000003cH .data$r                 DATA
 0003:0000d41c 00000024H .data$rs                DATA
 0003:0000d440 02f7f1d8H .bss                    DATA
 0004:00000000 00000060H .rsrc$01                DATA
 0004:00000060 00000180H .rsrc$02                DATA

  Address         Publics by Value              Rva+Base       Lib:Object

 0000:00000000       ___AbsoluteZero            00000000     <absolute>
 0000:00000000       ___arm64x_extra_rfe_table  00000000     <absolute>
 0000:00000000       ___arm64x_extra_rfe_table_size 00000000     <absolute>
 0000:00000000       ___arm64x_native_entrypoint 00000000     <absolute>
 0000:00000000       ___arm64x_redirection_metadata 00000000     <absolute>
 0000:00000000       ___arm64x_redirection_metadata_count 00000000     <absolute>
 0000:00000000       ___dynamic_value_reloc_table 00000000     <absolute>
 0000:00000000       ___enclave_config          00000000     <absolute>
 0000:00000000       ___guard_check_icall_a64n_fptr 00000000     <absolute>
 0000:00000000       ___guard_eh_cont_count     00000000     <absolute>
 0000:00000000       ___guard_eh_cont_table     00000000     <absolute>
 0000:00000000       ___guard_fids_count        00000000     <absolute>
 0000:00000000       ___guard_fids_table        00000000     <absolute>
 0000:00000000       ___guard_iat_count         00000000     <absolute>
 0000:00000000       ___guard_iat_table         00000000     <absolute>
 0000:00000000       ___guard_longjmp_count     00000000     <absolute>
 0000:00000000       ___guard_longjmp_table     00000000     <absolute>
 0000:00000000       ___hybrid_auxiliary_delayload_iat 00000000     <absolute>
 0000:00000000       ___hybrid_auxiliary_delayload_iat_copy 00000000     <absolute>
 0000:00000000       ___hybrid_auxiliary_iat    00000000     <absolute>
 0000:00000000       ___hybrid_auxiliary_iat_copy 00000000     <absolute>
 0000:00000000       ___hybrid_code_map         00000000     <absolute>
 0000:00000000       ___hybrid_code_map_count   00000000     <absolute>
 0000:00000000       ___hybrid_image_info_bitfield 00000000     <absolute>
 0000:00000000       ___x64_code_ranges_to_entry_points 00000000     <absolute>
 0000:00000000       ___x64_code_ranges_to_entry_points_count 00000000     <absolute>
 0000:00000000       __except_list              00000000     <absolute>
 0000:0000000a       ___safe_se_handler_count   0000000a     <absolute>
 0000:00000100       ___guard_flags             00000100     <absolute>
 0000:00000000       ___ImageBase               30000000     <linker-defined>
 0001:00000000       _G_CreateAnimalNPC         30001000 f   AnimalNPC.obj
 0001:00000000       _G_CreateFighterNPC        30001000 f   FighterNPC.obj
 0001:00000000       _G_CreateSpeederNPC        30001000 f   SpeederNPC.obj
 0001:00000000       _G_CreateWalkerNPC         30001000 f   WalkerNPC.obj
 0001:00000050       _G_SetAnimalVehicleFunctions 30001050 f   AnimalNPC.obj
 0001:00000340       _BG_AttachToRancor         30001340 f   bg_g2_utils.obj
 0001:000005a0       _BG_GetRootSurfNameWithVariant 300015a0 f   bg_g2_utils.obj
 0001:00000630       _BG_AddPredictableEventToPlayerstate 30001630 f   bg_misc.obj
 0001:00000670       _BG_Alloc                  30001670 f   bg_misc.obj
 0001:000006c0       _BG_CanItemBeGrabbed       300016c0 f   bg_misc.obj
 0001:00000a30       _BG_CanUseFPNow            30001a30 f   bg_misc.obj
 0001:00000b00       _BG_CycleForce             30001b00 f   bg_misc.obj
 0001:00000be0       _BG_CycleInven             30001be0 f   bg_misc.obj
 0001:00000cc0       _BG_EmplacedView           30001cc0 f   bg_misc.obj
 0001:00000d90       _BG_EvaluateTrajectory     30001d90 f   bg_misc.obj
 0001:00000fe0       _BG_EvaluateTrajectoryDelta 30001fe0 f   bg_misc.obj
 0001:000011f0       _BG_FindItemForHoldable    300021f0 f   bg_misc.obj
 0001:00001250       _BG_FindItemForPowerup     30002250 f   bg_misc.obj
 0001:000012b0       _BG_FindItemForWeapon      300022b0 f   bg_misc.obj
 0001:000012f0       _BG_GetItemIndexByTag      300022f0 f   bg_misc.obj
 0001:00001330       _BG_HasYsalamiri           30002330 f   bg_misc.obj
 0001:00001370       _BG_IsItemSelectable       30002370 f   bg_misc.obj
 0001:00001390       _BG_IsValidCharacterModel  30002390 f   bg_misc.obj
 0001:00001410       _BG_IsWhiteSpace           30002410 f   bg_misc.obj
 0001:00001430       _BG_ModelCache             30002430 f   bg_misc.obj
 0001:00001460       _BG_ParseField             30002460 f   bg_misc.obj
 0001:000015b0       _BG_PlayerStateToEntityState 300025b0 f   bg_misc.obj
 0001:00001a00       _BG_PlayerTouchesItem      30002a00 f   bg_misc.obj
 0001:00001a90       _BG_ProperForceIndex       30002a90 f   bg_misc.obj
 0001:00001ac0       _BG_TempAlloc              30002ac0 f   bg_misc.obj
 0001:00001b00       _BG_TempFree               30002b00 f   bg_misc.obj
 0001:00001b50       _BG_TouchJumpPad           30002b50 f   bg_misc.obj
 0001:00001bd0       _BG_ValidateSkinForTeam    30002bd0 f   bg_misc.obj
 0001:00001be0       ___local_stdio_scanf_options 30002be0 f i bg_misc.obj
 0001:00001bf0       _sscanf                    30002bf0 f i bg_misc.obj
 0001:00001c20       _vectoyaw                  30002c20 f   bg_misc.obj
 0001:00001ce0       _BG_AnimLength             30002ce0 f   bg_panimate.obj
 0001:00001d40       _BG_AnimsetAlloc           30002d40 f   bg_panimate.obj
 0001:00001d70       _BG_BounceAnim             30002d70 f   bg_panimate.obj
 0001:00001df0       @_guard_check_icall_nop@4  30002df0 f   LIBCMT:guard_support.obj
 0001:00001df0       _BG_ClearAnimsets          30002df0 f   bg_panimate.obj
 0001:00001df0       _CG_OutOfAmmoChange        30002df0 f   cg_weapons.obj
 0001:00001df0       _CG_OwnerDraw              30002df0 f   cg_newDraw.obj
 0001:00001df0       _CG_RunMenuScript          30002df0 f   cg_newDraw.obj
 0001:00001e00       _BG_CrouchAnim             30002e00 f   bg_panimate.obj
 0001:00001f40       _BG_FlippingAnim           30002f40 f   bg_panimate.obj
 0001:00002030       _BG_FullBodyTauntAnim      30003030 f   bg_panimate.obj
 0001:00002170       _BG_GetLegsAnimPoint       30003170 f   bg_panimate.obj
 0001:00002250       _BG_GetTorsoAnimPoint      30003250 f   bg_panimate.obj
 0001:00002330       _BG_InBackFlip             30003330 f   bg_panimate.obj
 0001:00002360       _BG_InDeathAnim            30003360 f   bg_panimate.obj
 0001:00002420       _BG_InGrappleMove          30003420 f   bg_panimate.obj
 0001:00002470       _BG_InKataAnim             30003470 f   bg_panimate.obj
 0001:000024b0       _BG_InKnockDownOnly        300034b0 f   bg_panimate.obj
 0001:000024f0       _BG_InLedgeMove            300034f0 f   bg_panimate.obj
 0001:00002530       _BG_InReboundHold          30003530 f   bg_panimate.obj
 0001:00002570       _BG_InReboundJump          30003570 f   bg_panimate.obj
 0001:000025b0       _BG_InRoll                 300035b0 f   bg_panimate.obj
 0001:00002640       _BG_InSaberLock            30003640 f   bg_panimate.obj
 0001:00002700       _BG_InSaberLockOld         30003700 f   bg_panimate.obj
 0001:00002740       _BG_InSaberStandAnim       30003740 f   bg_panimate.obj
 0001:00002790       _BG_InSpecialJump          30003790 f   bg_panimate.obj
 0001:000028e0       _BG_InitAnimsets           300038e0 f   bg_panimate.obj
 0001:00002900       _BG_KickMove               30003900 f   bg_panimate.obj
 0001:00002950       _BG_KickingAnim            30003950 f   bg_panimate.obj
 0001:000029e0       _BG_ParseAnimationFile     300039e0 f   bg_panimate.obj
 0001:00002cf0       _BG_SaberInAttack          30003cf0 f   bg_panimate.obj
 0001:00002d60       _BG_SaberInAttackPure      30003d60 f   bg_panimate.obj
 0001:00002d80       _BG_SaberInIdle            30003d80 f   bg_panimate.obj
 0001:00002db0       _BG_SaberInKata            30003db0 f   bg_panimate.obj
 0001:00002df0       _BG_SaberInSpecial         30003df0 f   bg_panimate.obj
 0001:00002e50       _BG_SaberInSpecialAttack   30003e50 f   bg_panimate.obj
 0001:00002fe0       _BG_SaberInTransitionAny   30003fe0 f   bg_panimate.obj
 0001:00003010       _BG_SaberLockBreakAnim     30004010 f   bg_panimate.obj
 0001:000031a0       _BG_SaberStartTransAnim    300041a0 f   bg_panimate.obj
 0001:00003590       _BG_SetAnimFinal           30004590 f   bg_panimate.obj
 0001:00003970       _BG_SpinningSaberAnim      30004970 f   bg_panimate.obj
 0001:00003c20       _BG_SuperBreakLoseAnim     30004c20 f   bg_panimate.obj
 0001:00003cb0       _BG_SuperBreakWinAnim      30004cb0 f   bg_panimate.obj
 0001:00003d40       _PM_AnimLength             30004d40 f   bg_panimate.obj
 0001:00003dc0       _PM_CanRollFromSoulCal     30004dc0 f   bg_panimate.obj
 0001:00003df0       _PM_ContinueLegsAnim       30004df0 f   bg_panimate.obj
 0001:00003e20       _PM_ForceLegsAnim          30004e20 f   bg_panimate.obj
 0001:00003ec0       _PM_InCartwheel            30004ec0 f   bg_panimate.obj
 0001:00003f30       _PM_InForceGetUp           30004f30 f   bg_panimate.obj
 0001:00003f80       _PM_InKnockDown            30004f80 f   bg_panimate.obj
 0001:000040b0       _PM_InOnGroundAnim         300050b0 f   bg_panimate.obj
 0001:000041a0       _PM_InRollComplete         300051a0 f   bg_panimate.obj
 0001:000041e0       _PM_InSaberAnim            300051e0 f   bg_panimate.obj
 0001:00004200       _PM_JumpingAnim            30005200 f   bg_panimate.obj
 0001:00004250       _PM_KnockDownAnimExtended  30005250 f   bg_panimate.obj
 0001:000042f0       _PM_LandingAnim            300052f0 f   bg_panimate.obj
 0001:00004340       _PM_LockedAnim             30005340 f   bg_panimate.obj
 0001:00004390       _PM_PainAnim               30005390 f   bg_panimate.obj
 0001:000043d0       _PM_SaberBounceForAttack   300053d0 f   bg_panimate.obj
 0001:00004450       _PM_SaberInKnockaway       30005450 f   bg_panimate.obj
 0001:00004470       _PM_SaberInParry           30005470 f   bg_panimate.obj
 0001:00004490       _PM_SaberInReflect         30005490 f   bg_panimate.obj
 0001:000044b0       _PM_SaberInReturn          300054b0 f   bg_panimate.obj
 0001:000044d0       _PM_SaberInStart           300054d0 f   bg_panimate.obj
 0001:000044f0       _PM_SaberInTransition      300054f0 f   bg_panimate.obj
 0001:00004510       _PM_SaberReturnAnim        30005510 f   bg_panimate.obj
 0001:00004590       _PM_SetAnim                30005590 f   bg_panimate.obj
 0001:00004710       _PM_StartTorsoAnim         30005710 f   bg_panimate.obj
 0001:00004740       _BG_AdjustClientSpeed      30005740 f   bg_pmove.obj
 0001:00004a90       _BG_BoneOrientationsForClass 30005a90 f   bg_pmove.obj
 0001:00004c10       _BG_ClassHasBadBones       30005c10 f   bg_pmove.obj
 0001:00004c50       _BG_CmdForRoll             30005c50 f   bg_pmove.obj
 0001:00004ea0       _BG_G2ATSTAngles           30005ea0 f   bg_pmove.obj
 0001:00005910       _BG_G2PlayerAngles         30006910 f   bg_pmove.obj
 0001:00006920       _BG_IK_MoveArm             30007920 f   bg_pmove.obj
 0001:00006e00       _BG_InKnockDown            30007e00 f   bg_pmove.obj
 0001:00006e50       _BG_InSlopeAnim            30007e50 f   bg_pmove.obj
 0001:00006ec0       _BG_SabersOff              30007ec0 f   bg_pmove.obj
 0001:000070d0       _BG_UnrestrainedPitchRoll  300080d0 f   bg_pmove.obj
 0001:00007120       _BG_VehTraceFromCamPos     30008120 f   bg_pmove.obj
 0001:00007390       _BG_VehicleAdjustBBoxForOrientation 30008390 f   bg_pmove.obj
 0001:000077f0       _BG_VehicleTurnRateForSpeed 300087f0 f   bg_pmove.obj
 0001:000078b0       _LedgeGrabableEntity       300088b0 f   bg_pmove.obj
 0001:00007920       _LedgeTrace                30008920 f   bg_pmove.obj
 0001:00007c90       _NumberOfWeapons           30008c90 f   bg_pmove.obj
 0001:00007f00       _PM_AddEvent               30008f00 f   bg_pmove.obj
 0001:00007f20       _PM_AddEventWithParm       30008f20 f   bg_pmove.obj
 0001:00007f40       _PM_AddTouchEnt            30008f40 f   bg_pmove.obj
 0001:00007f90       _PM_AdjustAngleForWallGrap 30008f90 f   bg_pmove.obj
 0001:00008200       _PM_AdjustAngleForWallJump 30009200 f   bg_pmove.obj
 0001:00008680       _PM_AdjustAttackStates     30009680 f   bg_pmove.obj
 0001:00008a50       _PM_AdjustStandAnimForSlope 30009a50 f   bg_pmove.obj
 0001:00009660       _PM_BGEntForNum            3000a660 f   bg_pmove.obj
 0001:00009690       _PM_BeginWeaponChange      3000a690 f   bg_pmove.obj
 0001:00009770       _PM_CanSetWeaponReadyAnim  3000a770 f   bg_pmove.obj
 0001:00009f60       _PM_CheckGrab              3000af60 f   bg_pmove.obj
 0001:0000c270       _PM_CheckRollGetup         3000d270 f   bg_pmove.obj
 0001:0000c560       _PM_CheckRollSafety        3000d560 f   bg_pmove.obj
 0001:0000c760       _PM_ClipVelocity           3000d760 f   bg_pmove.obj
 0001:0000d390       _PM_CrouchGetup            3000e390 f   bg_pmove.obj
 0001:0000dbd0       _PM_DoPunch                3000ebd0 f   bg_pmove.obj
 0001:0000dca0       _PM_FinishWeaponChange     3000eca0 f   bg_pmove.obj
 0001:0000ed50       _PM_GetSaberStance         3000fd50 f   bg_pmove.obj
 0001:0000eef0       _PM_GettingUpFromKnockDown 3000fef0 f   bg_pmove.obj
 0001:0000f2e0       _PM_GrabWallForJump        300102e0 f   bg_pmove.obj
 0001:0000fcb0       _PM_HoverTrace             30010cb0 f   bg_pmove.obj
 0001:00010100       _PM_InForceFall            30011100 f   bg_pmove.obj
 0001:00010310       _PM_LegsSlopeBackTransition 30011310 f   bg_pmove.obj
 0001:000103c0       _PM_MinGetUpTime           300113c0 f   bg_pmove.obj
 0001:00010430       _PM_MoveForKata            30011430 f   bg_pmove.obj
 0001:00010890       _PM_RocketLock             30011890 f   bg_pmove.obj
 0001:00010c90       _PM_RunningAnim            30011c90 f   bg_pmove.obj
 0001:00010ce0       _PM_SetForceJumpZStart     30011ce0 f   bg_pmove.obj
 0001:00010e00       _PM_SetPMViewAngle         30011e00 f   bg_pmove.obj
 0001:00011220       _PM_SetVelocityforLedgeMove 30012220 f   bg_pmove.obj
 0001:00011930       _PM_UpdateViewAngles       30012930 f   bg_pmove.obj
 0001:00011b30       _PM_VehFaceHyperspacePoint 30012b30 f   bg_pmove.obj
 0001:00011de0       _PM_VehicleWeaponAnimate   30012de0 f   bg_pmove.obj
 0001:00012650       _PM_WalkingAnim            30013650 f   bg_pmove.obj
 0001:00014df0       _PM_pitch_roll_for_slope   30015df0 f   bg_pmove.obj
 0001:00015150       _Pmove                     30016150 f   bg_pmove.obj
 0001:00015220       _PmoveSingle               30016220 f   bg_pmove.obj
 0001:00017a80       _BG_AddFatigue             30018a80 f   bg_saber.obj
 0001:00017af0       _BG_CheckIncrementLockAnim 30018af0 f   bg_saber.obj
 0001:00017ba0       _BG_EnoughForcePowerForMove 30018ba0 f   bg_saber.obj
 0001:00017bd0       _BG_ForcePowerDrain        30018bd0 f   bg_saber.obj
 0001:00017c70       _BG_InSlowBounce           30018c70 f   bg_saber.obj
 0001:00017cb0       _BG_MySaber                30018cb0 f   bg_saber.obj
 0001:00017dd0       _PM_CheckStabDown          30018dd0 f   bg_saber.obj
 0001:00017ff0       _PM_DoFake                 30018ff0 f   bg_saber.obj
 0001:00018100       _PM_DoKick                 30019100 f   bg_saber.obj
 0001:00018410       _PM_GroundDistance         30019410 f   bg_saber.obj
 0001:00018510       _PM_ReturnforQuad          30019510 f   bg_saber.obj
 0001:00018580       _PM_SaberAttackForMovement 30019580 f   bg_saber.obj
 0001:000197f0       _PM_SaberFlipOverAttackMove 3001a7f0 f   bg_saber.obj
 0001:000199c0       _PM_SaberInBounce          3001a9c0 f   bg_saber.obj
 0001:000199f0       _PM_SaberInBrokenParry     3001a9f0 f   bg_saber.obj
 0001:00019a30       _PM_SaberJumpAttackMove    3001aa30 f   bg_saber.obj
 0001:00019bd0       _PM_SaberLockBreak         3001abd0 f   bg_saber.obj
 0001:00019fc0       _PM_SaberLockResultAnim    3001afc0 f   bg_saber.obj
 0001:0001a0b0       _PM_SaberLocked            3001b0b0 f   bg_saber.obj
 0001:0001a460       _PM_SaberLungeAttackMove   3001b460 f   bg_saber.obj
 0001:0001a620       _PM_SetSaberMove           3001b620 f   bg_saber.obj
 0001:0001af80       _PM_WalkableGroundDistance 3001bf80 f   bg_saber.obj
 0001:0001b090       _PM_WeaponLightsaber       3001c090 f   bg_saber.obj
 0001:0001c4a0       _PM_irand_timesync         3001d4a0 f   bg_saber.obj
 0001:0001c500       _BG_ParseLiteral           3001d500 f   bg_saberLoad.obj
 0001:0001c560       _BG_SI_SetDesiredLength    3001d560 f   bg_saberLoad.obj
 0001:0001c5c0       _BG_SI_SetLength           3001d5c0 f   bg_saberLoad.obj
 0001:0001c600       _BG_SI_SetLengthGradual    3001d600 f   bg_saberLoad.obj
 0001:0001c720       _TranslateSaberColor       3001d720 f   bg_saberLoad.obj
 0001:0001c800       _TranslateSaberStyle       3001d800 f   bg_saberLoad.obj
 0001:0001c8c0       _WP_RemoveSaber            3001d8c0 f   bg_saberLoad.obj
 0001:0001c950       _WP_SaberBladeUseSecondBladeStyle 3001d950 f   bg_saberLoad.obj
 0001:0001c980       _WP_SaberLoadParms         3001d980 f   bg_saberLoad.obj
 0001:0001cac0       _WP_SaberParseParms        3001dac0 f   bg_saberLoad.obj
 0001:0001eff0       _WP_SaberSetDefaults       3001fff0 f   bg_saberLoad.obj
 0001:0001f4b0       _WP_SetSaber               300204b0 f   bg_saberLoad.obj
 0001:0001f6b0       _BG_GetNextValueGroup      300206b0 f   bg_saga.obj
 0001:0001f760       _BG_PrecacheSabersForSiegeTeam 30020760 f   bg_saga.obj
 0001:0001f840       _BG_SiegeFindClassByName   30020840 f   bg_saga.obj
 0001:0001f890       _BG_SiegeFindClassIndexByName 30020890 f   bg_saga.obj
 0001:0001f8e0       _BG_SiegeFindThemeForTeam  300208e0 f   bg_saga.obj
 0001:0001f900       _BG_SiegeGetPairedValue    30020900 f   bg_saga.obj
 0001:0001fb40       _BG_SiegeGetValueGroup     30020b40 f   bg_saga.obj
 0001:0001fe50       _BG_SiegeLoadClasses       30020e50 f   bg_saga.obj
 0001:0001ffb0       _BG_SiegeLoadTeams         30020fb0 f   bg_saga.obj
 0001:000202d0       _BG_SiegeParseClassFile    300212d0 f   bg_saga.obj
 0001:00020bf0       _BG_SiegeSetTeamTheme      30021bf0 f   bg_saga.obj
 0001:00020c60       _BG_SiegeStripTabs         30021c60 f   bg_saga.obj
 0001:00020ca0       _BG_SiegeTranslateForcePowers 30021ca0 f   bg_saga.obj
 0001:00020ec0       _BG_SiegeTranslateGenericTable 30021ec0 f   bg_saga.obj
 0001:00020f90       _BG_SiegeTranslateSkills   30021f90 f   bg_saga.obj
 0001:000210f0       _PM_GroundSlideOkay        300220f0 f   bg_slidemove.obj
 0001:00021170       _PM_SlideMove              30022170 f   bg_slidemove.obj
 0001:00021a40       _PM_StepSlideMove          30022a40 f   bg_slidemove.obj
 0001:00022060       _PM_VehicleImpact          30023060 f   bg_slidemove.obj
 0001:000226a0       _AttachRidersGeneric       300236a0 f   bg_vehicleLoad.obj
 0001:00022750       _BG_GetVehicleModelName    30023750 f   bg_vehicleLoad.obj
 0001:000227a0       _BG_GetVehicleSkinName     300237a0 f   bg_vehicleLoad.obj
 0001:00022e50       _BG_SetSharedVehicleFunctions 30023e50 f   bg_vehicleLoad.obj
 0001:00022ea0       _BG_VehicleClampData       30023ea0 f   bg_vehicleLoad.obj
 0001:00022f40       _BG_VehicleGetIndex        30023f40 f   bg_vehicleLoad.obj
 0001:00022ff0       _BG_VehicleLoadParms       30023ff0 f   bg_vehicleLoad.obj
 0001:00023480       _BG_VehicleSetDefaults     30024480 f   bg_vehicleLoad.obj
 0001:00023530       _BG_VehicleUnloadParms     30024530 f   bg_vehicleLoad.obj
 0001:00023550       _VEH_LoadVehWeapon         30024550 f   bg_vehicleLoad.obj
 0001:00023740       _VEH_LoadVehicle           30024740 f   bg_vehicleLoad.obj
 0001:00023f60       _CGCam_Disable             30024f60 f   cg_camera.obj
 0001:00024020       _CGCam_DoFade              30025020 f   cg_camera.obj
 0001:000240a0       _CGCam_Fade                300250a0 f   cg_camera.obj
 0001:000241c0       _CGCam_FollowUpdate        300251c0 f   cg_camera.obj
 0001:00024620       _CGCam_RenderScene         30025620 f   cg_camera.obj
 0001:00024640       _CGCam_Shake               30025640 f   cg_camera.obj
 0001:00024670       _CGCam_TrackUpdate         30025670 f   cg_camera.obj
 0001:00024a40       _CGCam_Update              30025a40 f   cg_camera.obj
 0001:00025300       _CGCam_UpdateFade          30026300 f   cg_camera.obj
 0001:000253f0       _CGCam_UpdateShake         300263f0 f   cg_camera.obj
 0001:00025570       _CGCam_UpdateSmooth        30026570 f   cg_camera.obj
 0001:000256d0       _CGCam_Zoom                300266d0 f   cg_camera.obj
 0001:00025730       _CG_CameraParse            30026730 f   cg_camera.obj
 0001:00025e50       _CG_TargetCommand_f        30026e50 f   cg_consolecmds.obj
 0001:00026310       _CG_ConsoleCommand         30027310 f   cg_consolecmds.obj
 0001:00026350       _CG_InitConsoleCommands    30027350 f   cg_consolecmds.obj
 0001:00026550       _CG_AddLagometerFrameInfo  30027550 f   cg_draw.obj
 0001:00026580       _CG_AddLagometerSnapshotInfo 30027580 f   cg_draw.obj
 0001:000265e0       _CG_BracketEntity          300275e0 f   cg_draw.obj
 0001:00026c20       _CG_CalcVehicleMuzzlePoint 30027c20 f   cg_draw.obj
 0001:00026ee0       _CG_CenterPrint            30027ee0 f   cg_draw.obj
 0001:00026f50       _CG_ChatBox_AddString      30027f50 f   cg_draw.obj
 0001:000270d0       _CG_ChatBox_ArrayInsert    300280d0 f   cg_draw.obj
 0001:00027280       _CG_DottedLine             30028280 f   cg_draw.obj
 0001:000296d0       _CG_Draw3DModel            3002a6d0 f   cg_draw.obj
 0001:00029820       _CG_DrawActive             3002a820 f   cg_draw.obj
 0001:00029bc0       _CG_DrawArmor              3002abc0 f   cg_draw.obj
 0001:0002af80       _CG_DrawDodge              3002bf80 f   cg_draw.obj
 0001:0002b130       _CG_DrawDuelistHealth      3002c130 f   cg_draw.obj
 0001:0002b750       _CG_DrawFlagModel          3002c750 f   cg_draw.obj
 0001:0002b980       _CG_DrawForcePower         3002c980 f   cg_draw.obj
 0001:0002bb40       _CG_DrawForceSelect        3002cb40 f   cg_draw.obj
 0001:0002bcc0       _CG_DrawHUD                3002ccc0 f   cg_draw.obj
 0001:0002c190       _CG_DrawHealthBar          3002d190 f   cg_draw.obj
 0001:0002c320       _CG_DrawInvenSelect        3002d320 f   cg_draw.obj
 0001:0002ca90       _CG_DrawRadar              3002da90 f   cg_draw.obj
 0001:0002e070       _CG_DrawSiegeInfo          3002f070 f   cg_draw.obj
 0001:0002e3e0       _CG_DrawSiegeMessage       3002f3e0 f   cg_draw.obj
 0001:0002e410       _CG_DrawSiegeMessageNonMenu 3002f410 f   cg_draw.obj
 0001:0002e910       _CG_DrawTeamBackground     3002f910 f   cg_draw.obj
 0001:0002f4a0       _CG_DrawVehicleDamage      300304a0 f   cg_draw.obj
 0001:0002f5d0       _CG_DrawVehicleDamageHUD   300305d0 f   cg_draw.obj
 0001:0002f880       _CG_DrawVehicleHud         30030880 f   cg_draw.obj
 0001:00031510       _CG_InATST                 30032510 f   cg_draw.obj
 0001:00031550       _CG_InFighter              30032550 f   cg_draw.obj
 0001:00031590       _CG_SaberClashFlare        30032590 f   cg_draw.obj
 0001:00031f00       _CG_Text_Height            30032f00 f   cg_draw.obj
 0001:00031f50       _CG_Text_Paint             30032f50 f   cg_draw.obj
 0001:00032000       _CG_Text_Width             30033000 f   cg_draw.obj
 0001:00032050       _CG_WorldCoordToScreenCoord 30033050 f   cg_draw.obj
 0001:00032090       _CG_WorldCoordToScreenCoordFloat 30033090 f   cg_draw.obj
 0001:000321b0       ___local_stdio_printf_options 300331b0 f i cg_draw.obj
 0001:000321c0       _sprintf                   300331c0 f i cg_draw.obj
 0001:00032200       _CG_ColorForHealth         30033200 f   cg_drawtools.obj
 0001:000322e0       _CG_DrawBigString          300332e0 f   cg_drawtools.obj
 0001:00032330       _CG_DrawNumField           30033330 f   cg_drawtools.obj
 0001:00032630       _CG_DrawPic                30033630 f   cg_drawtools.obj
 0001:00032690       _CG_DrawRect               30033690 f   cg_drawtools.obj
 0001:00032850       _CG_DrawRotatePic          30033850 f   cg_drawtools.obj
 0001:000328c0       _CG_DrawRotatePic2         300338c0 f   cg_drawtools.obj
 0001:00032930       _CG_DrawSides              30033930 f   cg_drawtools.obj
 0001:00032a10       _CG_DrawSmallString        30033a10 f   cg_drawtools.obj
 0001:00032a60       _CG_DrawStringExt          30033a60 f   cg_drawtools.obj
 0001:00032d50       _CG_DrawStrlen             30033d50 f   cg_drawtools.obj
 0001:00032da0       _CG_DrawTopBottom          30033da0 f   cg_drawtools.obj
 0001:00032e80       _CG_FadeColor              30033e80 f   cg_drawtools.obj
 0001:00032f00       _CG_FillRect               30033f00 f   cg_drawtools.obj
 0001:00032f80       _CG_GetColorForHealth      30033f80 f   cg_drawtools.obj
 0001:00033050       _CG_TileClear              30034050 f   cg_drawtools.obj
 0001:000332e0       _UI_DrawProportionalString 300342e0 f   cg_drawtools.obj
 0001:00033390       _UI_DrawScaledProportionalString 30034390 f   cg_drawtools.obj
 0001:00033b90       _CG_Chunks                 30034b90 f   cg_effects.obj
 0001:00034260       _CG_DoGlass                30035260 f   cg_effects.obj
 0001:000348b0       _CG_GlassShatter           300358b0 f   cg_effects.obj
 0001:00034910       _CG_InitGlass              30035910 f   cg_effects.obj
 0001:000349d0       _CG_MiscModelExplosion     300359d0 f   cg_effects.obj
 0001:00034cc0       _CG_ScorePlum              30035cc0 f   cg_effects.obj
 0001:00034e00       _CG_SmokePuff              30035e00 f   cg_effects.obj
 0001:00034fa0       _CG_TestLine               30035fa0 f   cg_effects.obj
 0001:00035100       _CG_AddBracketedEnt        30036100 f   cg_ents.obj
 0001:000357c0       _CG_AddPacketEntities      300367c0 f   cg_ents.obj
 0001:00035b10       _CG_AddRadarEnt            30036b10 f   cg_ents.obj
 0001:00035b40       _CG_AdjustPositionForMover 30036b40 f   cg_ents.obj
 0001:00035c30       _CG_Beam                   30036c30 f   cg_ents.obj
 0001:00035ce0       _CG_CalcEntityLerpPositions 30036ce0 f   cg_ents.obj
 0001:00035f00       _CG_Cube                   30036f00 f   cg_ents.obj
 0001:000360c0       _CG_Disintegration         300370c0 f   cg_ents.obj
 0001:00038700       _CG_GreyItem               30039700 f   cg_ents.obj
 0001:00039430       _CG_ManualEntityRender     3003a430 f   cg_ents.obj
 0001:0003a280       _CG_PlayDoorLoopSound      3003b280 f   cg_ents.obj
 0001:0003a3f0       _CG_PlayDoorSound          3003b3f0 f   cg_ents.obj
 0001:0003a440       _CG_PositionEntityOnTag    3003b440 f   cg_ents.obj
 0001:0003a570       _CG_PositionRotatedEntityOnTag 3003b570 f   cg_ents.obj
 0001:0003a6a0       _CG_ROFF_NotetrackCallback 3003b6a0 f   cg_ents.obj
 0001:0003aab0       _CG_S_AddRealLoopingSound  3003bab0 f   cg_ents.obj
 0001:0003ab70       _CG_S_StopLoopingSound     3003bb70 f   cg_ents.obj
 0001:0003ac00       _CG_S_UpdateLoopingSounds  3003bc00 f   cg_ents.obj
 0001:0003ad30       _CG_SetEntitySoundPosition 3003bd30 f   cg_ents.obj
 0001:0003adc0       _CG_SetGhoul2Info          3003bdc0 f   cg_ents.obj
 0001:0003ae30       _FX_DrawPortableShield     3003be30 f   cg_ents.obj
 0001:0003b090       _ScaleModelAxis            3003c090 f   cg_ents.obj
 0001:0003b180       _CG_CalcVehMuzzle          3003c180 f   cg_event.obj
 0001:0003b2a0       _CG_CheckEvents            3003c2a0 f   cg_event.obj
 0001:0003b320       _CG_EntityEvent            3003c320 f   cg_event.obj
 0001:0003fac0       _CG_G2MarkEvent            30040ac0 f   cg_event.obj
 0001:0003fd30       _CG_GetCTFMessageEvent     30040d30 f   cg_event.obj
 0001:00040aa0       _CG_PainEvent              30041aa0 f   cg_event.obj
 0001:00040b10       _CG_PlaceString            30041b10 f   cg_event.obj
 0001:00040cb0       _CG_ReattachLimb           30041cb0 f   cg_event.obj
 0001:00040eb0       _DoFall                    30041eb0 f   cg_event.obj
 0001:00040fe0       _CG_LoadHolsterData        30041fe0 f   cg_holster.obj
 0001:00041320       _CG_DrawInformation        30042320 f   cg_info.obj
 0001:00041ea0       _CG_LoadingClient          30042ea0 f   cg_info.obj
 0001:00041f30       _CG_LoadingItem            30042f30 f   cg_info.obj
 0001:00041fe0       _CG_LoadingString          30042fe0 f   cg_info.obj
 0001:00042040       _CG_ClearLightStyles       30043040 f   cg_light.obj
 0001:00042130       _CG_RunLightStyles         30043130 f   cg_light.obj
 0001:000421c0       _CG_SetLightstyle          300431c0 f   cg_light.obj
 0001:00042280       _CG_AddFragment            30043280 f   cg_localents.obj
 0001:000426b0       _CG_AddLocalEntities       300436b0 f   cg_localents.obj
 0001:00042f70       _CG_AddScorePlum           30043f70 f   cg_localents.obj
 0001:000432d0       _CG_AllocLocalEntity       300442d0 f   cg_localents.obj
 0001:00043350       _CG_FreeLocalEntity        30044350 f   cg_localents.obj
 0001:00043390       _CG_InitLocalEntities      30044390 f   cg_localents.obj
 0001:000433f0       _BG_GetTime                300443f0 f   cg_main.obj
 0001:00043400       _CG_Argv                   30044400 f   cg_main.obj
 0001:00043420       _CG_Asset_Parse            30044420 f   cg_main.obj
 0001:000438f0       _CG_BuildSpectatorString   300448f0 f   cg_main.obj
 0001:00043970       _CG_ConfigString           30044970 f   cg_main.obj
 0001:000439a0       _CG_CreateModelFromSpawnEnt 300449a0 f   cg_main.obj
 0001:00043c10       _CG_CrosshairPlayer        30044c10 f   cg_main.obj
 0001:00043f40       _CG_DrawMiscEnts           30044f40 f   cg_main.obj
 0001:00044070       _CG_Error                  30045070 f   cg_main.obj
 0001:00044310       _CG_DeferMenuScript        30045310 f   cg_newDraw.obj
 0001:00044310       _ItemParse_isSaber         30045310 f   ui_shared.obj
 0001:00044310       _ItemParse_isSaber2        30045310 f   ui_shared.obj
 0001:000445d0       _CG_GetLocationString      300455d0 f   cg_main.obj
 0001:00044600       _CG_GetStringEdString      30045600 f   cg_main.obj
 0001:000446b0       _CG_Init                   300456b0 f   cg_main.obj
 0001:000457e0       _CG_LastAttacker           300467e0 f   cg_main.obj
 0001:00045800       _CG_LoadMenus              30046800 f   cg_main.obj
 0001:00045a50       _CG_NewString              30046a50 f   cg_main.obj
 0001:00045b10       _CG_NextForcePower_f       30046b10 f   cg_main.obj
 0001:00045c70       _CG_NextInventory_f        30046c70 f   cg_main.obj
 0001:00045d20       _CG_NoUseableForce         30046d20 f   cg_main.obj
 0001:00045e50       _CG_ParseSiegeState        30046e50 f   cg_main.obj
 0001:00045f10       _CG_ParseSpawnVars         30046f10 f   cg_main.obj
 0001:000460f0       _CG_ParseWeatherEffect     300470f0 f   cg_main.obj
 0001:00046130       _CG_PrevForcePower_f       30047130 f   cg_main.obj
 0001:00046290       _CG_PrevInventory_f        30047290 f   cg_main.obj
 0001:00046340       _CG_Printf                 30047340 f   cg_main.obj
 0001:00046390       _CG_RegisterCvars          30047390 f   cg_main.obj
 0001:00048c80       _CG_SetScoreSelection      30049c80 f   cg_main.obj
 0001:00048d40       _CG_SiegeCountCvars        30049d40 f   cg_main.obj
 0001:00048f80       _CG_SpawnCGameEntFromVars  30049f80 f   cg_main.obj
 0001:00049140       _CG_StartMusic             3004a140 f   cg_main.obj
 0001:00049240       _CG_Text_PaintWithCursor   3004a240 f   cg_main.obj
 0001:00049290       _CG_UpdateCvars            3004a290 f   cg_main.obj
 0001:00049390       _Com_Error                 3004a390 f   cg_main.obj
 0001:000493e0       _Com_Printf                3004a3e0 f   cg_main.obj
 0001:00049430       _vmMain                    3004a430 f   cg_main.obj
 0001:00049e90       _CG_AddMarks               3004ae90 f   cg_marks.obj
 0001:0004a020       _CG_AddParticleToScene     3004b020 f   cg_marks.obj
 0001:0004bc10       _CG_AddParticles           3004cc10 f   cg_marks.obj
 0001:0004bff0       _CG_AllocMark              3004cff0 f   cg_marks.obj
 0001:0004c080       _CG_ClearParticles         3004d080 f   cg_marks.obj
 0001:0004c110       _CG_ImpactMark             3004d110 f   cg_marks.obj
 0001:0004c600       _CG_InitMarkPolys          3004d600 f   cg_marks.obj
 0001:0004c660       _CG_EventHandling          3004d660 f   cg_newDraw.obj
 0001:0004c690       _CG_GameTypeString         3004d690 f   cg_newDraw.obj
 0001:0004c700       _CG_GetGameStatusText      3004d700 f   cg_newDraw.obj
 0001:0004c810       _CG_GetKillerText          3004d810 f   cg_newDraw.obj
 0001:0004c850       _CG_GetSelectedPlayer      3004d850 f   cg_newDraw.obj
 0001:0004c870       _CG_GetTeamColor           3004d870 f   cg_newDraw.obj
 0001:0004c8e0       _CG_GetValue               3004d8e0 f   cg_newDraw.obj
 0001:0004ca50       _CG_KeyEvent               3004da50 f   cg_newDraw.obj
 0001:0004cb00       _CG_MouseEvent             3004db00 f   cg_newDraw.obj
 0001:0004cbf0       _CG_OtherTeamHasFlag       3004dbf0 f   cg_newDraw.obj
 0001:0004cc30       _CG_OwnerDrawVisible       3004dc30 f   cg_newDraw.obj
 0001:0004cde0       _CG_StatusHandle           3004dde0 f   cg_newDraw.obj
 0001:0004ce40       _CG_YourTeamHasFlag        3004de40 f   cg_newDraw.obj
 0001:0004ce80       _ApplyAxisRotation         3004de80 f   cg_players.obj
 0001:0004d3b0       _CG_ActualLoadDeferredPlayers 3004e3b0 f   cg_players.obj
 0001:0004d750       _CG_AddGhoul2Mark          3004e750 f   cg_players.obj
 0001:0004d910       _CG_AddRefEntityWithPowerups 3004e910 f   cg_players.obj
 0001:0004d990       _CG_AddSaberBlade          3004e990 f   cg_players.obj
 0001:0004f920       _CG_CacheG2AnimInfo        30050920 f   cg_players.obj
 0001:0004faf0       _CG_CheckThirdPersonAlpha  30050af0 f   cg_players.obj
 0001:0004fd80       _CG_CleanJetpack2Ghoul2    30050d80 f   cg_players.obj
 0001:0004fdb0       _CG_CleanJetpack3Ghoul2    30050db0 f   cg_players.obj
 0001:0004fde0       _CG_CleanJetpack4Ghoul2    30050de0 f   cg_players.obj
 0001:0004fe10       _CG_CleanJetpack5Ghoul2    30050e10 f   cg_players.obj
 0001:0004fe40       _CG_CleanJetpack6Ghoul2    30050e40 f   cg_players.obj
 0001:0004fe70       _CG_CleanJetpackGhoul2     30050e70 f   cg_players.obj
 0001:000501a0       _CG_CreateNPCClient        300511a0 f   cg_players.obj
 0001:000501c0       _CG_CreateSaberMarks       300511c0 f   cg_players.obj
 0001:00050d50       _CG_CustomSound            30051d50 f   cg_players.obj
 0001:000510b0       _CG_DestroyNPCClient       300520b0 f   cg_players.obj
 0001:000510d0       _CG_DoEp1Saber             300520d0 f   cg_players.obj
 0001:00052840       _CG_DoEp2Saber             30053840 f   cg_players.obj
 0001:00054140       _CG_DoEp3Saber             30055140 f   cg_players.obj
 0001:000559f0       _CG_DoOTSaber              300569f0 f   cg_players.obj
 0001:00057180       _CG_DoSFXSaber             30058180 f   cg_players.obj
 0001:00058890       _CG_DoSaber                30059890 f   cg_players.obj
 0001:00058e60       _CG_DoSaberLight           30059e60 f   cg_players.obj
 0001:00059290       _CG_DrawPlayerSphere       3005a290 f   cg_players.obj
 0001:0005ac60       _CG_G2AnimEntModelLoad     3005bc60 f   cg_players.obj
 0001:0005b3e0       _CG_G2Animated             3005c3e0 f   cg_players.obj
 0001:0005bb70       _CG_G2PlayerHeadAnims      3005cb70 f   cg_players.obj
 0001:0005bf60       _CG_G2ServerBoneAngles     3005cf60 f   cg_players.obj
 0001:0005c1a0       _CG_G2SkelForModel         3005d1a0 f   cg_players.obj
 0001:0005c210       _CG_G2TraceCollide         3005d210 f   cg_players.obj
 0001:0005c3d0       _CG_HandleAppendedSkin     3005d3d0 f   cg_players.obj
 0001:0005c490       _CG_HolsteredWeaponRender  3005d490 f   cg_players.obj
 0001:0005ca80       _CG_InitJetpack2Ghoul2     3005da80 f   cg_players.obj
 0001:0005cae0       _CG_InitJetpack3Ghoul2     3005dae0 f   cg_players.obj
 0001:0005cb40       _CG_InitJetpack4Ghoul2     3005db40 f   cg_players.obj
 0001:0005cba0       _CG_InitJetpack5Ghoul2     3005dba0 f   cg_players.obj
 0001:0005cc00       _CG_InitJetpack6Ghoul2     3005dc00 f   cg_players.obj
 0001:0005cc60       _CG_InitJetpackGhoul2      3005dc60 f   cg_players.obj
 0001:0005ccc0       _CG_IsMindTricked          3005dcc0 f   cg_players.obj
 0001:0005cd30       _CG_LoadCISounds           3005dd30 f   cg_players.obj
 0001:0005d140       _CG_LoadClientInfo         3005e140 f   cg_players.obj
 0001:0005d480       _CG_LoadDeferredPlayers    3005e480 f   cg_players.obj
 0001:0005d490       _CG_NewClientInfo          3005e490 f   cg_players.obj
 0001:0005e310       _CG_ParseAnimationEvtFile  3005f310 f   cg_players.obj
 0001:0005e690       _CG_ParseScriptedSaber     3005f690 f   cg_players.obj
 0001:0005e7b0       _CG_ParseSurfsFile         3005f7b0 f   cg_players.obj
 0001:0005e970       _CG_Player                 3005f970 f   cg_players.obj
 0001:00066550       _CG_PlayerAmbientEvents    30067550 f   cg_players.obj
 0001:000666e0       _CG_PlayerAnimEventDo      300676e0 f   cg_players.obj
 0001:00066c00       _CG_PlayerAnimEvents       30067c00 f   cg_players.obj
 0001:000674c0       _CG_PlayerShieldHit        300684c0 f   cg_players.obj
 0001:000677b0       _CG_RadiusForCent          300687b0 f   cg_players.obj
 0001:00067830       _CG_RagDoll                30068830 f   cg_players.obj
 0001:00069180       _CG_ResetPlayerEntity      3006a180 f   cg_players.obj
 0001:00069950       _CG_SaberCompWork          3006a950 f   cg_players.obj
 0001:0006a690       _CG_ThereIsAMaster         3006b690 f   cg_players.obj
 0001:0006af70       _CG_VehicleShouldDrawShields 3006bf70 f   cg_players.obj
 0001:0006afb0       _CG_VisualWeaponsUpdate    3006bfb0 f   cg_players.obj
 0001:0006c070       _FindGender                3006d070 f   cg_players.obj
 0001:0006c160       _ParseAnimationEvtBlock    3006d160 f   cg_players.obj
 0001:0006ca70       _ParseRGBSaber             3006da70 f   cg_players.obj
 0001:0006cac0       _RGB_AdjustPimpSaberColor  3006dac0 f   cg_players.obj
 0001:0006cc50       _RGB_AdjustSciptedSaberColor 3006dc50 f   cg_players.obj
 0001:0006cdb0       _RGB_RandomRGB             3006ddb0 f   cg_players.obj
 0001:0006ce10       _SmoothTrueView            3006de10 f   cg_players.obj
 0001:0006daf0       _CG_CheckLocalSounds       3006eaf0 f   cg_playerstate.obj
 0001:0006dcd0       _CG_DamageFeedback         3006ecd0 f   cg_playerstate.obj
 0001:0006e000       _CG_Respawn                3006f000 f   cg_playerstate.obj
 0001:0006e040       _CG_TransitionPlayerState  3006f040 f   cg_playerstate.obj
 0001:0006e260       _CG_BuildSolidList         3006f260 f   cg_predict.obj
 0001:0006e890       _CG_G2Trace                3006f890 f   cg_predict.obj
 0001:0006ec80       _CG_PmoveClientPointerUpdate 3006fc80 f   cg_predict.obj
 0001:0006ed10       _CG_PointContents          3006fd10 f   cg_predict.obj
 0001:0006ed90       _CG_PredictPlayerState     3006fd90 f   cg_predict.obj
 0001:00070210       _CG_Trace                  30071210 f   cg_predict.obj
 0001:000702a0       _CG_UsingEWeb              300712a0 f   cg_predict.obj
 0001:00070370       _CG_AdjustEyePos           30071370 f   cg_saga.obj
 0001:000703e0       _CG_InitSiegeMode          300713e0 f   cg_saga.obj
 0001:00070aa0       _CG_ParseSiegeExtendedData 30071aa0 f   cg_saga.obj
 0001:00070c30       _CG_ParseSiegeObjectiveStatus 30071c30 f   cg_saga.obj
 0001:00070ec0       _CG_PrecachePlayersForSiegeTeam 30071ec0 f   cg_saga.obj
 0001:00070fe0       _CG_PrecacheSiegeObjectiveAssetsForTeam 30071fe0 f   cg_saga.obj
 0001:00071190       _CG_SetSiegeTimerCvar      30072190 f   cg_saga.obj
 0001:00071200       _CG_SiegeBriefingDisplay   30072200 f   cg_saga.obj
 0001:00071630       _CG_SiegeGetObjectiveDescription 30072630 f   cg_saga.obj
 0001:000716d0       _CG_SiegeGetObjectiveFinal 300726d0 f   cg_saga.obj
 0001:00071780       _CG_SiegeObjectiveCompleted 30072780 f   cg_saga.obj
 0001:00071910       _CG_SiegeRoundOver         30072910 f   cg_saga.obj
 0001:00071a60       _CG_TrueViewInit           30072a60 f   cg_saga.obj
 0001:00071af0       _siege_Cvar_Set            30072af0 f   cg_saga.obj
 0001:00071c20       _siege_Cvar_VariableStringBuffer 30072c20 f   cg_saga.obj
 0001:00071ce0       _siegecvarlist             30072ce0 f   cg_saga.obj
 0001:000723a0       _CG_DrawOldScoreboard      300733a0 f   cg_scoreboard.obj
 0001:00072ca0       _CG_GetClassCount          30073ca0 f   cg_scoreboard.obj
 0001:00072d00       _CG_GetTeamCount           30073d00 f   cg_scoreboard.obj
 0001:00072d60       _CG_GetTeamNonScoreCount   30073d60 f   cg_scoreboard.obj
 0001:000730c0       _CG_CheckSVStringEdRef     300740c0 f   cg_servercmds.obj
 0001:00073a90       _CG_ExecuteNewServerCommands 30074a90 f   cg_servercmds.obj
 0001:00073ad0       _CG_HandleNPCSounds        30074ad0 f   cg_servercmds.obj
 0001:00073f80       _CG_KillCEntityG2          30074f80 f   cg_servercmds.obj
 0001:00074110       _CG_KillCEntityInstances   30075110 f   cg_servercmds.obj
 0001:00074570       _CG_ParseServerinfo        30075570 f   cg_servercmds.obj
 0001:00074970       _CG_PrecacheNPCSounds      30075970 f   cg_servercmds.obj
 0001:00075ae0       _CG_SetConfigValues        30076ae0 f   cg_servercmds.obj
 0001:00075c10       _CG_ShaderStateChanged     30076c10 f   cg_servercmds.obj
 0001:00075d80       _CG_ProcessSnapshots       30076d80 f   cg_snapshot.obj
 0001:00076460       _strap_G2API_AnimateG2Models 30077460 f   cg_strap.obj
 0001:00076470       _strap_G2API_GetBoltMatrix 30077470 f   cg_strap.obj
 0001:00076480       _strap_G2API_GetBoltMatrix_NoRecNoRot 30077480 f   cg_strap.obj
 0001:00076490       _strap_G2API_GetBoneAnim   30077490 f   cg_strap.obj
 0001:000764a0       _strap_G2API_IKMove        300774a0 f   cg_strap.obj
 0001:000764b0       _strap_G2API_SetBoneAngles 300774b0 f   cg_strap.obj
 0001:000764c0       _strap_G2API_SetBoneAnim   300774c0 f   cg_strap.obj
 0001:00076500       _strap_G2API_SetBoneIKState 30077500 f   cg_strap.obj
 0001:00076510       _dllEntry                  30077510 f   cg_syscalls.obj
 0001:00076520       _trap_AS_AddPrecacheEntry  30077520 f   cg_syscalls.obj
 0001:00076540       _trap_AS_GetBModelSound    30077540 f   cg_syscalls.obj
 0001:00076560       _trap_AS_ParseSets         30077560 f   cg_syscalls.obj
 0001:00076570       _trap_AddCommand           30077570 f   cg_syscalls.obj
 0001:00076590       _trap_AnyLanguage_ReadCharFromString 30077590 f   cg_syscalls.obj
 0001:000765b0       _trap_Argc                 300775b0 f   cg_syscalls.obj
 0001:000765c0       _trap_Args                 300775c0 f   cg_syscalls.obj
 0001:000765e0       _trap_Argv                 300775e0 f   cg_syscalls.obj
 0001:00076600       _trap_CG_RegisterSharedMemory 30077600 f   cg_syscalls.obj
 0001:00076620       _trap_CIN_DrawCinematic    30077620 f   cg_syscalls.obj
 0001:00076640       _trap_CIN_PlayCinematic    30077640 f   cg_syscalls.obj
 0001:00076670       _trap_CIN_RunCinematic     30077670 f   cg_syscalls.obj
 0001:00076690       _trap_CIN_SetExtents       30077690 f   cg_syscalls.obj
 0001:000766c0       _trap_CIN_StopCinematic    300776c0 f   cg_syscalls.obj
 0001:000766e0       _trap_CM_BoxTrace          300776e0 f   cg_syscalls.obj
 0001:00076710       _trap_CM_InlineModel       30077710 f   cg_syscalls.obj
 0001:00076730       _trap_CM_LoadMap           30077730 f   cg_syscalls.obj
 0001:00076750       _trap_CM_MarkFragments     30077750 f   cg_syscalls.obj
 0001:00076780       _trap_CM_NumInlineModels   30077780 f   cg_syscalls.obj
 0001:00076790       _trap_CM_PointContents     30077790 f   cg_syscalls.obj
 0001:000767b0       _trap_CM_TempBoxModel      300777b0 f   cg_syscalls.obj
 0001:000767d0       _trap_CM_TransformedBoxTrace 300777d0 f   cg_syscalls.obj
 0001:00076800       _trap_CM_TransformedPointContents 30077800 f   cg_syscalls.obj
 0001:00076820       _trap_Cvar_Register        30077820 f   cg_syscalls.obj
 0001:00076840       _trap_Cvar_Set             30077840 f   cg_syscalls.obj
 0001:00076860       _trap_Cvar_Update          30077860 f   cg_syscalls.obj
 0001:00076880       _trap_Cvar_VariableStringBuffer 30077880 f   cg_syscalls.obj
 0001:000768a0       _trap_Error                300778a0 f   cg_syscalls.obj
 0001:000768c0       _trap_FS_FCloseFile        300778c0 f   cg_syscalls.obj
 0001:000768e0       _trap_FS_FOpenFile         300778e0 f   cg_syscalls.obj
 0001:00076900       _trap_FS_GetFileList       30077900 f   cg_syscalls.obj
 0001:00076920       _trap_FS_Read              30077920 f   cg_syscalls.obj
 0001:00076940       _trap_FX_AddBezier         30077940 f   cg_syscalls.obj
 0001:00076960       _trap_FX_AddElectricity    30077960 f   cg_syscalls.obj
 0001:00076980       _trap_FX_AddLine           30077980 f   cg_syscalls.obj
 0001:00076a10       _trap_FX_AddPoly           30077a10 f   cg_syscalls.obj
 0001:00076a30       _trap_FX_AddPrimitive      30077a30 f   cg_syscalls.obj
 0001:00076a50       _trap_FX_AddScheduledEffects 30077a50 f   cg_syscalls.obj
 0001:00076a70       _trap_FX_AddSprite         30077a70 f   cg_syscalls.obj
 0001:00076a90       _trap_FX_AdjustTime        30077a90 f   cg_syscalls.obj
 0001:00076ab0       _trap_FX_FreeSystem        30077ab0 f   cg_syscalls.obj
 0001:00076ac0       _trap_FX_InitSystem        30077ac0 f   cg_syscalls.obj
 0001:00076ae0       _trap_FX_PlayBoltedEffectID 30077ae0 f   cg_syscalls.obj
 0001:00076b10       _trap_FX_PlayEffectID      30077b10 f   cg_syscalls.obj
 0001:00076b40       _trap_FX_PlayEntityEffectID 30077b40 f   cg_syscalls.obj
 0001:00076b70       _trap_FX_PlayPortalEffectID 30077b70 f   cg_syscalls.obj
 0001:00076b90       _trap_FX_RegisterEffect    30077b90 f   cg_syscalls.obj
 0001:00076bb0       _trap_G2API_AbsurdSmoothing 30077bb0 f   cg_syscalls.obj
 0001:00076bd0       _trap_G2API_AddBolt        30077bd0 f   cg_syscalls.obj
 0001:00076bf0       _trap_G2API_AddSkinGore    30077bf0 f   cg_syscalls.obj
 0001:00076c10       _trap_G2API_AnimateG2Models 30077c10 f   cg_syscalls.obj
 0001:00076c30       _trap_G2API_AttachInstanceToEntNum 30077c30 f   cg_syscalls.obj
 0001:00076c50       _trap_G2API_CleanGhoul2Models 30077c50 f   cg_syscalls.obj
 0001:00076c70       _trap_G2API_ClearAttachedInstance 30077c70 f   cg_syscalls.obj
 0001:00076c90       _trap_G2API_ClearSkinGore  30077c90 f   cg_syscalls.obj
 0001:00076cb0       _trap_G2API_CollisionDetect 30077cb0 f   cg_syscalls.obj
 0001:00076d00       _trap_G2API_CollisionDetectCache 30077d00 f   cg_syscalls.obj
 0001:00076d50       _trap_G2API_CopySpecificGhoul2Model 30077d50 f   cg_syscalls.obj
 0001:00076d70       _trap_G2API_DuplicateGhoul2Instance 30077d70 f   cg_syscalls.obj
 0001:00076d90       _trap_G2API_GetBoltMatrix  30077d90 f   cg_syscalls.obj
 0001:00076dc0       _trap_G2API_GetBoltMatrix_NoRecNoRot 30077dc0 f   cg_syscalls.obj
 0001:00076df0       _trap_G2API_GetBoneAnim    30077df0 f   cg_syscalls.obj
 0001:00076e30       _trap_G2API_GetBoneFrame   30077e30 f   cg_syscalls.obj
 0001:00076e60       _trap_G2API_GetGLAName     30077e60 f   cg_syscalls.obj
 0001:00076e80       _trap_G2API_GetNumGoreMarks 30077e80 f   cg_syscalls.obj
 0001:00076ea0       _trap_G2API_GetSurfaceRenderStatus 30077ea0 f   cg_syscalls.obj
 0001:00076ec0       _trap_G2API_HasGhoul2ModelOnIndex 30077ec0 f   cg_syscalls.obj
 0001:00076ee0       _trap_G2API_IKMove         30077ee0 f   cg_syscalls.obj
 0001:00076f00       _trap_G2API_InitGhoul2Model 30077f00 f   cg_syscalls.obj
 0001:00076f30       _trap_G2API_RagEffectorGoal 30077f30 f   cg_syscalls.obj
 0001:00076f50       _trap_G2API_RagEffectorKick 30077f50 f   cg_syscalls.obj
 0001:00076f70       _trap_G2API_RagForceSolve  30077f70 f   cg_syscalls.obj
 0001:00076f90       _trap_G2API_RagPCJConstraint 30077f90 f   cg_syscalls.obj
 0001:00076fb0       _trap_G2API_RagPCJGradientSpeed 30077fb0 f   cg_syscalls.obj
 0001:00076fe0       _trap_G2API_RemoveGhoul2Model 30077fe0 f   cg_syscalls.obj
 0001:00077000       _trap_G2API_SetBoltInfo    30078000 f   cg_syscalls.obj
 0001:00077020       _trap_G2API_SetBoneAngles  30078020 f   cg_syscalls.obj
 0001:00077060       _trap_G2API_SetBoneAnim    30078060 f   cg_syscalls.obj
 0001:000770b0       _trap_G2API_SetBoneIKState 300780b0 f   cg_syscalls.obj
 0001:000770e0       _trap_G2API_SetNewOrigin   300780e0 f   cg_syscalls.obj
 0001:00077100       _trap_G2API_SetRagDoll     30078100 f   cg_syscalls.obj
 0001:00077120       _trap_G2API_SetRootSurface 30078120 f   cg_syscalls.obj
 0001:00077140       _trap_G2API_SetSkin        30078140 f   cg_syscalls.obj
 0001:00077160       _trap_G2API_SetSurfaceOnOff 30078160 f   cg_syscalls.obj
 0001:00077180       _trap_G2API_SkinlessModel  30078180 f   cg_syscalls.obj
 0001:000771a0       _trap_G2_HaveWeGhoul2Models 300781a0 f   cg_syscalls.obj
 0001:000771c0       _trap_GetCurrentCmdNumber  300781c0 f   cg_syscalls.obj
 0001:000771d0       _trap_GetCurrentSnapshotNumber 300781d0 f   cg_syscalls.obj
 0001:000771f0       _trap_GetDefaultState      300781f0 f   cg_syscalls.obj
 0001:00077210       _trap_GetEntityToken       30078210 f   cg_syscalls.obj
 0001:00077230       _trap_GetGameState         30078230 f   cg_syscalls.obj
 0001:00077250       _trap_GetGlconfig          30078250 f   cg_syscalls.obj
 0001:00077270       _trap_GetServerCommand     30078270 f   cg_syscalls.obj
 0001:00077290       _trap_GetSnapshot          30078290 f   cg_syscalls.obj
 0001:000772b0       _trap_GetUserCmd           300782b0 f   cg_syscalls.obj
 0001:000772d0       _trap_Key_GetCatcher       300782d0 f   cg_syscalls.obj
 0001:000772e0       _trap_Key_SetCatcher       300782e0 f   cg_syscalls.obj
 0001:00077300       _trap_Language_IsAsian     30078300 f   cg_syscalls.obj
 0001:00077310       _trap_Language_UsesSpaces  30078310 f   cg_syscalls.obj
 0001:00077320       _trap_Milliseconds         30078320 f   cg_syscalls.obj
 0001:00077330       _trap_OpenUIMenu           30078330 f   cg_syscalls.obj
 0001:00077350       _trap_PC_FreeSource        30078350 f   cg_syscalls.obj
 0001:00077370       _trap_PC_LoadSource        30078370 f   cg_syscalls.obj
 0001:00077390       _trap_PC_ReadToken         30078390 f   cg_syscalls.obj
 0001:000773b0       _trap_PC_SourceFileAndLine 300783b0 f   cg_syscalls.obj
 0001:000773d0       _trap_Print                300783d0 f   cg_syscalls.obj
 0001:000773f0       _trap_ROFF_Clean           300783f0 f   cg_syscalls.obj
 0001:00077400       _trap_ROFF_Play            30078400 f   cg_syscalls.obj
 0001:00077420       _trap_ROFF_UpdateEntities  30078420 f   cg_syscalls.obj
 0001:00077430       _trap_R_AddDecalToScene    30078430 f   cg_syscalls.obj
 0001:000774a0       _trap_R_AddLightToScene    300784a0 f   cg_syscalls.obj
 0001:000774f0       _trap_R_AddPolyToScene     300784f0 f   cg_syscalls.obj
 0001:00077510       _trap_R_AddRefEntityToScene 30078510 f   cg_syscalls.obj
 0001:00077530       _trap_R_AutomapElevAdj     30078530 f   cg_syscalls.obj
 0001:00077550       _trap_R_ClearDecals        30078550 f   cg_syscalls.obj
 0001:00077560       _trap_R_ClearScene         30078560 f   cg_syscalls.obj
 0001:00077570       _trap_R_DrawRotatePic      30078570 f   cg_syscalls.obj
 0001:00077600       _trap_R_DrawRotatePic2     30078600 f   cg_syscalls.obj
 0001:00077690       _trap_R_DrawStretchPic     30078690 f   cg_syscalls.obj
 0001:00077710       _trap_R_Font_DrawString    30078710 f   cg_syscalls.obj
 0001:00077740       _trap_R_Font_HeightPixels  30078740 f   cg_syscalls.obj
 0001:00077760       _trap_R_Font_StrLenChars   30078760 f   cg_syscalls.obj
 0001:00077780       _trap_R_Font_StrLenPixels  30078780 f   cg_syscalls.obj
 0001:000777c0       _trap_R_GetBModelVerts     300787c0 f   cg_syscalls.obj
 0001:000777e0       _trap_R_GetDistanceCull    300787e0 f   cg_syscalls.obj
 0001:00077800       _trap_R_GetRealRes         30078800 f   cg_syscalls.obj
 0001:00077820       _trap_R_InitWireframeAutomap 30078820 f   cg_syscalls.obj
 0001:00077830       _trap_R_LerpTag            30078830 f   cg_syscalls.obj
 0001:00077860       _trap_R_LoadWorldMap       30078860 f   cg_syscalls.obj
 0001:00077880       _trap_R_ModelBounds        30078880 f   cg_syscalls.obj
 0001:000778a0       _trap_R_RegisterFont       300788a0 f   cg_syscalls.obj
 0001:000778c0       _trap_R_RegisterModel      300788c0 f   cg_syscalls.obj
 0001:000778e0       _trap_R_RegisterShader     300788e0 f   cg_syscalls.obj
 0001:00077900       _trap_R_RegisterShaderNoMip 30078900 f   cg_syscalls.obj
 0001:00077920       _trap_R_RegisterSkin       30078920 f   cg_syscalls.obj
 0001:00077940       _trap_R_RemapShader        30078940 f   cg_syscalls.obj
 0001:00077960       _trap_R_RenderScene        30078960 f   cg_syscalls.obj
 0001:00077980       _trap_R_SetColor           30078980 f   cg_syscalls.obj
 0001:000779a0       _trap_R_SetLightStyle      300789a0 f   cg_syscalls.obj
 0001:000779c0       _trap_R_SetRangeFog        300789c0 f   cg_syscalls.obj
 0001:000779e0       _trap_R_SetRefractProp     300789e0 f   cg_syscalls.obj
 0001:00077a20       _trap_R_WeatherContentsOverride 30078a20 f   cg_syscalls.obj
 0001:00077a40       _trap_R_WorldEffectCommand 30078a40 f   cg_syscalls.obj
 0001:00077a60       _trap_R_inPVS              30078a60 f   cg_syscalls.obj
 0001:00077a80       _trap_SP_GetStringTextString 30078a80 f   cg_syscalls.obj
 0001:00077aa0       _trap_S_AddLocalSet        30078aa0 f   cg_syscalls.obj
 0001:00077ac0       _trap_S_AddLoopingSound    30078ac0 f   cg_syscalls.obj
 0001:00077ae0       _trap_S_AddRealLoopingSound 30078ae0 f   cg_syscalls.obj
 0001:00077b00       _trap_S_ClearLoopingSounds 30078b00 f   cg_syscalls.obj
 0001:00077b10       _trap_S_GetVoiceVolume     30078b10 f   cg_syscalls.obj
 0001:00077b30       _trap_S_MuteSound          30078b30 f   cg_syscalls.obj
 0001:00077b50       _trap_S_RegisterSound      30078b50 f   cg_syscalls.obj
 0001:00077b70       _trap_S_Respatialize       30078b70 f   cg_syscalls.obj
 0001:00077b90       _trap_S_ShutUp             30078b90 f   cg_syscalls.obj
 0001:00077bb0       _trap_S_StartBackgroundTrack 30078bb0 f   cg_syscalls.obj
 0001:00077bd0       _trap_S_StartLocalSound    30078bd0 f   cg_syscalls.obj
 0001:00077bf0       _trap_S_StartSound         30078bf0 f   cg_syscalls.obj
 0001:00077c10       _trap_S_StopBackgroundTrack 30078c10 f   cg_syscalls.obj
 0001:00077c20       _trap_S_UpdateAmbientSet   30078c20 f   cg_syscalls.obj
 0001:00077c40       _trap_S_UpdateEntityPosition 30078c40 f   cg_syscalls.obj
 0001:00077c60       _trap_SendClientCommand    30078c60 f   cg_syscalls.obj
 0001:00077c80       _trap_SendConsoleCommand   30078c80 f   cg_syscalls.obj
 0001:00077ca0       _trap_SetClientForceAngle  30078ca0 f   cg_syscalls.obj
 0001:00077cc0       _trap_SetUserCmdValue      30078cc0 f   cg_syscalls.obj
 0001:00077d20       _trap_SnapVector           30078d20 f   cg_syscalls.obj
 0001:00077d40       _trap_TrueFree             30078d40 f   cg_syscalls.obj
 0001:00077d60       _trap_TrueMalloc           30078d60 f   cg_syscalls.obj
 0001:00077d80       _trap_UpdateScreen         30078d80 f   cg_syscalls.obj
 0001:00077d90       _trap_WE_AddWeatherZone    30078d90 f   cg_syscalls.obj
 0001:00077db0       _CreepToPosition           30078db0 f   cg_turret.obj
 0001:00077f30       _TurretClientRun           30078f30 f   cg_turret.obj
 0001:000782c0       _CGCam_SetMusicMult        300792c0 f   cg_view.obj
 0001:00078300       _CG_AddBufferedSound       30079300 f   cg_view.obj
 0001:00078470       _CG_CalcFOVFromX           30079470 f   cg_view.obj
 0001:00079150       _CG_CalcVrect              3007a150 f   cg_view.obj
 0001:00079220       _CG_DoCameraShake          3007a220 f   cg_view.obj
 0001:000792b0       _CG_DrawActiveFrame        3007a2b0 f   cg_view.obj
 0001:00079f50       _CG_DrawAutoMap            3007af50 f   cg_view.obj
 0001:0007a4d0       _CG_DrawSkyBoxPortal       3007b4d0 f   cg_view.obj
 0001:0007a940       _CG_GetVehicleCamPos       3007b940 f   cg_view.obj
 0001:0007b740       _CG_TestGun_f              3007c740 f   cg_view.obj
 0001:0007b890       _CG_TestModelNextFrame_f   3007c890 f   cg_view.obj
 0001:0007b8b0       _CG_TestModelNextSkin_f    3007c8b0 f   cg_view.obj
 0001:0007b8d0       _CG_TestModelPrevFrame_f   3007c8d0 f   cg_view.obj
 0001:0007b910       _CG_TestModelPrevSkin_f    3007c910 f   cg_view.obj
 0001:0007b950       _CG_TestModel_f            3007c950 f   cg_view.obj
 0001:0007c1b0       _CheckCameraLocation       3007d1b0 f   cg_view.obj
 0001:0007c230       _CG_RegisterWeapon         3007d230 f   cg_weaponinit.obj
 0001:0007e2c0       _CG_AddPlayerWeapon        3007f2c0 f   cg_weapons.obj
 0001:0007f5e0       _CG_AddViewWeapon          300805e0 f   cg_weapons.obj
 0001:0007fb60       _CG_CalcMuzzlePoint        30080b60 f   cg_weapons.obj
 0001:000800d0       _CG_CheckPlayerG2Weapons   300810d0 f   cg_weapons.obj
 0001:000803c0       _CG_CopyG2WeaponInstance   300813c0 f   cg_weapons.obj
 0001:00080540       _CG_DrawIconBackground     30081540 f   cg_weapons.obj
 0001:00080690       _CG_DrawWeaponSelect       30081690 f   cg_weapons.obj
 0001:00080b80       _CG_FireWeapon             30081b80 f   cg_weapons.obj
 0001:00080e50       _CG_G2HolsterWeaponInstance 30081e50 f   cg_weapons.obj
 0001:00080ec0       _CG_G2WeaponInstance       30081ec0 f   cg_weapons.obj
 0001:00080f50       _CG_G2WeaponInstance2      30081f50 f   cg_weapons.obj
 0001:00080fe0       _CG_GetClientWeaponMuzzleBoltPoint 30081fe0 f   cg_weapons.obj
 0001:00081090       _CG_InitG2Weapons          30082090 f   cg_weapons.obj
 0001:000818b0       _CG_MissileHitPlayer       300828b0 f   cg_weapons.obj
 0001:00081a90       _CG_MissileHitPlayer2      30082a90 f   cg_weapons.obj
 0001:00081c70       _CG_MissileHitPlayer3      30082c70 f   cg_weapons.obj
 0001:00081e50       _CG_MissileHitPlayer4      30082e50 f   cg_weapons.obj
 0001:00082030       _CG_MissileHitWall         30083030 f   cg_weapons.obj
 0001:00082230       _CG_MissileHitWall2        30083230 f   cg_weapons.obj
 0001:00082410       _CG_MissileHitWall3        30083410 f   cg_weapons.obj
 0001:00082610       _CG_MissileHitWall4        30083610 f   cg_weapons.obj
 0001:000827f0       _CG_NextWeapon_f           300837f0 f   cg_weapons.obj
 0001:00082910       _CG_PrevWeapon_f           30083910 f   cg_weapons.obj
 0001:000829f0       _CG_RegisterItemVisuals    300839f0 f   cg_weapons.obj
 0001:00082b90       _CG_ShutDownG2Weapons      30083b90 f   cg_weapons.obj
 0001:00082c10       _CG_VehicleWeaponImpact    30083c10 f   cg_weapons.obj
 0001:00082c80       _CG_WeaponClean_f          30083c80 f   cg_weapons.obj
 0001:00082e40       _CG_Weapon_f               30083e40 f   cg_weapons.obj
 0001:00083000       _BG_FighterUpdate          30084000 f   FighterNPC.obj
 0001:00083350       _FighterIsLanding          30084350 f   FighterNPC.obj
 0001:00083490       _FighterOverValidLandingSurface 30084490 f   FighterNPC.obj
 0001:000834d0       _FighterYawAdjust          300844d0 f   FighterNPC.obj
 0001:000835a0       _G_SetFighterVehicleFunctions 300845a0 f   FighterNPC.obj
 0001:00084b60       _FX_BlasterProjectileThink 30085b60 f   fx_blaster.obj
 0001:00084b60       _FX_BowcasterAltProjectileThink2 30085b60 f   fx_bowcaster.obj
 0001:00084b60       _FX_BowcasterProjectileThink2 30085b60 f   fx_bowcaster.obj
 0001:00084b60       _FX_BryarOldProjectileThink4 30085b60 f   fx_bryarpistol.obj
 0001:00084b60       _FX_BryarProjectileThink2  30085b60 f   fx_bryarpistol.obj
 0001:00084bc0       _FX_BlasterProjectileThink2 30085bc0 f   fx_blaster.obj
 0001:00084bc0       _FX_BowcasterAltProjectileThink 30085bc0 f   fx_bowcaster.obj
 0001:00084bc0       _FX_BowcasterProjectileThink 30085bc0 f   fx_bowcaster.obj
 0001:00084bc0       _FX_BryarOldProjectileThink 30085bc0 f   fx_bryarpistol.obj
 0001:00084c20       _FX_BlasterProjectileThink3 30085c20 f   fx_blaster.obj
 0001:00084c20       _FX_BowcasterAltProjectileThink3 30085c20 f   fx_bowcaster.obj
 0001:00084c20       _FX_BowcasterProjectileThink3 30085c20 f   fx_bowcaster.obj
 0001:00084c20       _FX_BryarProjectileThink3  30085c20 f   fx_bryarpistol.obj
 0001:00084c80       _FX_BlasterProjectileThink4 30085c80 f   fx_blaster.obj
 0001:00084c80       _FX_BryarProjectileThink   30085c80 f   fx_bryarpistol.obj
 0001:00084ce0       _FX_BlasterWeaponHitPlayer 30085ce0 f   fx_blaster.obj
 0001:00084d00       _FX_BlasterWeaponHitWall   30085d00 f   fx_blaster.obj
 0001:00084d20       _FX_BowcasterAltProjectileThink4 30085d20 f   fx_bowcaster.obj
 0001:00084d20       _FX_BowcasterProjectileThink4 30085d20 f   fx_bowcaster.obj
 0001:00084d20       _FX_BryarOldProjectileThink3 30085d20 f   fx_bryarpistol.obj
 0001:00084d80       _FX_BowcasterHitPlayer     30085d80 f   fx_bowcaster.obj
 0001:00084d80       _FX_BowcasterHitWall       30085d80 f   fx_bowcaster.obj
 0001:00084da0       _FX_BryarAltHitPlayer      30085da0 f   fx_bryarpistol.obj
 0001:00084da0       _FX_BryarHitPlayer         30085da0 f   fx_bryarpistol.obj
 0001:00084da0       _FX_TurretHitPlayer        30085da0 f   fx_bryarpistol.obj
 0001:00084dc0       _FX_BryarAltHitWall        30085dc0 f   fx_bryarpistol.obj
 0001:00084dc0       _FX_BryarHitWall           30085dc0 f   fx_bryarpistol.obj
 0001:00084dc0       _FX_TurretHitWall          30085dc0 f   fx_bryarpistol.obj
 0001:00084de0       _FX_BryarAltProjectileThink 30085de0 f   fx_bryarpistol.obj
 0001:00084e70       _FX_BryarAltProjectileThink2 30085e70 f   fx_bryarpistol.obj
 0001:00084e70       _FX_BryarOldAltProjectileThink4 30085e70 f   fx_bryarpistol.obj
 0001:00084f00       _FX_BryarAltProjectileThink3 30085f00 f   fx_bryarpistol.obj
 0001:00084f90       _FX_BryarAltProjectileThink4 30085f90 f   fx_bryarpistol.obj
 0001:00085020       _FX_BryarOldAltHitPlayer   30086020 f   fx_bryarpistol.obj
 0001:00085020       _FX_BryarOldHitPlayer      30086020 f   fx_bryarpistol.obj
 0001:00085040       _FX_BryarOldAltHitWall     30086040 f   fx_bryarpistol.obj
 0001:00085040       _FX_BryarOldHitWall        30086040 f   fx_bryarpistol.obj
 0001:00085060       _FX_BryarOldAltProjectileThink 30086060 f   fx_bryarpistol.obj
 0001:000850f0       _FX_BryarOldAltProjectileThink2 300860f0 f   fx_bryarpistol.obj
 0001:00085180       _FX_BryarOldAltProjectileThink3 30086180 f   fx_bryarpistol.obj
 0001:00085210       _FX_BryarOldProjectileThink2 30086210 f   fx_bryarpistol.obj
 0001:00085270       _FX_BryarProjectileThink4  30086270 f   fx_bryarpistol.obj
 0001:000852d0       _FX_ConcAltShot            300862d0 f   fx_bryarpistol.obj
 0001:000853b0       _FX_ConcussionHitPlayer    300863b0 f   fx_bryarpistol.obj
 0001:000853b0       _FX_ConcussionHitWall      300863b0 f   fx_bryarpistol.obj
 0001:000853d0       _FX_ConcussionHitPlayer2   300863d0 f   fx_bryarpistol.obj
 0001:000853d0       _FX_ConcussionHitPlayer3   300863d0 f   fx_bryarpistol.obj
 0001:000853d0       _FX_ConcussionHitWall2     300863d0 f   fx_bryarpistol.obj
 0001:000853d0       _FX_ConcussionHitWall3     300863d0 f   fx_bryarpistol.obj
 0001:000853d0       _FX_RepeaterAltHitWall2    300863d0 f   fx_heavyrepeater.obj
 0001:000853d0       _FX_RepeaterAltHitWall4    300863d0 f   fx_heavyrepeater.obj
 0001:000853d0       _FX_RepeaterHitWall        300863d0 f   fx_heavyrepeater.obj
 0001:000853f0       _FX_ConcussionHitPlayer4   300863f0 f   fx_bryarpistol.obj
 0001:000853f0       _FX_ConcussionHitWall4     300863f0 f   fx_bryarpistol.obj
 0001:00085410       _FX_ConcussionProjectileThink 30086410 f   fx_bryarpistol.obj
 0001:00085470       _FX_ConcussionProjectileThink2 30086470 f   fx_bryarpistol.obj
 0001:000854d0       _FX_ConcussionProjectileThink3 300864d0 f   fx_bryarpistol.obj
 0001:00085530       _FX_ConcussionProjectileThink4 30086530 f   fx_bryarpistol.obj
 0001:00085590       _FX_DestructionHitPlayer   30086590 f   fx_bryarpistol.obj
 0001:00085590       _FX_DestructionHitWall     30086590 f   fx_bryarpistol.obj
 0001:000855b0       _FX_DestructionProjectileThink 300865b0 f   fx_bryarpistol.obj
 0001:00085610       _FX_TurretProjectileThink  30086610 f   fx_bryarpistol.obj
 0001:00085670       _FX_DEMP2_AltDetonate      30086670 f   fx_demp2.obj
 0001:00085720       _FX_DEMP2_HitPlayer        30086720 f   fx_demp2.obj
 0001:00085720       _FX_DEMP2_HitPlayer3       30086720 f   fx_demp2.obj
 0001:00085740       _FX_DEMP2_HitPlayer2       30086740 f   fx_demp2.obj
 0001:00085760       _FX_DEMP2_HitPlayer4       30086760 f   fx_demp2.obj
 0001:00085780       _FX_DEMP2_HitWall          30086780 f   fx_demp2.obj
 0001:00085780       _FX_DEMP2_HitWall3         30086780 f   fx_demp2.obj
 0001:000857a0       _FX_DEMP2_HitWall2         300867a0 f   fx_demp2.obj
 0001:000857c0       _FX_DEMP2_HitWall4         300867c0 f   fx_demp2.obj
 0001:000857e0       _FX_DEMP2_ProjectileThink  300867e0 f   fx_demp2.obj
 0001:000857e0       _FX_DEMP2_ProjectileThink3 300867e0 f   fx_demp2.obj
 0001:00085840       _FX_DEMP2_ProjectileThink2 30086840 f   fx_demp2.obj
 0001:000858a0       _FX_DEMP2_ProjectileThink4 300868a0 f   fx_demp2.obj
 0001:00085900       _FX_DisruptorAltHit        30086900 f   fx_disruptor.obj
 0001:00085920       _FX_DisruptorAltMiss       30086920 f   fx_disruptor.obj
 0001:00085ae0       _FX_DisruptorAltShot       30086ae0 f   fx_disruptor.obj
 0001:00085be0       _FX_DisruptorAltShot2      30086be0 f   fx_disruptor.obj
 0001:00085ce0       _FX_DisruptorAltShot3      30086ce0 f   fx_disruptor.obj
 0001:00085de0       _FX_DisruptorAltShot4      30086de0 f   fx_disruptor.obj
 0001:00085ee0       _FX_DisruptorHitPlayer     30086ee0 f   fx_disruptor.obj
 0001:00085f00       _FX_DisruptorHitWall       30086f00 f   fx_disruptor.obj
 0001:00085f20       _FX_DisruptorMainShot      30086f20 f   fx_disruptor.obj
 0001:00085f90       _FX_DisruptorMainShot2     30086f90 f   fx_disruptor.obj
 0001:00086000       _FX_DisruptorMainShot3     30087000 f   fx_disruptor.obj
 0001:00086070       _FX_DisruptorMainShot4     30087070 f   fx_disruptor.obj
 0001:000860e0       _FX_FlechetteAltProjectileThink 300870e0 f   fx_flechette.obj
 0001:00086140       _FX_FlechetteAltProjectileThink2 30087140 f   fx_flechette.obj
 0001:00086140       _FX_FlechetteProjectileThink2 30087140 f   fx_flechette.obj
 0001:000861a0       _FX_FlechetteAltProjectileThink3 300871a0 f   fx_flechette.obj
 0001:000861a0       _FX_FlechetteProjectileThink3 300871a0 f   fx_flechette.obj
 0001:00086200       _FX_FlechetteAltProjectileThink4 30087200 f   fx_flechette.obj
 0001:00086260       _FX_FlechetteProjectileThink 30087260 f   fx_flechette.obj
 0001:00086320       _FX_FlechetteProjectileThink4 30087320 f   fx_flechette.obj
 0001:00086380       _FX_FlechetteWeaponHitPlayer 30087380 f   fx_flechette.obj
 0001:000863a0       _FX_FlechetteWeaponHitWall 300873a0 f   fx_flechette.obj
 0001:000863c0       _FX_Burned                 300873c0 f   fx_force.obj
 0001:00086430       _FX_ForceDrained           30087430 f   fx_force.obj
 0001:000864a0       _FX_ForceHealed            300874a0 f   fx_force.obj
 0001:00086510       _FX_ForceRegenerated       30087510 f   fx_force.obj
 0001:00086580       _FX_ForceSevered           30087580 f   fx_force.obj
 0001:000865f0       _FX_Frozen                 300875f0 f   fx_force.obj
 0001:00086870       _FX_RepeaterAltHitPlayer   30087870 f   fx_heavyrepeater.obj
 0001:00086870       _FX_RepeaterAltHitWall     30087870 f   fx_heavyrepeater.obj
 0001:00086890       _FX_RepeaterAltHitWall3    30087890 f   fx_heavyrepeater.obj
 0001:000868b0       _FX_RepeaterAltProjectileThink 300878b0 f   fx_heavyrepeater.obj
 0001:00086920       _FX_RepeaterAltProjectileThink2 30087920 f   fx_heavyrepeater.obj
 0001:00086990       _FX_RepeaterAltProjectileThink3 30087990 f   fx_heavyrepeater.obj
 0001:00086a00       _FX_RepeaterAltProjectileThink4 30087a00 f   fx_heavyrepeater.obj
 0001:00086a70       _FX_RepeaterHitPlayer      30087a70 f   fx_heavyrepeater.obj
 0001:00086a90       _FX_RepeaterProjectileThink 30087a90 f   fx_heavyrepeater.obj
 0001:00086af0       _FX_RepeaterProjectileThink2 30087af0 f   fx_heavyrepeater.obj
 0001:00086b50       _FX_RepeaterProjectileThink3 30087b50 f   fx_heavyrepeater.obj
 0001:00086bb0       _FX_RepeaterProjectileThink4 30087bb0 f   fx_heavyrepeater.obj
 0001:00086c10       _FX_RocketAltProjectileThink 30087c10 f   fx_rocketlauncher.obj
 0001:00086c10       _FX_RocketProjectileThink  30087c10 f   fx_rocketlauncher.obj
 0001:00086c70       _AngleDelta                30087c70 f   q_math.obj
 0001:00086cd0       _AngleMod                  30087cd0 f   q_math.obj
 0001:00086cd0       _AngleNormalize360         30087cd0 f   q_math.obj
 0001:00086d10       _AngleNormalize180         30087d10 f   q_math.obj
 0001:00086d70       _AngleSubtract             30087d70 f   q_math.obj
 0001:00086df0       _AngleVectors              30087df0 f   q_math.obj
 0001:00086fd0       _AnglesSubtract            30087fd0 f   q_math.obj
 0001:00087120       _AnglesToAxis              30088120 f   q_math.obj
 0001:00087330       _AxisClear                 30088330 f   q_math.obj
 0001:00087380       _AxisCopy                  30088380 f   q_math.obj
 0001:000873c0       _ByteToDir                 300883c0 f   q_math.obj
 0001:00087420       _G_FindClosestPointOnLineSegment 30088420 f   q_math.obj
 0001:00087950       _JKA_powf                  30088950 f   q_math.obj
 0001:000879c0       _LerpAngle                 300889c0 f   q_math.obj
 0001:00087a20       _MatrixMultiply            30088a20 f   q_math.obj
 0001:00087bb0       _PerpendicularVector       30088bb0 f   q_math.obj
 0001:00087d80       _Q_fabs                    30088d80 f   q_math.obj
 0001:00087d90       _Q_irand                   30088d90 f   q_math.obj
 0001:00087dc0       _Q_random                  30088dc0 f   q_math.obj
 0001:00087df0       _RotateAroundDirection     30088df0 f   q_math.obj
 0001:00087eb0       _RotatePointAroundVector   30088eb0 f   q_math.obj
 0001:00088250       _ShortestLineSegBewteen2LineSegs 30089250 f   q_math.obj
 0001:00088aa0       _VectorNormalize           30089aa0 f   q_math.obj
 0001:00088b60       _VectorNormalize2          30089b60 f   q_math.obj
 0001:00088c20       _flrand                    30089c20 f   q_math.obj
 0001:00088c80       _vectoangles               30089c80 f   q_math.obj
 0001:00088e10       _COM_BeginParseSession     30089e10 f   q_shared.obj
 0001:00088e40       _COM_BitCheck              30089e40 f   q_shared.obj
 0001:00088e70       _COM_Compress              30089e70 f   q_shared.obj
 0001:00088f80       _COM_Parse                 30089f80 f   q_shared.obj
 0001:00088fa0       _COM_ParseExt              30089fa0 f   q_shared.obj
 0001:00089100       _COM_ParseFloat            3008a100 f   q_shared.obj
 0001:00089140       _COM_ParseInt              3008a140 f   q_shared.obj
 0001:00089180       _COM_ParseString           3008a180 f   q_shared.obj
 0001:000891c0       _COM_StripExtension        3008a1c0 f   q_shared.obj
 0001:000891f0       _Com_sprintf               3008a1f0 f   q_shared.obj
 0001:00089250       _GetIDForString            3008a250 f   q_shared.obj
 0001:00089310       _GetStringForID            3008a310 f   q_shared.obj
 0001:00089340       _Info_ValueForKey          3008a340 f   q_shared.obj
 0001:00089490       _Q_CleanStr                3008a490 f   q_shared.obj
 0001:000894e0       _Q_strcat                  3008a4e0 f   q_shared.obj
 0001:00089570       _Q_stricmp                 3008a570 f   q_shared.obj
 0001:000895f0       _Q_stricmpn                3008a5f0 f   q_shared.obj
 0001:00089680       _Q_strncmp                 3008a680 f   q_shared.obj
 0001:000896d0       _Q_strncpyz                3008a6d0 f   q_shared.obj
 0001:00089730       _Q_strrchr                 3008a730 f   q_shared.obj
 0001:00089760       _Q_strupr                  3008a760 f   q_shared.obj
 0001:00089790       _SkipBracedSection         3008a790 f   q_shared.obj
 0001:000898f0       _SkipRestOfLine            3008a8f0 f   q_shared.obj
 0001:00089920       _va                        3008a920 f   q_shared.obj
 0001:000899b0       _G_SetSpeederVehicleFunctions 3008a9b0 f   SpeederNPC.obj
 0001:00089ca0       _ProcessOrientCommands     3008aca0 f   SpeederNPC.obj
 0001:00089de0       _Script_SetColor           3008ade0 f   ui_shared.obj
 0001:00089ed0       _Script_SetAsset           3008aed0 f   ui_shared.obj
 0001:00089f00       _Script_SetBackground      3008af00 f   ui_shared.obj
 0001:00089f50       _Script_SetItemRectCvar    3008af50 f   ui_shared.obj
 0001:0008a140       _Script_SetItemBackground  3008b140 f   ui_shared.obj
 0001:0008a200       _Script_SetItemText        3008b200 f   ui_shared.obj
 0001:0008a270       _Script_SetTeamColor       3008b270 f   ui_shared.obj
 0001:0008a2b0       _Script_SetItemColor       3008b2b0 f   ui_shared.obj
 0001:0008a450       _Script_SetItemColorCvar   3008b450 f   ui_shared.obj
 0001:0008a6a0       _Script_SetItemRect        3008b6a0 f   ui_shared.obj
 0001:0008a780       _Script_Show               3008b780 f   ui_shared.obj
 0001:0008a7d0       _Script_Hide               3008b7d0 f   ui_shared.obj
 0001:0008a820       _Script_FadeIn             3008b820 f   ui_shared.obj
 0001:0008a8c0       _Script_FadeOut            3008b8c0 f   ui_shared.obj
 0001:0008a960       _Script_Open               3008b960 f   ui_shared.obj
 0001:0008aaf0       _Script_Close              3008baf0 f   ui_shared.obj
 0001:0008ac30       _Script_Defer              3008bc30 f   ui_shared.obj
 0001:0008ac80       _Script_RunDeferred        3008bc80 f   ui_shared.obj
 0001:0008acb0       _Script_Transition         3008bcb0 f   ui_shared.obj
 0001:0008ad70       _Script_Disable            3008bd70 f   ui_shared.obj
 0001:0008ae50       _Script_Scale              3008be50 f   ui_shared.obj
 0001:0008afb0       _Script_Orbit              3008bfb0 f   ui_shared.obj
 0001:0008b140       _Script_SetFocus           3008c140 f   ui_shared.obj
 0001:0008b230       _Script_SetPlayerModel     3008c230 f   ui_shared.obj
 0001:0008b280       _Script_Transition2        3008c280 f   ui_shared.obj
 0001:0008b380       _Script_SetCvar            3008c380 f   ui_shared.obj
 0001:0008b3f0       _Script_SetCvarToCvar      3008c3f0 f   ui_shared.obj
 0001:0008b4a0       _Script_Exec               3008c4a0 f   ui_shared.obj
 0001:0008b580       _Script_Play               3008c580 f   ui_shared.obj
 0001:0008b5d0       _Script_PlayVoice          3008c5d0 f   ui_shared.obj
 0001:0008b620       _Script_playLooped         3008c620 f   ui_shared.obj
 0001:0008b680       _ItemParse_name            3008c680 f   ui_shared.obj
 0001:0008b6a0       _ItemParse_focusSound      3008c6a0 f   ui_shared.obj
 0001:0008b6f0       _ItemParse_text            3008c6f0 f   ui_shared.obj
 0001:0008b710       _ItemParse_descText        3008c710 f   ui_shared.obj
 0001:0008b730       _ItemParse_text2           3008c730 f   ui_shared.obj
 0001:0008b730       _MenuParse_soundLoop       3008c730 f   ui_shared.obj
 0001:0008b750       _ItemParse_text2alignx     3008c750 f   ui_shared.obj
 0001:0008b770       _ItemParse_text2aligny     3008c770 f   ui_shared.obj
 0001:0008b790       _ItemParse_group           3008c790 f   ui_shared.obj
 0001:0008b7b0       _ItemParse_asset_model     3008c7b0 f   ui_shared.obj
 0001:0008b7e0       _ItemParse_asset_shader    3008c7e0 f   ui_shared.obj
 0001:0008b830       _ItemParse_model_origin    3008c830 f   ui_shared.obj
 0001:0008b890       _ItemParse_elementwidth    3008c890 f   ui_shared.obj
 0001:0008b890       _ItemParse_model_fovx      3008c890 f   ui_shared.obj
 0001:0008b8c0       _ItemParse_elementheight   3008c8c0 f   ui_shared.obj
 0001:0008b8c0       _ItemParse_model_fovy      3008c8c0 f   ui_shared.obj
 0001:0008b8f0       _ItemParse_model_rotation  3008c8f0 f   ui_shared.obj
 0001:0008b920       _ItemParse_model_angle     3008c920 f   ui_shared.obj
 0001:0008b950       _ItemParse_model_g2mins    3008c950 f   ui_shared.obj
 0001:0008b9b0       _ItemParse_model_g2maxs    3008c9b0 f   ui_shared.obj
 0001:0008ba10       _ItemParse_model_g2scale   3008ca10 f   ui_shared.obj
 0001:0008ba70       _ItemParse_model_g2skin    3008ca70 f   ui_shared.obj
 0001:0008bad0       _ItemParse_model_g2anim    3008cad0 f   ui_shared.obj
 0001:0008bb70       _ItemParse_rectcvar        3008cb70 f   ui_shared.obj
 0001:0008bc80       _ItemParse_rect            3008cc80 f   ui_shared.obj
 0001:0008bce0       _ItemParse_flag            3008cce0 f   ui_shared.obj
 0001:0008bd80       _ItemParse_style           3008cd80 f   ui_shared.obj
 0001:0008bdc0       _ItemParse_decoration      3008cdc0 f   ui_shared.obj
 0001:0008bde0       _ItemParse_notselectable   3008cde0 f   ui_shared.obj
 0001:0008be20       _ItemParse_scrollhidden    3008ce20 f   ui_shared.obj
 0001:0008be60       _ItemParse_wrapped         3008ce60 f   ui_shared.obj
 0001:0008be80       _ItemParse_autowrapped     3008ce80 f   ui_shared.obj
 0001:0008bea0       _ItemParse_horizontalscroll 3008cea0 f   ui_shared.obj
 0001:0008bec0       _ItemParse_type            3008cec0 f   ui_shared.obj
 0001:0008bf00       _ItemParse_feeder          3008cf00 f   ui_shared.obj
 0001:0008bf00       _ItemParse_special         3008cf00 f   ui_shared.obj
 0001:0008bf20       _ItemParse_elementtype     3008cf20 f   ui_shared.obj
 0001:0008bf60       _ItemParse_columns         3008cf60 f   ui_shared.obj
 0001:0008c020       _ItemParse_border          3008d020 f   ui_shared.obj
 0001:0008c020       _MenuParse_border          3008d020 f   ui_shared.obj
 0001:0008c040       _ItemParse_bordersize      3008d040 f   ui_shared.obj
 0001:0008c040       _MenuParse_borderSize      3008d040 f   ui_shared.obj
 0001:0008c060       _ItemParse_visible         3008d060 f   ui_shared.obj
 0001:0008c060       _MenuParse_visible         3008d060 f   ui_shared.obj
 0001:0008c0a0       _ItemParse_ownerdraw       3008d0a0 f   ui_shared.obj
 0001:0008c0d0       _ItemParse_align           3008d0d0 f   ui_shared.obj
 0001:0008c0d0       _MenuParse_fadeCycle       3008d0d0 f   ui_shared.obj
[...]
 0002:00026770       __sehtable$??$?RV<lambda_2866be3712abc81a800a822484c830d8>@@AAV<lambda_39ca0ed439415581b5b15c265174cece>@@V<lambda_2b24c74d71094a6cd0cb82e44167d71b>@@@?$__crt_seh_guarded_call@X@@QAEX$$QAV<lambda_2866be3712abc81a800a822484c830d8>@@AAV<lambda_39ca0ed439415581b5b15c265174cece>@@$$QAV<lambda_2b24c74d71094a6cd0cb82e44167d71b>@@@Z 300d4770     libucrt:fflush.obj
 0002:00026790       __sehtable$??$?RV<lambda_2cc53f568c5a2bb6f192f930a45d44ea>@@AAV<lambda_ab61a845afdef5b7c387490eaf3616ee>@@V<lambda_c2ffc0b7726aa6be21d5f0026187e748>@@@?$__crt_seh_guarded_call@X@@QAEX$$QAV<lambda_2cc53f568c5a2bb6f192f930a45d44ea>@@AAV<lambda_ab61a845afdef5b7c387490eaf3616ee>@@$$QAV<lambda_c2ffc0b7726aa6be21d5f0026187e748>@@@Z 300d4790     libucrt:fflush.obj
 0002:000267b0       __sehtable$___acrt_update_thread_locale_data 300d47b0     libucrt:locale_refcounting.obj
 0002:000267d0       __sehtable$__fcloseall     300d47d0     libucrt:closeall.obj
 0002:000267f0       __sehtable$___acrt_lowio_ensure_fh_exists 300d47f0     libucrt:osfinfo.obj
 0002:00026810       __sehtable$___set_fpsr_sse2 300d4810     libucrt:fpctrl.obj
 0002:00026830       __sehtable$??$?RV<lambda_9e9de3de5fa147e2223d7db92bc10aa6>@@AAV<lambda_38ce7e780aa69e748d6df282ebc68efe>@@V<lambda_8ca6da459f0f6780f1cff60fdc3d00e5>@@@?$__crt_seh_guarded_call@H@@QAEH$$QAV<lambda_9e9de3de5fa147e2223d7db92bc10aa6>@@AAV<lambda_38ce7e780aa69e748d6df282ebc68efe>@@$$QAV<lambda_8ca6da459f0f6780f1cff60fdc3d00e5>@@@Z 300d4830     libucrt:commit.obj
 0002:00026850       __sehtable$__write_internal 300d4850     libucrt:write.obj
 0002:00026870       __sehtable$?_fclose_internal@@YAHQAU_iobuf@@AAV__crt_cached_ptd_host@@@Z 300d4870     libucrt:fclose.obj
 0002:00026890       __sehtable$??$?RV<lambda_d422a76eb4c3bf3ad751449ab71a6ea4>@@AAV<lambda_c9ba49e555ba839a7b07aa3fbecb7617>@@V<lambda_9476263c8ee91a25d21c55370bdb50de>@@@?$__crt_seh_guarded_call@H@@QAEH$$QAV<lambda_d422a76eb4c3bf3ad751449ab71a6ea4>@@AAV<lambda_c9ba49e555ba839a7b07aa3fbecb7617>@@$$QAV<lambda_9476263c8ee91a25d21c55370bdb50de>@@@Z 300d4890     libucrt:close.obj
 0002:000268b0       __sehtable$__IsNonwritableInCurrentImage 300d48b0     LIBCMT:pesect.obj
 0002:000268d0       .edata                     300d48d0     cgamex86.exp
 0002:000268f8       rgpv                       300d48f8     cgamex86.exp
 0002:00026900       rgszName                   300d4900     cgamex86.exp
 0002:00026908       rgwOrd                     300d4908     cgamex86.exp
 0002:0002690c       szName                     300d490c     cgamex86.exp
 0002:00026919       $N00001                    300d4919     cgamex86.exp
 0002:00026922       $N00002                    300d4922     cgamex86.exp
 0002:00026f12       .idata$6                   300d4f12     kernel32:KERNEL32.dll
 0003:00001e20       _bg_poolTail               300d6e20     bg_misc.obj
 0003:00005064       ?headClampMinAngles@?1??BG_G2PlayerAngles@@9@9 300da064     bg_pmove.obj
 0003:00005070       ?headClampMaxAngles@?1??BG_G2PlayerAngles@@9@9 300da070     bg_pmove.obj
 0003:000089d0       _commands                  300dd9d0     cg_consolecmds.obj
 0003:00008e20       ?flip@?1??CG_DrawZoomMask@@9@9 300dde20     cg_draw.obj
 0003:00008e24       ?seed@?1??CG_SmokePuff@@9@9 300dde24     cg_effects.obj
 0003:00009768       _cvarTable                 300de768     cg_main.obj
 0003:0000a0a8       _cvarTableSize             300df0a8     cg_main.obj
 0003:0000a0ac       ?drawTeamOverlayModificationCount@?1??CG_UpdateCvars@@9@9 300df0ac     cg_main.obj
 0003:0000a0b0       ?sb_nums@?1??CG_RegisterGraphics@@9@9 300df0b0     cg_main.obj
 0003:0000a0dc       ?sb_t_nums@?1??CG_RegisterGraphics@@9@9 300df0dc     cg_main.obj
 0003:0000a108       ?sb_c_nums@?1??CG_RegisterGraphics@@9@9 300df108     cg_main.obj
 0003:0000a140       _shaderAnimNames           300df140     cg_marks.obj
 0003:0000a1c0       _shaderAnimCounts          300df1c0     cg_marks.obj
 0003:0000a240       _shaderAnimSTRatio         300df240     cg_marks.obj
 0003:0000a2c0       ?s@?1??CG_GetKillerText@@9@9 300df2c0     cg_newDraw.obj
 0003:0000a2c4       ?s@?1??CG_GetGameStatusText@@9@9 300df2c4     cg_newDraw.obj
 0003:0000af7c       _cg_effectorStringTable    300dff7c     cg_players.obj
 0003:0000afa0       _cg_vehThirdPersonAlpha    300dffa0     cg_players.obj
 0003:0000afa4       _syscall                   300dffa4     cg_syscalls.obj
 0003:0000afb8       _cameramins                300dffb8     cg_view.obj
 0003:0000afc4       _cameramaxs                300dffc4     cg_view.obj
 0003:0000afd0       _cg_siegeClassIndex        300dffd0     cg_view.obj
 0003:0000b118       _WHITE                     300e0118     fx_bryarpistol.obj
 0003:0000b124       _BRIGHT                    300e0124     fx_bryarpistol.obj
 0003:0000b130       _WHITE                     300e0130     fx_disruptor.obj
 0003:0000ba4c       _holdrand                  300e0a4c     q_math.obj
 0003:0000c188       ?staticNULL@?1??String_Alloc@@9@9 300e1188     ui_shared.obj
 0003:0000c18c       ?squiggy@?1??PC_String_Parse@@9@9 300e118c     ui_shared.obj
 0003:0000c190       _g_bindings                300e1190     ui_shared.obj
 0003:0000cb90       ?__vcrt_flsindex@@3KA      300e1b90     libvcruntime:per_thread_data.obj
 0003:0000cbc0       ?errno_no_memory@@3HA      300e1bc0     libucrt:errno.obj
 0003:0000cbc4       ?doserrno_no_memory@@3KA   300e1bc4     libucrt:errno.obj
 0003:0000cbc8       ?__acrt_flsindex@@3KA      300e1bc8     libucrt:per_thread_data.obj
 0003:0000cf60       __mbctypes                 300e1f60     libucrt:mbctype.obj
 0003:0000d068       __mbcasemaps               300e2068     libucrt:mbctype.obj
 0003:0000d168       ?__rgctypeflag@@3PADA      300e2168     libucrt:mbctype.obj
 0003:0000d170       ?__rgcode_page_info@@3PAUcode_page_info@@A 300e2170     libucrt:mbctype.obj
 0003:0000d2c0       ?__DAZ_ENABLED@?1??__set_fpsr_sse2@@9@9 300e22c0     libucrt:fpctrl.obj
 0003:0000d3d0       ?__dcrt_lowio_console_output_handle@@3PAXA 300e23d0     libucrt:initcon.obj
 0003:0000d440       _bg_pool                   300e2440     bg_misc.obj
 0003:00fad440       _bg_poolSize               31082440     bg_misc.obj
 0003:00fad45c       _pm_flying                 3108245c     bg_pmove.obj
 0003:00fad460       ?oldLookAngles@?1??BG_UpdateLookAngles@@9@9 31082460     bg_pmove.obj
 0003:00fad46c       ?lookAnglesDiff@?1??BG_UpdateLookAngles@@9@9 3108246c     bg_pmove.obj
 0003:00fad478       ?ang@?1??BG_UpdateLookAngles@@9@9 31082478     bg_pmove.obj
 0003:00fad47c       ?dir@?1??BG_G2PlayerAngles@@9@9 3108247c     bg_pmove.obj
 0003:00fad480       ?i@?1??BG_G2PlayerAngles@@9@9 31082480     bg_pmove.obj
 0003:00fad484       ?dif@?1??BG_G2PlayerAngles@@9@9 31082484     bg_pmove.obj
 0003:00fad488       ?dest@?1??BG_G2PlayerAngles@@9@9 31082488     bg_pmove.obj
 0003:00fad48c       ?speed@?1??BG_G2PlayerAngles@@9@9 3108248c     bg_pmove.obj
 0003:00fad490       ?eyeAngles@?1??BG_G2PlayerAngles@@9@9 31082490     bg_pmove.obj
 0003:00fad49c       ?neckAngles@?1??BG_G2PlayerAngles@@9@9 3108249c     bg_pmove.obj
 0003:00fad4a8       ?velocity@?1??BG_G2PlayerAngles@@9@9 310824a8     bg_pmove.obj
 0003:00fad4b4       ?torsoAngles@?1??BG_G2PlayerAngles@@9@9 310824b4     bg_pmove.obj
 0003:00fad4c0       ?headAngles@?1??BG_G2PlayerAngles@@9@9 310824c0     bg_pmove.obj
 0003:00fad4cc       ?velPos@?1??BG_G2PlayerAngles@@9@9 310824cc     bg_pmove.obj
 0003:00fad4d8       ?velAng@?1??BG_G2PlayerAngles@@9@9 310824d8     bg_pmove.obj
 0003:00fad4e4       ?ulAngles@?1??BG_G2PlayerAngles@@9@9 310824e4     bg_pmove.obj
 0003:00fad4f0       ?llAngles@?1??BG_G2PlayerAngles@@9@9 310824f0     bg_pmove.obj
 0003:00fad4fc       ?viewAngles@?1??BG_G2PlayerAngles@@9@9 310824fc     bg_pmove.obj
 0003:00fad508       ?angles@?1??BG_G2PlayerAngles@@9@9 31082508     bg_pmove.obj
 0003:00fad514       ?thoracicAngles@?1??BG_G2PlayerAngles@@9@9 31082514     bg_pmove.obj
 0003:00fad520       _SaberParms                31082520     bg_saberLoad.obj
 0003:012cd520       _bgSaberParseTBuffer       313a2520     bg_saberLoad.obj
 0003:015ed7d4       ?previousTimes@?1??CG_DrawFPS@@9@9 316c27d4     cg_draw.obj
 0003:015ed7f4       ?index@?1??CG_DrawFPS@@9@9 316c27f4     cg_draw.obj
 0003:015ed7f8       ?previous@?1??CG_DrawFPS@@9@9 316c27f8     cg_draw.obj
 0003:015ed7fc       ?lastupdate@?1??CG_DrawFPS@@9@9 316c27fc     cg_draw.obj
 0003:015ed800       _radarLockSoundDebounceTime 316c2800     cg_draw.obj
 0003:015ed804       _impactSoundDebounceTime   316c2804     cg_draw.obj
 0003:015ed808       ?oldDif@?1??CG_DrawRocketLocking@@9@9 316c2808     cg_draw.obj
 0003:015ed80c       ?color@?1??CG_FadeColor@@9@9 316c280c     cg_drawtools.obj
 0003:015ed820       _offX                      316c2820     cg_effects.obj
 0003:015ede60       _offZ                      316c2e60     cg_effects.obj
 0003:015ee4a0       ?lastPos@?1??CG_ScorePlum@@9@9 316c34a0     cg_effects.obj
 0003:015ee4b0       ?str@?1??CG_PlaceString@@9@9 316c34b0     cg_event.obj
 0003:015ee4f0       _cl_lightstyle             316c34f0     cg_light.obj
 0003:015f26f0       _lastofs                   316c76f0     cg_light.obj
 0003:015f270c       _NumMiscEnts               316c770c     cg_main.obj
 0003:015f2710       _MiscEnts                  316c7710     cg_main.obj
 0003:016c1790       _Radius                    31796790     cg_main.obj
 0003:016c5610       _zOffset                   3179a610     cg_main.obj
 0003:016c9490       ?buffer@?1??CG_Argv@@9@9   3179e490     cg_main.obj
 0003:016c9890       ?intext@?1??CG_GetStringEdString@@9@9 3179e890     cg_main.obj
 0003:016d1590       ?translation@?1??CG_GetStringEdString@@9@9 317a6590     cg_main.obj
 0003:016d9290       ?string@?1??CG_GetStringEdString@@9@9 317ae290     cg_main.obj
 0003:016e0f90       ?index@?1??CG_GetStringEdString@@9@9 317b5f90     cg_main.obj
 0003:016e0f94       _cg_strPoolSize            317b5f94     cg_main.obj
 0003:016e0f98       ?buf@?1??CG_GetMenuBuffer@@9@9 317b5f98     cg_main.obj
 0003:016f0f98       ?buf@?1??CG_LoadMenus@@9@9 317c5f98     cg_main.obj
 0003:016f2f98       _cg_strPool                317c7f98     cg_main.obj
 0003:016faf98       _cg_numSpawnVars           317cff98     cg_main.obj
 0003:016faf9c       _cg_numSpawnVarChars       317cff9c     cg_main.obj
 0003:016fafa0       _cg_spawnVars              317cffa0     cg_main.obj
 0003:016fb1a0       _cg_spawnVarChars          317d01a0     cg_main.obj
 0003:016fc1a0       ?item@?1??CG_Init@@9@9     317d11a0     cg_main.obj
 0003:016fc1a8       ?text@?1??CG_GetLocationString@@9@9 317d11a8     cg_main.obj
 0003:016fc5ac       _markTotal                 317d15ac     cg_marks.obj
 0003:016fc5b0       _shaderAnims               317d15b0     cg_marks.obj
 0003:016fe5b0       _numShaderAnims            317d35b0     cg_marks.obj
 0003:016fe5b4       _roll                      317d35b4     cg_marks.obj
 0003:016fe5dc       _cg_animParseIncluding     317d35dc     cg_players.obj
 0003:016fe5e0       _lastFlyBySound            317d35e0     cg_players.obj
 0003:016ff5ec       _cg_numSolidEntities       317d45ec     cg_predict.obj
 0003:016ff5f0       _cg_pmove                  317d45f0     cg_predict.obj
 0003:016ff79c       _cg_numTriggerEntities     317d479c     cg_predict.obj
 0003:016ff7a0       _cg_solidEntities          317d47a0     cg_predict.obj
 0003:016ffba0       _cg_triggerEntities        317d4ba0     cg_predict.obj
 0003:016fffb8       _team1                     317d4fb8     cg_saga.obj
 0003:017001b8       _team2                     317d51b8     cg_saga.obj
 0003:017003b8       _cgParseObjectives         317d53b8     cg_saga.obj
 0003:017043b8       ?cur@?1??siege_Str@@9@9    317d93b8     cg_saga.obj
 0003:017043c0       ?strings@?1??siege_Str@@9@9 317d93c0     cg_saga.obj
 0003:017443c0       ?buf@?1??CG_SiegeObjectiveBuffer@@9@9 318193c0     cg_saga.obj
 0003:017463c4       _localClient               3181b3c4     cg_scoreboard.obj
 0003:01746428       ?zoomSoundTime@?BG@??CG_CalcFov@@9@9 3181b428     cg_view.obj
 0003:0174642c       ?lastfov@?1??CG_DrawSkyBoxPortal@@9@9 3181b42c     cg_view.obj
 0003:01746430       _cg_rangedFogging          3181b430     cg_view.obj
 0003:01746434       ?veh@?1??CG_DrawActiveFrame@@9@9 3181b434     cg_view.obj
 0003:01746438       _cgWeapFrame               3181b438     cg_weapons.obj
 0003:0174643c       _cgWeapFrameTime           3181b43c     cg_weapons.obj
 0003:01746440       _g2WeaponInstances         3181b440     cg_weapons.obj
 0003:01746490       _g2WeaponInstances2        3181b490     cg_weapons.obj
 0003:017464e0       _g2WeaponInstances3        3181b4e0     cg_weapons.obj
 0003:01746530       _g2WeaponInstances4        3181b530     cg_weapons.obj
 0003:01746580       _g2WeaponInstances5        3181b580     cg_weapons.obj
 0003:017465d0       _g2WeaponInstances6        3181b5d0     cg_weapons.obj
 0003:01746620       _g2WeaponInstances7        3181b620     cg_weapons.obj
 0003:01746670       _g2WeaponInstances8        3181b670     cg_weapons.obj
 0003:017466d8       ?bops_initialized@?1??BoxOnPlaneSide@@9@9 3181b6d8     q_math.obj
 0003:017466dc       ?Ljmptab@?1??BoxOnPlaneSide@@9@9 3181b6dc     q_math.obj
 0003:017466fc       ?sr@?1??AngleVectors@@9@9  3181b6fc     q_math.obj
 0003:01746700       ?sp@?1??AngleVectors@@9@9  3181b700     q_math.obj
 0003:01746704       ?sy@?1??AngleVectors@@9@9  3181b704     q_math.obj
 0003:01746708       ?cr@?1??AngleVectors@@9@9  3181b708     q_math.obj
 0003:0174670c       ?cp@?1??AngleVectors@@9@9  3181b70c     q_math.obj
 0003:01746710       ?cy@?1??AngleVectors@@9@9  3181b710     q_math.obj
 0003:01746718       _com_token                 3181b718     q_shared.obj
 0003:01746b18       _com_parsename             3181bb18     q_shared.obj
 0003:01746f18       _com_lines                 3181bf18     q_shared.obj
 0003:01746f1c       ?index@?1??va@@9@9         3181bf1c     q_shared.obj
 0003:01746f20       ?string@?1??COM_ParseError@@9@9 3181bf20     q_shared.obj
 0003:01747f20       ?string@?1??COM_ParseWarning@@9@9 3181cf20     q_shared.obj
 0003:01748f20       ?final@?1??Q_StrReplace@@9@9 3181df20     q_shared.obj
 0003:01749320       ?temp_buffer@?1??va@@9@9   3181e320     q_shared.obj
 0003:01751020       ?string@?1??va@@9@9        31826020     q_shared.obj
 0003:01758d20       ?value@?1??Info_ValueForKey@@9@9 3182dd20     q_shared.obj
 0003:0175cd20       ?valueindex@?1??Info_ValueForKey@@9@9 31831d20     q_shared.obj
 0003:0175cd3c       _scrollInfo                31831d3c     ui_shared.obj
 0003:0175cd5c       _captureFunc               31831d5c     ui_shared.obj
 0003:0175cd60       _captureData               31831d60     ui_shared.obj
 0003:0175cd64       _itemCapture               31831d64     ui_shared.obj
 0003:0175cd68       _g_waitingForKey           31831d68     ui_shared.obj
 0003:0175cd6c       _g_editingField            31831d6c     ui_shared.obj
 0003:0175cd70       _g_bindItem                31831d70     ui_shared.obj
 0003:0175cd74       _g_editItem                31831d74     ui_shared.obj
 0003:0175cd78       _debugMode                 31831d78     ui_shared.obj
 0003:0175cd7c       _lastListBoxClickTime      31831d7c     ui_shared.obj
 0003:0175cd80       _memoryPool                31831d80     ui_shared.obj
 0003:0275cd80       _allocPoint                32831d80     ui_shared.obj
 0003:0275cd84       _outOfMemory               32831d84     ui_shared.obj
 0003:0275cd88       _strPoolIndex              32831d88     ui_shared.obj
 0003:0275cd8c       _strHandleCount            32831d8c     ui_shared.obj
 0003:0275cd90       _strPool                   32831d90     ui_shared.obj
 0003:0277cd90       _strHandle                 32851d90     ui_shared.obj
 0003:0277ed90       ?string@?1??PC_SourceWarning@@9@9 32853d90     ui_shared.obj
 0003:0277fd90       ?string@?1??PC_SourceError@@9@9 32854d90     ui_shared.obj
 0003:02780d90       ?inHandleKey@?9??Menu_HandleKey@@9@9 32855d90     ui_shared.obj
 0003:02780d94       ?__proc_attached@@3HA      32855d94     LIBCMT:dll_dllmain.obj
 0003:02780db0       ?is_initialized_as_dll@@3_NA 32855db0     LIBCMT:utility.obj
 0003:02780db1       ?module_local_atexit_table_initialized@@3_NA 32855db1     LIBCMT:utility.obj
 0003:02780db4       ?module_local_atexit_table@@3U_onexit_table_t@@A 32855db4     LIBCMT:utility.obj
 0003:02780dc0       ?module_local_at_quick_exit_table@@3U_onexit_table_t@@A 32855dc0     LIBCMT:utility.obj
 0003:02780dd0       _GS_ExceptionRecord        32855dd0     LIBCMT:gs_report.obj
 0003:02780e20       _GS_ContextRecord          32855e20     LIBCMT:gs_report.obj
 0003:02781118       ?heap@@3V_HeapManager@@A   32856118     libvcruntime:undname.obj
 0003:0278112c       ?__vcrt_startup_thread_ptd@@3U__vcrt_ptd@@A 3285612c     libvcruntime:per_thread_data.obj
 0003:02781154       ___vcrt_lock_table         32856154     libvcruntime:locks.obj
 0003:0278116c       ___vcrt_locks_initialized  3285616c     libvcruntime:locks.obj
 0003:02781170       ?module_handles@@3PAPAUHINSTANCE__@@A 32856170     libvcruntime:winapi_downlevel.obj
 0003:0278117c       ?function_pointers@@3PAPAXA 3285617c     libvcruntime:winapi_downlevel.obj
 0003:02781194       ?c_termination_complete@@3JA 32856194     libucrt:exit.obj
 0003:02781198       ?thread_local_exit_callback_func@@3P6GXPAXK0@ZA 32856198     libucrt:exit.obj
 0003:0278119c       ?c_exit_complete@?1???R<lambda_6e4b09c48022b2350581041d5f6b0c4c>@@QBE@XZ@4_NA 3285619c     libucrt:exit.obj
 0003:027811a0       ?program_name@?1???$common_configure_argv@D@@YAHW4_crt_argv_mode@@@Z@4PADA 328561a0     libucrt:argv_parsing.obj
 0003:027812d0       ?__acrt_invalid_parameter_handler@@3V?$dual_state_global@P6AXPB_W00II@Z@__crt_state_management@@A 328562d0     libucrt:invalid_parameter.obj
 0003:027812dc       ?internal_state@?1??_mbtowc_internal@@9@4U_Mbstatet@@A 328562dc     libucrt:mbtowc.obj
 0003:027814f4       __pmatherr_set             328564f4     libucrt:libm_error.obj
 0003:027814f8       ?enable_percent_n@@3IA     328564f8     libucrt:printf_count_output.obj
 0003:02781508       ?__acrt_lock_table@@3PAU_RTL_CRITICAL_SECTION@@A 32856508     libucrt:locks.obj
 0003:02781658       ?__acrt_locks_initialized@@3IA 32856658     libucrt:locks.obj
 0003:02781668       ?fSystemSet@@3HA           32856668     libucrt:mbctype.obj
 0003:0278166c       ?initialized@?1??__acrt_initialize_multibyte@@9@4_NA 3285666c     libucrt:mbctype.obj
 0003:02781688       ?module_handles@@3PAPAUHINSTANCE__@@A 32856688     libucrt:winapi_thunks.obj
 0003:027816e0       ?encoded_function_pointers@@3PAPAXA 328566e0     libucrt:winapi_thunks.obj
 0003:02781770       ?__acrt_new_handler@@3V?$dual_state_global@P6AHI@Z@__crt_state_management@@A 32856770     libucrt:new_handler.obj
 0003:02781774       ?ctrlc_action@@3V?$dual_state_global@P6AXH@Z@__crt_state_management@@A 32856774     libucrt:signal.obj
 0003:02781778       ?ctrlbreak_action@@3V?$dual_state_global@P6AXH@Z@__crt_state_management@@A 32856778     libucrt:signal.obj
 0003:0278177c       ?abort_action@@3V?$dual_state_global@P6AXH@Z@__crt_state_management@@A 3285677c     libucrt:signal.obj
 0003:02781780       ?term_action@@3V?$dual_state_global@P6AXH@Z@__crt_state_management@@A 32856780     libucrt:signal.obj
 0003:02781784       ?user_matherr@@3V?$dual_state_global@P6AHPAU_exception@@@Z@__crt_state_management@@A 32856784     libucrt:matherr.obj
 0003:02781790       ?__acrt_global_new_mode@@3V?$dual_state_global@J@__crt_state_management@@A 32856790     libucrt:new_mode.obj
 0003:02781798       ?internal_pst@?1??__mbrtoc32_utf8@__crt_mbstring@@YAIPA_UPBDIPAU_Mbstatet@@AAV__crt_cached_ptd_host@@@Z@4U3@A 32856798     libucrt:mbrtoc32.obj
 0003:027817a0       ?__acrt_app_type@@3W4_crt_app_type@@A 328567a0     libucrt:report_runtime_error.obj
 0004:00000060       $R000000                   33062060     * linker generated manifest res *
