 cgamex86

 Timestamp is 68729e4c (Sat Jul 12 21:41:32 2025)

 Preferred load address is 30000000

 Start         Length     Name                   Class
 0001:00000000 000ad779H .text$mn                CODE
 0001:000ad779 000000fcH .text$x                 CODE
 0002:00000000 00000120H .idata$5                DATA
 0002:00000120 00000008H .00cfg                  DATA
 0002:00000128 00000004H .CRT$XCA                DATA
 0002:0000012c 00000004H .CRT$XCZ                DATA
 0002:00000130 00000004H .CRT$XIA                DATA
 0002:00000134 0000000cH .CRT$XIC                DATA
 0002:00000140 00000004H .CRT$XIZ                DATA
 0002:00000144 00000004H .CRT$XPA                DATA
 0002:00000148 00000008H .CRT$XPX                DATA
 0002:00000150 00000004H .CRT$XPXA               DATA
 0002:00000154 00000004H .CRT$XPZ                DATA
 0002:00000158 00000004H .CRT$XTA                DATA
 0002:0000015c 00000004H .CRT$XTZ                DATA
 0002:00000160 00000000H .gfids$y                DATA
 0002:00000160 00025d20H .rdata                  DATA
 0002:00025e80 00000000H .rdata$CastGuardVftablesA DATA
 0002:00025e80 00000000H .rdata$CastGuardVftablesC DATA
 0002:00025e80 000000dcH .rdata$r                DATA
 0002:00025f5c 00000030H .rdata$sxdata           DATA
 0002:00025f8c 000001b4H .rdata$voltmd           DATA
 0002:00026140 00000344H .rdata$zzzdbg           DATA
 0002:00026484 00000004H .rtc$IAA                DATA
 0002:00026488 00000004H .rtc$IZZ                DATA
 0002:0002648c 00000004H .rtc$TAA                DATA
 0002:00026490 00000008H .rtc$TZZ                DATA
 0002:00026498 000005f8H .xdata$x                DATA
 0002:00026a90 0000005cH .edata                  DATA
 0002:00026aec 00000014H .idata$2                DATA
 0002:00026b00 00000014H .idata$3                DATA
 0002:00026b14 00000120H .idata$4                DATA
 0002:00026c34 00000526H .idata$6                DATA
 0003:00000000 0000d3e0H .data                   DATA
 0003:0000d3e0 0000003cH .data$r                 DATA
 0003:0000d41c 00000024H .data$rs                DATA
 0003:0000d440 02f7f158H .bss                    DATA
 0004:00000000 00000080H .fptable                DATA
 0005:00000000 00000060H .rsrc$01                DATA
 0005:00000060 00000180H .rsrc$02                DATA

  Address         Publics by Value              Rva+Base       Lib:Object

 0000:00000000       ___AbsoluteZero            00000000     <absolute>
 0000:00000000       ___arm64x_extra_rfe_table  00000000     <absolute>
 0000:00000000       ___arm64x_extra_rfe_table_size 00000000     <absolute>
 0000:00000000       ___arm64x_native_entrypoint 00000000     <absolute>
 0000:00000000       ___arm64x_redirection_metadata 00000000     <absolute>
 0000:00000000       ___arm64x_redirection_metadata_count 00000000     <absolute>
 0000:00000000       ___dynamic_value_reloc_table 00000000     <absolute>
 0000:00000000       ___enclave_config          00000000     <absolute>
 0000:00000000       ___guard_check_icall_a64n_fptr 00000000     <absolute>
 0000:00000000       ___guard_eh_cont_count     00000000     <absolute>
 0000:00000000       ___guard_eh_cont_table     00000000     <absolute>
 0000:00000000       ___guard_fids_count        00000000     <absolute>
 0000:00000000       ___guard_fids_table        00000000     <absolute>
 0000:00000000       ___guard_iat_count         00000000     <absolute>
 0000:00000000       ___guard_iat_table         00000000     <absolute>
 0000:00000000       ___guard_longjmp_count     00000000     <absolute>
 0000:00000000       ___guard_longjmp_table     00000000     <absolute>
 0000:00000000       ___hybrid_auxiliary_delayload_iat 00000000     <absolute>
 0000:00000000       ___hybrid_auxiliary_delayload_iat_copy 00000000     <absolute>
 0000:00000000       ___hybrid_auxiliary_iat    00000000     <absolute>
 0000:00000000       ___hybrid_auxiliary_iat_copy 00000000     <absolute>
 0000:00000000       ___hybrid_code_map         00000000     <absolute>
 0000:00000000       ___hybrid_code_map_count   00000000     <absolute>
 0000:00000000       ___hybrid_image_info_bitfield 00000000     <absolute>
 0000:00000000       ___x64_code_ranges_to_entry_points 00000000     <absolute>
 0000:00000000       ___x64_code_ranges_to_entry_points_count 00000000     <absolute>
 0000:00000000       __except_list              00000000     <absolute>
 0000:0000000c       ___safe_se_handler_count   0000000c     <absolute>
 0000:00000100       ___guard_flags             00000100     <absolute>
 0000:00000000       ___ImageBase               30000000     <linker-defined>
 0001:00000000       _G_CreateAnimalNPC         30001000 f   AnimalNPC.obj
 0001:00000000       _G_CreateFighterNPC        30001000 f   FighterNPC.obj
 0001:00000000       _G_CreateSpeederNPC        30001000 f   SpeederNPC.obj
 0001:00000000       _G_CreateWalkerNPC         30001000 f   WalkerNPC.obj
 0001:00000050       _G_SetAnimalVehicleFunctions 30001050 f   AnimalNPC.obj
 0001:00000340       _BG_AttachToRancor         30001340 f   bg_g2_utils.obj
 0001:000005a0       _BG_GetRootSurfNameWithVariant 300015a0 f   bg_g2_utils.obj
 0001:00000630       _BG_AddPredictableEventToPlayerstate 30001630 f   bg_misc.obj
 0001:00000670       _BG_Alloc                  30001670 f   bg_misc.obj
 0001:000006c0       _BG_CanItemBeGrabbed       300016c0 f   bg_misc.obj
 0001:00000a30       _BG_CanUseFPNow            30001a30 f   bg_misc.obj
 0001:00000b00       _BG_CycleForce             30001b00 f   bg_misc.obj
 0001:00000be0       _BG_CycleInven             30001be0 f   bg_misc.obj
 0001:00000cc0       _BG_EmplacedView           30001cc0 f   bg_misc.obj
 0001:00000d90       _BG_EvaluateTrajectory     30001d90 f   bg_misc.obj
 0001:00000fe0       _BG_EvaluateTrajectoryDelta 30001fe0 f   bg_misc.obj
 0001:000011f0       _BG_FindItemForHoldable    300021f0 f   bg_misc.obj
 0001:00001250       _BG_FindItemForPowerup     30002250 f   bg_misc.obj
 0001:000012b0       _BG_FindItemForWeapon      300022b0 f   bg_misc.obj
 0001:000012f0       _BG_GetItemIndexByTag      300022f0 f   bg_misc.obj
 0001:00001330       _BG_HasYsalamiri           30002330 f   bg_misc.obj
 0001:00001370       _BG_IsItemSelectable       30002370 f   bg_misc.obj
 0001:00001390       _BG_IsValidCharacterModel  30002390 f   bg_misc.obj
 0001:00001410       _BG_IsWhiteSpace           30002410 f   bg_misc.obj
 0001:00001430       _BG_ModelCache             30002430 f   bg_misc.obj
 0001:00001460       _BG_ParseField             30002460 f   bg_misc.obj
 0001:000015b0       _BG_PlayerStateToEntityState 300025b0 f   bg_misc.obj
 0001:00001a00       _BG_PlayerTouchesItem      30002a00 f   bg_misc.obj
 0001:00001a90       _BG_ProperForceIndex       30002a90 f   bg_misc.obj
 0001:00001ac0       _BG_TempAlloc              30002ac0 f   bg_misc.obj
 0001:00001b00       _BG_TempFree               30002b00 f   bg_misc.obj
 0001:00001b50       _BG_TouchJumpPad           30002b50 f   bg_misc.obj
 0001:00001bd0       _BG_ValidateSkinForTeam    30002bd0 f   bg_misc.obj
 0001:00001be0       ___local_stdio_scanf_options 30002be0 f i bg_misc.obj
 0001:00001bf0       _sscanf                    30002bf0 f i bg_misc.obj
 0001:00001c20       _vectoyaw                  30002c20 f   bg_misc.obj
 0001:00001ce0       _BG_AnimLength             30002ce0 f   bg_panimate.obj
 0001:00001d40       _BG_AnimsetAlloc           30002d40 f   bg_panimate.obj
 0001:00001d70       _BG_BounceAnim             30002d70 f   bg_panimate.obj
 0001:00001df0       @_guard_check_icall_nop@4  30002df0 f   LIBCMT:guard_support.obj
 0001:00001df0       _BG_ClearAnimsets          30002df0 f   bg_panimate.obj
 0001:00001df0       _CG_OutOfAmmoChange        30002df0 f   cg_weapons.obj
 0001:00001df0       _CG_OwnerDraw              30002df0 f   cg_newDraw.obj
 0001:00001df0       _CG_RunMenuScript          30002df0 f   cg_newDraw.obj
 0001:00001e00       _BG_CrouchAnim             30002e00 f   bg_panimate.obj
 0001:00001f40       _BG_FlippingAnim           30002f40 f   bg_panimate.obj
 0001:00002030       _BG_FullBodyTauntAnim      30003030 f   bg_panimate.obj
 0001:00002170       _BG_GetLegsAnimPoint       30003170 f   bg_panimate.obj
 0001:00002250       _BG_GetTorsoAnimPoint      30003250 f   bg_panimate.obj
 0001:00002330       _BG_InBackFlip             30003330 f   bg_panimate.obj
 0001:00002360       _BG_InDeathAnim            30003360 f   bg_panimate.obj
 0001:00002420       _BG_InGrappleMove          30003420 f   bg_panimate.obj
 0001:00002470       _BG_InKataAnim             30003470 f   bg_panimate.obj
 0001:000024b0       _BG_InKnockDownOnly        300034b0 f   bg_panimate.obj
 0001:000024f0       _BG_InLedgeMove            300034f0 f   bg_panimate.obj
 0001:00002530       _BG_InReboundHold          30003530 f   bg_panimate.obj
 0001:00002570       _BG_InReboundJump          30003570 f   bg_panimate.obj
 0001:000025b0       _BG_InRoll                 300035b0 f   bg_panimate.obj
 0001:00002640       _BG_InSaberLock            30003640 f   bg_panimate.obj
 0001:00002700       _BG_InSaberLockOld         30003700 f   bg_panimate.obj
 0001:00002740       _BG_InSaberStandAnim       30003740 f   bg_panimate.obj
 0001:00002790       _BG_InSpecialJump          30003790 f   bg_panimate.obj
 0001:000028e0       _BG_InitAnimsets           300038e0 f   bg_panimate.obj
 0001:00002900       _BG_KickMove               30003900 f   bg_panimate.obj
 0001:00002950       _BG_KickingAnim            30003950 f   bg_panimate.obj
 0001:000029e0       _BG_ParseAnimationFile     300039e0 f   bg_panimate.obj
 0001:00002cf0       _BG_SaberInAttack          30003cf0 f   bg_panimate.obj
 0001:00002d60       _BG_SaberInAttackPure      30003d60 f   bg_panimate.obj
 0001:00002d80       _BG_SaberInIdle            30003d80 f   bg_panimate.obj
 0001:00002db0       _BG_SaberInKata            30003db0 f   bg_panimate.obj
 0001:00002df0       _BG_SaberInSpecial         30003df0 f   bg_panimate.obj
 0001:00002e50       _BG_SaberInSpecialAttack   30003e50 f   bg_panimate.obj
 0001:00002fe0       _BG_SaberInTransitionAny   30003fe0 f   bg_panimate.obj
 0001:00003010       _BG_SaberLockBreakAnim     30004010 f   bg_panimate.obj
 0001:000031a0       _BG_SaberStartTransAnim    300041a0 f   bg_panimate.obj
 0001:00003590       _BG_SetAnimFinal           30004590 f   bg_panimate.obj
 0001:00003970       _BG_SpinningSaberAnim      30004970 f   bg_panimate.obj
 0001:00003c20       _BG_SuperBreakLoseAnim     30004c20 f   bg_panimate.obj
 0001:00003cb0       _BG_SuperBreakWinAnim      30004cb0 f   bg_panimate.obj
 0001:00003d40       _PM_AnimLength             30004d40 f   bg_panimate.obj
 0001:00003dc0       _PM_CanRollFromSoulCal     30004dc0 f   bg_panimate.obj
 0001:00003df0       _PM_ContinueLegsAnim       30004df0 f   bg_panimate.obj
 0001:00003e20       _PM_ForceLegsAnim          30004e20 f   bg_panimate.obj
 0001:00003ec0       _PM_InCartwheel            30004ec0 f   bg_panimate.obj
 0001:00003f30       _PM_InForceGetUp           30004f30 f   bg_panimate.obj
 0001:00003f80       _PM_InKnockDown            30004f80 f   bg_panimate.obj
 0001:000040b0       _PM_InOnGroundAnim         300050b0 f   bg_panimate.obj
 0001:000041a0       _PM_InRollComplete         300051a0 f   bg_panimate.obj
 0001:000041e0       _PM_InSaberAnim            300051e0 f   bg_panimate.obj
 0001:00004200       _PM_JumpingAnim            30005200 f   bg_panimate.obj
 0001:00004250       _PM_KnockDownAnimExtended  30005250 f   bg_panimate.obj
 0001:000042f0       _PM_LandingAnim            300052f0 f   bg_panimate.obj
 0001:00004340       _PM_LockedAnim             30005340 f   bg_panimate.obj
 0001:00004390       _PM_PainAnim               30005390 f   bg_panimate.obj
 0001:000043d0       _PM_SaberBounceForAttack   300053d0 f   bg_panimate.obj
 0001:00004450       _PM_SaberInKnockaway       30005450 f   bg_panimate.obj
 0001:00004470       _PM_SaberInParry           30005470 f   bg_panimate.obj
 0001:00004490       _PM_SaberInReflect         30005490 f   bg_panimate.obj
 0001:000044b0       _PM_SaberInReturn          300054b0 f   bg_panimate.obj
 0001:000044d0       _PM_SaberInStart           300054d0 f   bg_panimate.obj
 0001:000044f0       _PM_SaberInTransition      300054f0 f   bg_panimate.obj
 0001:00004510       _PM_SaberReturnAnim        30005510 f   bg_panimate.obj
 0001:00004590       _PM_SetAnim                30005590 f   bg_panimate.obj
 0001:00004710       _PM_StartTorsoAnim         30005710 f   bg_panimate.obj
 0001:00004740       _BG_AdjustClientSpeed      30005740 f   bg_pmove.obj
 0001:00004a90       _BG_BoneOrientationsForClass 30005a90 f   bg_pmove.obj
 0001:00004c10       _BG_ClassHasBadBones       30005c10 f   bg_pmove.obj
 0001:00004c50       _BG_CmdForRoll             30005c50 f   bg_pmove.obj
 0001:00004ea0       _BG_G2ATSTAngles           30005ea0 f   bg_pmove.obj
 0001:00005910       _BG_G2PlayerAngles         30006910 f   bg_pmove.obj
 0001:00006920       _BG_IK_MoveArm             30007920 f   bg_pmove.obj
 0001:00006e00       _BG_InKnockDown            30007e00 f   bg_pmove.obj
 0001:00006e50       _BG_InSlopeAnim            30007e50 f   bg_pmove.obj
 0001:00006ec0       _BG_SabersOff              30007ec0 f   bg_pmove.obj
 0001:000070d0       _BG_UnrestrainedPitchRoll  300080d0 f   bg_pmove.obj
 0001:00007120       _BG_VehTraceFromCamPos     30008120 f   bg_pmove.obj
 0001:00007390       _BG_VehicleAdjustBBoxForOrientation 30008390 f   bg_pmove.obj
 0001:000077f0       _BG_VehicleTurnRateForSpeed 300087f0 f   bg_pmove.obj
 0001:000078b0       _LedgeGrabableEntity       300088b0 f   bg_pmove.obj
 0001:00007920       _LedgeTrace                30008920 f   bg_pmove.obj
 0001:00007c90       _NumberOfWeapons           30008c90 f   bg_pmove.obj
 0001:00007f00       _PM_AddEvent               30008f00 f   bg_pmove.obj
 0001:00007f20       _PM_AddEventWithParm       30008f20 f   bg_pmove.obj
 0001:00007f40       _PM_AddTouchEnt            30008f40 f   bg_pmove.obj
 0001:00007f90       _PM_AdjustAngleForWallGrap 30008f90 f   bg_pmove.obj
 0001:00008200       _PM_AdjustAngleForWallJump 30009200 f   bg_pmove.obj
 0001:00008680       _PM_AdjustAttackStates     30009680 f   bg_pmove.obj
 0001:00008a50       _PM_AdjustStandAnimForSlope 30009a50 f   bg_pmove.obj
 0001:00009660       _PM_BGEntForNum            3000a660 f   bg_pmove.obj
 0001:00009690       _PM_BeginWeaponChange      3000a690 f   bg_pmove.obj
 0001:00009770       _PM_CanSetWeaponReadyAnim  3000a770 f   bg_pmove.obj
 0001:00009f60       _PM_CheckGrab              3000af60 f   bg_pmove.obj
 0001:0000c270       _PM_CheckRollGetup         3000d270 f   bg_pmove.obj
 0001:0000c560       _PM_CheckRollSafety        3000d560 f   bg_pmove.obj
 0001:0000c760       _PM_ClipVelocity           3000d760 f   bg_pmove.obj
 0001:0000d390       _PM_CrouchGetup            3000e390 f   bg_pmove.obj
 0001:0000dbd0       _PM_DoPunch                3000ebd0 f   bg_pmove.obj
 0001:0000dca0       _PM_FinishWeaponChange     3000eca0 f   bg_pmove.obj
 0001:0000ed50       _PM_GetSaberStance         3000fd50 f   bg_pmove.obj
 0001:0000eef0       _PM_GettingUpFromKnockDown 3000fef0 f   bg_pmove.obj
 0001:0000f2e0       _PM_GrabWallForJump        300102e0 f   bg_pmove.obj
 0001:0000fcb0       _PM_HoverTrace             30010cb0 f   bg_pmove.obj
 0001:00010100       _PM_InForceFall            30011100 f   bg_pmove.obj
 0001:00010310       _PM_LegsSlopeBackTransition 30011310 f   bg_pmove.obj
 0001:000103c0       _PM_MinGetUpTime           300113c0 f   bg_pmove.obj
 0001:00010430       _PM_MoveForKata            30011430 f   bg_pmove.obj
 0001:00010890       _PM_RocketLock             30011890 f   bg_pmove.obj
 0001:00010c90       _PM_RunningAnim            30011c90 f   bg_pmove.obj
 0001:00010ce0       _PM_SetForceJumpZStart     30011ce0 f   bg_pmove.obj
 0001:00010e00       _PM_SetPMViewAngle         30011e00 f   bg_pmove.obj
 0001:00011220       _PM_SetVelocityforLedgeMove 30012220 f   bg_pmove.obj
 0001:00011930       _PM_UpdateViewAngles       30012930 f   bg_pmove.obj
 0001:00011b30       _PM_VehFaceHyperspacePoint 30012b30 f   bg_pmove.obj
 0001:00011de0       _PM_VehicleWeaponAnimate   30012de0 f   bg_pmove.obj
 0001:00012650       _PM_WalkingAnim            30013650 f   bg_pmove.obj
 0001:00014df0       _PM_pitch_roll_for_slope   30015df0 f   bg_pmove.obj
 0001:00015150       _Pmove                     30016150 f   bg_pmove.obj
 0001:00015220       _PmoveSingle               30016220 f   bg_pmove.obj
 0001:00017a80       _BG_AddFatigue             30018a80 f   bg_saber.obj
 0001:00017af0       _BG_CheckIncrementLockAnim 30018af0 f   bg_saber.obj
 0001:00017ba0       _BG_EnoughForcePowerForMove 30018ba0 f   bg_saber.obj
 0001:00017bd0       _BG_ForcePowerDrain        30018bd0 f   bg_saber.obj
 0001:00017c70       _BG_InSlowBounce           30018c70 f   bg_saber.obj
 0001:00017cb0       _BG_MySaber                30018cb0 f   bg_saber.obj
 0001:00017dd0       _PM_CheckStabDown          30018dd0 f   bg_saber.obj
 0001:00017ff0       _PM_DoFake                 30018ff0 f   bg_saber.obj
 0001:00018100       _PM_DoKick                 30019100 f   bg_saber.obj
 0001:00018410       _PM_GroundDistance         30019410 f   bg_saber.obj
 0001:00018510       _PM_ReturnforQuad          30019510 f   bg_saber.obj
 0001:00018580       _PM_SaberAttackForMovement 30019580 f   bg_saber.obj
 0001:000197f0       _PM_SaberFlipOverAttackMove 3001a7f0 f   bg_saber.obj
 0001:000199c0       _PM_SaberInBounce          3001a9c0 f   bg_saber.obj
 0001:000199f0       _PM_SaberInBrokenParry     3001a9f0 f   bg_saber.obj
 0001:00019a30       _PM_SaberJumpAttackMove    3001aa30 f   bg_saber.obj
 0001:00019bd0       _PM_SaberLockBreak         3001abd0 f   bg_saber.obj
 0001:00019fc0       _PM_SaberLockResultAnim    3001afc0 f   bg_saber.obj
 0001:0001a0b0       _PM_SaberLocked            3001b0b0 f   bg_saber.obj
 0001:0001a460       _PM_SaberLungeAttackMove   3001b460 f   bg_saber.obj
 0001:0001a620       _PM_SetSaberMove           3001b620 f   bg_saber.obj
 0001:0001af60       _PM_WalkableGroundDistance 3001bf60 f   bg_saber.obj
 0001:0001b070       _PM_WeaponLightsaber       3001c070 f   bg_saber.obj
 0001:0001c480       _PM_irand_timesync         3001d480 f   bg_saber.obj
 0001:0001c4e0       _BG_ParseLiteral           3001d4e0 f   bg_saberLoad.obj
 0001:0001c540       _BG_SI_SetDesiredLength    3001d540 f   bg_saberLoad.obj
 0001:0001c5a0       _BG_SI_SetLength           3001d5a0 f   bg_saberLoad.obj
 0001:0001c5e0       _BG_SI_SetLengthGradual    3001d5e0 f   bg_saberLoad.obj
 0001:0001c700       _TranslateSaberColor       3001d700 f   bg_saberLoad.obj
 0001:0001c7e0       _TranslateSaberStyle       3001d7e0 f   bg_saberLoad.obj
 0001:0001c8a0       _WP_RemoveSaber            3001d8a0 f   bg_saberLoad.obj
 0001:0001c930       _WP_SaberBladeUseSecondBladeStyle 3001d930 f   bg_saberLoad.obj
 0001:0001c960       _WP_SaberLoadParms         3001d960 f   bg_saberLoad.obj
 0001:0001caa0       _WP_SaberParseParms        3001daa0 f   bg_saberLoad.obj
 0001:0001efd0       _WP_SaberSetDefaults       3001ffd0 f   bg_saberLoad.obj
 0001:0001f490       _WP_SetSaber               30020490 f   bg_saberLoad.obj
 0001:0001f690       _BG_GetNextValueGroup      30020690 f   bg_saga.obj
 0001:0001f740       _BG_PrecacheSabersForSiegeTeam 30020740 f   bg_saga.obj
 0001:0001f820       _BG_SiegeFindClassByName   30020820 f   bg_saga.obj
 0001:0001f870       _BG_SiegeFindClassIndexByName 30020870 f   bg_saga.obj
 0001:0001f8c0       _BG_SiegeFindThemeForTeam  300208c0 f   bg_saga.obj
 0001:0001f8e0       _BG_SiegeGetPairedValue    300208e0 f   bg_saga.obj
 0001:0001fb20       _BG_SiegeGetValueGroup     30020b20 f   bg_saga.obj
 0001:0001fe30       _BG_SiegeLoadClasses       30020e30 f   bg_saga.obj
 0001:0001ff80       _BG_SiegeLoadTeams         30020f80 f   bg_saga.obj
 0001:000202a0       _BG_SiegeParseClassFile    300212a0 f   bg_saga.obj
 0001:00020bc0       _BG_SiegeSetTeamTheme      30021bc0 f   bg_saga.obj
 0001:00020c30       _BG_SiegeStripTabs         30021c30 f   bg_saga.obj
 0001:00020c70       _BG_SiegeTranslateForcePowers 30021c70 f   bg_saga.obj
 0001:00020e90       _BG_SiegeTranslateGenericTable 30021e90 f   bg_saga.obj
 0001:00020f60       _BG_SiegeTranslateSkills   30021f60 f   bg_saga.obj
 0001:000210c0       _PM_GroundSlideOkay        300220c0 f   bg_slidemove.obj
 0001:00021140       _PM_SlideMove              30022140 f   bg_slidemove.obj
 0001:000219f0       _PM_StepSlideMove          300229f0 f   bg_slidemove.obj
 0001:00022010       _PM_VehicleImpact          30023010 f   bg_slidemove.obj
 0001:00022650       _AttachRidersGeneric       30023650 f   bg_vehicleLoad.obj
 0001:00022700       _BG_GetVehicleModelName    30023700 f   bg_vehicleLoad.obj
 0001:00022750       _BG_GetVehicleSkinName     30023750 f   bg_vehicleLoad.obj
 0001:00022e00       _BG_SetSharedVehicleFunctions 30023e00 f   bg_vehicleLoad.obj
 0001:00022e50       _BG_VehicleClampData       30023e50 f   bg_vehicleLoad.obj
 0001:00022ef0       _BG_VehicleGetIndex        30023ef0 f   bg_vehicleLoad.obj
 0001:00022fa0       _BG_VehicleLoadParms       30023fa0 f   bg_vehicleLoad.obj
 0001:00023430       _BG_VehicleSetDefaults     30024430 f   bg_vehicleLoad.obj
 0001:000234e0       _BG_VehicleUnloadParms     300244e0 f   bg_vehicleLoad.obj
 0001:00023500       _VEH_LoadVehWeapon         30024500 f   bg_vehicleLoad.obj
 0001:000236f0       _VEH_LoadVehicle           300246f0 f   bg_vehicleLoad.obj
 0001:00023f10       _CGCam_Disable             30024f10 f   cg_camera.obj
 0001:00023fd0       _CGCam_DoFade              30024fd0 f   cg_camera.obj
 0001:00024050       _CGCam_Fade                30025050 f   cg_camera.obj
 0001:00024170       _CGCam_FollowUpdate        30025170 f   cg_camera.obj
 0001:000245d0       _CGCam_RenderScene         300255d0 f   cg_camera.obj
 0001:000245f0       _CGCam_Shake               300255f0 f   cg_camera.obj
 0001:00024620       _CGCam_TrackUpdate         30025620 f   cg_camera.obj
 0001:000249f0       _CGCam_Update              300259f0 f   cg_camera.obj
 0001:000252b0       _CGCam_UpdateFade          300262b0 f   cg_camera.obj
 0001:000253a0       _CGCam_UpdateShake         300263a0 f   cg_camera.obj
 0001:00025520       _CGCam_UpdateSmooth        30026520 f   cg_camera.obj
 0001:00025680       _CGCam_Zoom                30026680 f   cg_camera.obj
 0001:000256e0       _CG_CameraParse            300266e0 f   cg_camera.obj
 0001:00025e00       _CG_TargetCommand_f        30026e00 f   cg_consolecmds.obj
 0001:000262e0       _CG_ConsoleCommand         300272e0 f   cg_consolecmds.obj
 0001:00026320       _CG_InitConsoleCommands    30027320 f   cg_consolecmds.obj
 0001:00026520       _CG_AddLagometerFrameInfo  30027520 f   cg_draw.obj
 0001:00026550       _CG_AddLagometerSnapshotInfo 30027550 f   cg_draw.obj
 0001:000265b0       _CG_BracketEntity          300275b0 f   cg_draw.obj
 0001:00026bf0       _CG_CalcVehicleMuzzlePoint 30027bf0 f   cg_draw.obj
 0001:00026eb0       _CG_CenterPrint            30027eb0 f   cg_draw.obj
 0001:00026f20       _CG_ChatBox_AddString      30027f20 f   cg_draw.obj
 0001:000270a0       _CG_ChatBox_ArrayInsert    300280a0 f   cg_draw.obj
 0001:00027250       _CG_DottedLine             30028250 f   cg_draw.obj
 0001:00029660       _CG_Draw3DModel            3002a660 f   cg_draw.obj
 0001:000297b0       _CG_DrawActive             3002a7b0 f   cg_draw.obj
 0001:00029b50       _CG_DrawArmor              3002ab50 f   cg_draw.obj
 0001:0002af00       _CG_DrawDodge              3002bf00 f   cg_draw.obj
 0001:0002b0b0       _CG_DrawDuelistHealth      3002c0b0 f   cg_draw.obj
 0001:0002b6d0       _CG_DrawFlagModel          3002c6d0 f   cg_draw.obj
 0001:0002b900       _CG_DrawForcePower         3002c900 f   cg_draw.obj
 0001:0002bac0       _CG_DrawForceSelect        3002cac0 f   cg_draw.obj
 0001:0002bc40       _CG_DrawHUD                3002cc40 f   cg_draw.obj
 0001:0002c110       _CG_DrawHealthBar          3002d110 f   cg_draw.obj
 0001:0002c2a0       _CG_DrawInvenSelect        3002d2a0 f   cg_draw.obj
 0001:0002ca10       _CG_DrawRadar              3002da10 f   cg_draw.obj
 0001:0002dff0       _CG_DrawSiegeInfo          3002eff0 f   cg_draw.obj
 0001:0002e360       _CG_DrawSiegeMessage       3002f360 f   cg_draw.obj
 0001:0002e390       _CG_DrawSiegeMessageNonMenu 3002f390 f   cg_draw.obj
 0001:0002e890       _CG_DrawTeamBackground     3002f890 f   cg_draw.obj
 0001:0002f430       _CG_DrawVehicleDamage      30030430 f   cg_draw.obj
 0001:0002f560       _CG_DrawVehicleDamageHUD   30030560 f   cg_draw.obj
 0001:0002f810       _CG_DrawVehicleHud         30030810 f   cg_draw.obj
 0001:000314b0       _CG_InATST                 300324b0 f   cg_draw.obj
 0001:000314f0       _CG_InFighter              300324f0 f   cg_draw.obj
 0001:00031530       _CG_SaberClashFlare        30032530 f   cg_draw.obj
 0001:00031ea0       _CG_Text_Height            30032ea0 f   cg_draw.obj
 0001:00031ef0       _CG_Text_Paint             30032ef0 f   cg_draw.obj
 0001:00031fa0       _CG_Text_Width             30032fa0 f   cg_draw.obj
 0001:00031ff0       _CG_WorldCoordToScreenCoord 30032ff0 f   cg_draw.obj
 0001:00032030       _CG_WorldCoordToScreenCoordFloat 30033030 f   cg_draw.obj
 0001:00032150       ___local_stdio_printf_options 30033150 f i cg_draw.obj
 0001:00032160       _sprintf                   30033160 f i cg_draw.obj
 0001:000321a0       _CG_ColorForHealth         300331a0 f   cg_drawtools.obj
 0001:00032280       _CG_DrawBigString          30033280 f   cg_drawtools.obj
 0001:000322d0       _CG_DrawNumField           300332d0 f   cg_drawtools.obj
 0001:000325d0       _CG_DrawPic                300335d0 f   cg_drawtools.obj
 0001:00032630       _CG_DrawRect               30033630 f   cg_drawtools.obj
 0001:000327f0       _CG_DrawRotatePic          300337f0 f   cg_drawtools.obj
 0001:00032860       _CG_DrawRotatePic2         30033860 f   cg_drawtools.obj
 0001:000328d0       _CG_DrawSides              300338d0 f   cg_drawtools.obj
 0001:000329b0       _CG_DrawSmallString        300339b0 f   cg_drawtools.obj
 0001:00032a00       _CG_DrawStringExt          30033a00 f   cg_drawtools.obj
 0001:00032cf0       _CG_DrawStrlen             30033cf0 f   cg_drawtools.obj
 0001:00032d40       _CG_DrawTopBottom          30033d40 f   cg_drawtools.obj
 0001:00032e20       _CG_FadeColor              30033e20 f   cg_drawtools.obj
 0001:00032ea0       _CG_FillRect               30033ea0 f   cg_drawtools.obj
 0001:00032f20       _CG_GetColorForHealth      30033f20 f   cg_drawtools.obj
 0001:00033000       _CG_TileClear              30034000 f   cg_drawtools.obj
 0001:00033290       _UI_DrawProportionalString 30034290 f   cg_drawtools.obj
 0001:00033340       _UI_DrawScaledProportionalString 30034340 f   cg_drawtools.obj
 0001:00033b30       _CG_Chunks                 30034b30 f   cg_effects.obj
 0001:00034200       _CG_DoGlass                30035200 f   cg_effects.obj
 0001:00034850       _CG_GlassShatter           30035850 f   cg_effects.obj
 0001:000348b0       _CG_InitGlass              300358b0 f   cg_effects.obj
 0001:00034970       _CG_MiscModelExplosion     30035970 f   cg_effects.obj
 0001:00034c60       _CG_ScorePlum              30035c60 f   cg_effects.obj
 0001:00034da0       _CG_SmokePuff              30035da0 f   cg_effects.obj
 0001:00034f40       _CG_TestLine               30035f40 f   cg_effects.obj
 0001:000350a0       _CG_AddBracketedEnt        300360a0 f   cg_ents.obj
 0001:00035760       _CG_AddPacketEntities      30036760 f   cg_ents.obj
 0001:00035ab0       _CG_AddRadarEnt            30036ab0 f   cg_ents.obj
 0001:00035ae0       _CG_AdjustPositionForMover 30036ae0 f   cg_ents.obj
 0001:00035bd0       _CG_Beam                   30036bd0 f   cg_ents.obj
 0001:00035c80       _CG_CalcEntityLerpPositions 30036c80 f   cg_ents.obj
 0001:00035ea0       _CG_Cube                   30036ea0 f   cg_ents.obj
 0001:00036060       _CG_Disintegration         30037060 f   cg_ents.obj
 0001:000386a0       _CG_GreyItem               300396a0 f   cg_ents.obj
 0001:000393c0       _CG_ManualEntityRender     3003a3c0 f   cg_ents.obj
 0001:0003a210       _CG_PlayDoorLoopSound      3003b210 f   cg_ents.obj
 0001:0003a380       _CG_PlayDoorSound          3003b380 f   cg_ents.obj
 0001:0003a3d0       _CG_PositionEntityOnTag    3003b3d0 f   cg_ents.obj
 0001:0003a500       _CG_PositionRotatedEntityOnTag 3003b500 f   cg_ents.obj
 0001:0003a630       _CG_ROFF_NotetrackCallback 3003b630 f   cg_ents.obj
 0001:0003aa40       _CG_S_AddRealLoopingSound  3003ba40 f   cg_ents.obj
 0001:0003ab00       _CG_S_StopLoopingSound     3003bb00 f   cg_ents.obj
 0001:0003ab90       _CG_S_UpdateLoopingSounds  3003bb90 f   cg_ents.obj
 0001:0003acc0       _CG_SetEntitySoundPosition 3003bcc0 f   cg_ents.obj
 0001:0003ad50       _CG_SetGhoul2Info          3003bd50 f   cg_ents.obj
 0001:0003adc0       _FX_DrawPortableShield     3003bdc0 f   cg_ents.obj
 0001:0003b020       _ScaleModelAxis            3003c020 f   cg_ents.obj
 0001:0003b110       _CG_CalcVehMuzzle          3003c110 f   cg_event.obj
 0001:0003b230       _CG_CheckEvents            3003c230 f   cg_event.obj
 0001:0003b2c0       _CG_EntityEvent            3003c2c0 f   cg_event.obj
 0001:0003fa60       _CG_G2MarkEvent            30040a60 f   cg_event.obj
 0001:0003fcd0       _CG_GetCTFMessageEvent     30040cd0 f   cg_event.obj
 0001:00040a40       _CG_PainEvent              30041a40 f   cg_event.obj
 0001:00040ab0       _CG_PlaceString            30041ab0 f   cg_event.obj
 0001:00040c50       _CG_ReattachLimb           30041c50 f   cg_event.obj
 0001:00040e50       _DoFall                    30041e50 f   cg_event.obj
 0001:00040f70       _CG_LoadHolsterData        30041f70 f   cg_holster.obj
 0001:000412b0       _CG_DrawInformation        300422b0 f   cg_info.obj
 0001:00041e30       _CG_LoadingClient          30042e30 f   cg_info.obj
 0001:00041ec0       _CG_LoadingItem            30042ec0 f   cg_info.obj
 0001:00041f70       _CG_LoadingString          30042f70 f   cg_info.obj
 0001:00041fd0       _CG_ClearLightStyles       30042fd0 f   cg_light.obj
 0001:000420c0       _CG_RunLightStyles         300430c0 f   cg_light.obj
 0001:00042150       _CG_SetLightstyle          30043150 f   cg_light.obj
 0001:00042210       _CG_AddFragment            30043210 f   cg_localents.obj
 0001:00042640       _CG_AddLocalEntities       30043640 f   cg_localents.obj
 0001:00042f00       _CG_AddScorePlum           30043f00 f   cg_localents.obj
 0001:00043260       _CG_AllocLocalEntity       30044260 f   cg_localents.obj
 0001:000432e0       _CG_FreeLocalEntity        300442e0 f   cg_localents.obj
 0001:00043320       _CG_InitLocalEntities      30044320 f   cg_localents.obj
 0001:00043380       _BG_GetTime                30044380 f   cg_main.obj
 0001:00043390       _CG_Argv                   30044390 f   cg_main.obj
 0001:000433b0       _CG_Asset_Parse            300443b0 f   cg_main.obj
 0001:00043880       _CG_BuildSpectatorString   30044880 f   cg_main.obj
 0001:00043900       _CG_ConfigString           30044900 f   cg_main.obj
 0001:00043930       _CG_CreateModelFromSpawnEnt 30044930 f   cg_main.obj
 0001:00043ba0       _CG_CrosshairPlayer        30044ba0 f   cg_main.obj
 0001:00043ed0       _CG_DrawMiscEnts           30044ed0 f   cg_main.obj
 0001:00044000       _CG_Error                  30045000 f   cg_main.obj
 0001:000442a0       _CG_DeferMenuScript        300452a0 f   cg_newDraw.obj
 0001:000442a0       _ItemParse_isSaber         300452a0 f   ui_shared.obj
 0001:000442a0       _ItemParse_isSaber2        300452a0 f   ui_shared.obj
 0001:00044560       _CG_GetLocationString      30045560 f   cg_main.obj
 0001:00044590       _CG_GetStringEdString      30045590 f   cg_main.obj
 0001:00044620       _CG_Init                   30045620 f   cg_main.obj
 0001:00045750       _CG_LastAttacker           30046750 f   cg_main.obj
 0001:00045770       _CG_LoadMenus              30046770 f   cg_main.obj
 0001:000459c0       _CG_NewString              300469c0 f   cg_main.obj
 0001:00045a80       _CG_NextForcePower_f       30046a80 f   cg_main.obj
 0001:00045be0       _CG_NextInventory_f        30046be0 f   cg_main.obj
 0001:00045c90       _CG_NoUseableForce         30046c90 f   cg_main.obj
 0001:00045dc0       _CG_ParseSiegeState        30046dc0 f   cg_main.obj
 0001:00045e80       _CG_ParseSpawnVars         30046e80 f   cg_main.obj
 0001:00046060       _CG_ParseWeatherEffect     30047060 f   cg_main.obj
 0001:000460a0       _CG_PrevForcePower_f       300470a0 f   cg_main.obj
 0001:00046200       _CG_PrevInventory_f        30047200 f   cg_main.obj
 0001:000462b0       _CG_Printf                 300472b0 f   cg_main.obj
 0001:00046300       _CG_RegisterCvars          30047300 f   cg_main.obj
 0001:00048be0       _CG_SetScoreSelection      30049be0 f   cg_main.obj
 0001:00048ca0       _CG_SiegeCountCvars        30049ca0 f   cg_main.obj
 0001:00048ee0       _CG_SpawnCGameEntFromVars  30049ee0 f   cg_main.obj
 0001:000490a0       _CG_StartMusic             3004a0a0 f   cg_main.obj
 0001:000491a0       _CG_Text_PaintWithCursor   3004a1a0 f   cg_main.obj
 0001:000491f0       _CG_UpdateCvars            3004a1f0 f   cg_main.obj
 0001:000492f0       _Com_Error                 3004a2f0 f   cg_main.obj
 0001:00049340       _Com_Printf                3004a340 f   cg_main.obj
 0001:00049390       _vmMain                    3004a390 f   cg_main.obj
 0001:00049df0       _CG_AddMarks               3004adf0 f   cg_marks.obj
 0001:00049f80       _CG_AddParticleToScene     3004af80 f   cg_marks.obj
 0001:0004bb70       _CG_AddParticles           3004cb70 f   cg_marks.obj
 0001:0004bf50       _CG_AllocMark              3004cf50 f   cg_marks.obj
 0001:0004bff0       _CG_ClearParticles         3004cff0 f   cg_marks.obj
 0001:0004c080       _CG_ImpactMark             3004d080 f   cg_marks.obj
 0001:0004c570       _CG_InitMarkPolys          3004d570 f   cg_marks.obj
 0001:0004c5d0       _CG_EventHandling          3004d5d0 f   cg_newDraw.obj
 0001:0004c600       _CG_GameTypeString         3004d600 f   cg_newDraw.obj
 0001:0004c670       _CG_GetGameStatusText      3004d670 f   cg_newDraw.obj
 0001:0004c780       _CG_GetKillerText          3004d780 f   cg_newDraw.obj
 0001:0004c7c0       _CG_GetSelectedPlayer      3004d7c0 f   cg_newDraw.obj
 0001:0004c7e0       _CG_GetTeamColor           3004d7e0 f   cg_newDraw.obj
 0001:0004c850       _CG_GetValue               3004d850 f   cg_newDraw.obj
 0001:0004c9c0       _CG_KeyEvent               3004d9c0 f   cg_newDraw.obj
 0001:0004ca70       _CG_MouseEvent             3004da70 f   cg_newDraw.obj
 0001:0004cb60       _CG_OtherTeamHasFlag       3004db60 f   cg_newDraw.obj
 0001:0004cba0       _CG_OwnerDrawVisible       3004dba0 f   cg_newDraw.obj
 0001:0004cd50       _CG_StatusHandle           3004dd50 f   cg_newDraw.obj
 0001:0004cdb0       _CG_YourTeamHasFlag        3004ddb0 f   cg_newDraw.obj
 0001:0004cdf0       _ApplyAxisRotation         3004ddf0 f   cg_players.obj
 0001:0004d320       _CG_ActualLoadDeferredPlayers 3004e320 f   cg_players.obj
 0001:0004d6c0       _CG_AddGhoul2Mark          3004e6c0 f   cg_players.obj
 0001:0004d880       _CG_AddRefEntityWithPowerups 3004e880 f   cg_players.obj
 0001:0004d900       _CG_AddSaberBlade          3004e900 f   cg_players.obj
 0001:0004f890       _CG_CacheG2AnimInfo        30050890 f   cg_players.obj
 0001:0004fa60       _CG_CheckThirdPersonAlpha  30050a60 f   cg_players.obj
 0001:0004fcf0       _CG_CleanJetpack2Ghoul2    30050cf0 f   cg_players.obj
 0001:0004fd20       _CG_CleanJetpack3Ghoul2    30050d20 f   cg_players.obj
 0001:0004fd50       _CG_CleanJetpack4Ghoul2    30050d50 f   cg_players.obj
 0001:0004fd80       _CG_CleanJetpack5Ghoul2    30050d80 f   cg_players.obj
 0001:0004fdb0       _CG_CleanJetpack6Ghoul2    30050db0 f   cg_players.obj
 0001:0004fde0       _CG_CleanJetpackGhoul2     30050de0 f   cg_players.obj
 0001:00050110       _CG_CreateNPCClient        30051110 f   cg_players.obj
 0001:00050130       _CG_CreateSaberMarks       30051130 f   cg_players.obj
 0001:00050cc0       _CG_CustomSound            30051cc0 f   cg_players.obj
 0001:00051020       _CG_DestroyNPCClient       30052020 f   cg_players.obj
 0001:00051040       _CG_DoEp1Saber             30052040 f   cg_players.obj
 0001:000527b0       _CG_DoEp2Saber             300537b0 f   cg_players.obj
 0001:000540b0       _CG_DoEp3Saber             300550b0 f   cg_players.obj
 0001:00055960       _CG_DoOTSaber              30056960 f   cg_players.obj
 0001:000570f0       _CG_DoSFXSaber             300580f0 f   cg_players.obj
 0001:00058800       _CG_DoSaber                30059800 f   cg_players.obj
 0001:00058dd0       _CG_DoSaberLight           30059dd0 f   cg_players.obj
 0001:00059200       _CG_DrawPlayerSphere       3005a200 f   cg_players.obj
 0001:0005abc0       _CG_G2AnimEntModelLoad     3005bbc0 f   cg_players.obj
 0001:0005b340       _CG_G2Animated             3005c340 f   cg_players.obj
 0001:0005bad0       _CG_G2PlayerHeadAnims      3005cad0 f   cg_players.obj
 0001:0005bec0       _CG_G2ServerBoneAngles     3005cec0 f   cg_players.obj
 0001:0005c100       _CG_G2SkelForModel         3005d100 f   cg_players.obj
 0001:0005c170       _CG_G2TraceCollide         3005d170 f   cg_players.obj
 0001:0005c330       _CG_HandleAppendedSkin     3005d330 f   cg_players.obj
 0001:0005c3f0       _CG_HolsteredWeaponRender  3005d3f0 f   cg_players.obj
 0001:0005c9e0       _CG_InitJetpack2Ghoul2     3005d9e0 f   cg_players.obj
 0001:0005ca40       _CG_InitJetpack3Ghoul2     3005da40 f   cg_players.obj
 0001:0005caa0       _CG_InitJetpack4Ghoul2     3005daa0 f   cg_players.obj
 0001:0005cb00       _CG_InitJetpack5Ghoul2     3005db00 f   cg_players.obj
 0001:0005cb60       _CG_InitJetpack6Ghoul2     3005db60 f   cg_players.obj
 0001:0005cbc0       _CG_InitJetpackGhoul2      3005dbc0 f   cg_players.obj
 0001:0005cc20       _CG_IsMindTricked          3005dc20 f   cg_players.obj
 0001:0005cc90       _CG_LoadCISounds           3005dc90 f   cg_players.obj
 0001:0005d0a0       _CG_LoadClientInfo         3005e0a0 f   cg_players.obj
 0001:0005d3e0       _CG_LoadDeferredPlayers    3005e3e0 f   cg_players.obj
 0001:0005d3f0       _CG_NewClientInfo          3005e3f0 f   cg_players.obj
 0001:0005e270       _CG_ParseAnimationEvtFile  3005f270 f   cg_players.obj
 0001:0005e5f0       _CG_ParseScriptedSaber     3005f5f0 f   cg_players.obj
 0001:0005e710       _CG_ParseSurfsFile         3005f710 f   cg_players.obj
 0001:0005e8d0       _CG_Player                 3005f8d0 f   cg_players.obj
 0001:000664b0       _CG_PlayerAmbientEvents    300674b0 f   cg_players.obj
 0001:00066640       _CG_PlayerAnimEventDo      30067640 f   cg_players.obj
 0001:00066b60       _CG_PlayerAnimEvents       30067b60 f   cg_players.obj
 0001:00067420       _CG_PlayerShieldHit        30068420 f   cg_players.obj
 0001:00067710       _CG_RadiusForCent          30068710 f   cg_players.obj
 0001:00067790       _CG_RagDoll                30068790 f   cg_players.obj
 0001:000690e0       _CG_ResetPlayerEntity      3006a0e0 f   cg_players.obj
 0001:000698b0       _CG_SaberCompWork          3006a8b0 f   cg_players.obj
 0001:0006a5f0       _CG_ThereIsAMaster         3006b5f0 f   cg_players.obj
 0001:0006aed0       _CG_VehicleShouldDrawShields 3006bed0 f   cg_players.obj
 0001:0006af10       _CG_VisualWeaponsUpdate    3006bf10 f   cg_players.obj
 0001:0006bfd0       _FindGender                3006cfd0 f   cg_players.obj
 0001:0006c0c0       _ParseAnimationEvtBlock    3006d0c0 f   cg_players.obj
 0001:0006c9d0       _ParseRGBSaber             3006d9d0 f   cg_players.obj
 0001:0006ca20       _RGB_AdjustPimpSaberColor  3006da20 f   cg_players.obj
 0001:0006cbb0       _RGB_AdjustSciptedSaberColor 3006dbb0 f   cg_players.obj
 0001:0006cd10       _RGB_RandomRGB             3006dd10 f   cg_players.obj
 0001:0006cd70       _SmoothTrueView            3006dd70 f   cg_players.obj
 0001:0006da50       _CG_CheckLocalSounds       3006ea50 f   cg_playerstate.obj
 0001:0006dc30       _CG_DamageFeedback         3006ec30 f   cg_playerstate.obj
 0001:0006df60       _CG_Respawn                3006ef60 f   cg_playerstate.obj
 0001:0006dfa0       _CG_TransitionPlayerState  3006efa0 f   cg_playerstate.obj
 0001:0006e1c0       _CG_BuildSolidList         3006f1c0 f   cg_predict.obj
 0001:0006e7f0       _CG_G2Trace                3006f7f0 f   cg_predict.obj
 0001:0006ebe0       _CG_PmoveClientPointerUpdate 3006fbe0 f   cg_predict.obj
 0001:0006ec70       _CG_PointContents          3006fc70 f   cg_predict.obj
 0001:0006ecf0       _CG_PredictPlayerState     3006fcf0 f   cg_predict.obj
 0001:00070170       _CG_Trace                  30071170 f   cg_predict.obj
 0001:00070200       _CG_UsingEWeb              30071200 f   cg_predict.obj
 0001:000702d0       _CG_AdjustEyePos           300712d0 f   cg_saga.obj
 0001:00070340       _CG_InitSiegeMode          30071340 f   cg_saga.obj
 0001:00070a00       _CG_ParseSiegeExtendedData 30071a00 f   cg_saga.obj
 0001:00070b90       _CG_ParseSiegeObjectiveStatus 30071b90 f   cg_saga.obj
 0001:00070e20       _CG_PrecachePlayersForSiegeTeam 30071e20 f   cg_saga.obj
 0001:00070f40       _CG_PrecacheSiegeObjectiveAssetsForTeam 30071f40 f   cg_saga.obj
 0001:000710f0       _CG_SetSiegeTimerCvar      300720f0 f   cg_saga.obj
 0001:00071160       _CG_SiegeBriefingDisplay   30072160 f   cg_saga.obj
 0001:00071590       _CG_SiegeGetObjectiveDescription 30072590 f   cg_saga.obj
 0001:00071630       _CG_SiegeGetObjectiveFinal 30072630 f   cg_saga.obj
 0001:000716e0       _CG_SiegeObjectiveCompleted 300726e0 f   cg_saga.obj
 0001:00071870       _CG_SiegeRoundOver         30072870 f   cg_saga.obj
 0001:000719c0       _CG_TrueViewInit           300729c0 f   cg_saga.obj
 0001:00071a50       _siege_Cvar_Set            30072a50 f   cg_saga.obj
 0001:00071b80       _siege_Cvar_VariableStringBuffer 30072b80 f   cg_saga.obj
 0001:00071c40       _siegecvarlist             30072c40 f   cg_saga.obj
 0001:00072300       _CG_DrawOldScoreboard      30073300 f   cg_scoreboard.obj
 0001:00072c00       _CG_GetClassCount          30073c00 f   cg_scoreboard.obj
 0001:00072c60       _CG_GetTeamCount           30073c60 f   cg_scoreboard.obj
 0001:00072cc0       _CG_GetTeamNonScoreCount   30073cc0 f   cg_scoreboard.obj
 0001:00073020       _CG_CheckSVStringEdRef     30074020 f   cg_servercmds.obj
 0001:000739f0       _CG_ExecuteNewServerCommands 300749f0 f   cg_servercmds.obj
 0001:00073a30       _CG_HandleNPCSounds        30074a30 f   cg_servercmds.obj
 0001:00073ee0       _CG_KillCEntityG2          30074ee0 f   cg_servercmds.obj
 0001:00074070       _CG_KillCEntityInstances   30075070 f   cg_servercmds.obj
 0001:000744d0       _CG_ParseServerinfo        300754d0 f   cg_servercmds.obj
 0001:000748d0       _CG_PrecacheNPCSounds      300758d0 f   cg_servercmds.obj
 0001:00075a40       _CG_SetConfigValues        30076a40 f   cg_servercmds.obj
 0001:00075b70       _CG_ShaderStateChanged     30076b70 f   cg_servercmds.obj
 0001:00075ce0       _CG_ProcessSnapshots       30076ce0 f   cg_snapshot.obj
 0001:000763c0       _strap_G2API_AnimateG2Models 300773c0 f   cg_strap.obj
 0001:000763d0       _strap_G2API_GetBoltMatrix 300773d0 f   cg_strap.obj
 0001:000763e0       _strap_G2API_GetBoltMatrix_NoRecNoRot 300773e0 f   cg_strap.obj
 0001:000763f0       _strap_G2API_GetBoneAnim   300773f0 f   cg_strap.obj
 0001:00076400       _strap_G2API_IKMove        30077400 f   cg_strap.obj
 0001:00076410       _strap_G2API_SetBoneAngles 30077410 f   cg_strap.obj
 0001:00076420       _strap_G2API_SetBoneAnim   30077420 f   cg_strap.obj
 0001:00076460       _strap_G2API_SetBoneIKState 30077460 f   cg_strap.obj
 0001:00076470       _dllEntry                  30077470 f   cg_syscalls.obj
 0001:00076480       _trap_AS_AddPrecacheEntry  30077480 f   cg_syscalls.obj
 0001:000764a0       _trap_AS_GetBModelSound    300774a0 f   cg_syscalls.obj
 0001:000764c0       _trap_AS_ParseSets         300774c0 f   cg_syscalls.obj
 0001:000764d0       _trap_AddCommand           300774d0 f   cg_syscalls.obj
 0001:000764f0       _trap_AnyLanguage_ReadCharFromString 300774f0 f   cg_syscalls.obj
 0001:00076510       _trap_Argc                 30077510 f   cg_syscalls.obj
 0001:00076520       _trap_Args                 30077520 f   cg_syscalls.obj
 0001:00076540       _trap_Argv                 30077540 f   cg_syscalls.obj
 0001:00076560       _trap_CG_RegisterSharedMemory 30077560 f   cg_syscalls.obj
 0001:00076580       _trap_CIN_DrawCinematic    30077580 f   cg_syscalls.obj
 0001:000765a0       _trap_CIN_PlayCinematic    300775a0 f   cg_syscalls.obj
 0001:000765d0       _trap_CIN_RunCinematic     300775d0 f   cg_syscalls.obj
 0001:000765f0       _trap_CIN_SetExtents       300775f0 f   cg_syscalls.obj
 0001:00076620       _trap_CIN_StopCinematic    30077620 f   cg_syscalls.obj
 0001:00076640       _trap_CM_BoxTrace          30077640 f   cg_syscalls.obj
 0001:00076670       _trap_CM_InlineModel       30077670 f   cg_syscalls.obj
 0001:00076690       _trap_CM_LoadMap           30077690 f   cg_syscalls.obj
 0001:000766b0       _trap_CM_MarkFragments     300776b0 f   cg_syscalls.obj
 0001:000766e0       _trap_CM_NumInlineModels   300776e0 f   cg_syscalls.obj
 0001:000766f0       _trap_CM_PointContents     300776f0 f   cg_syscalls.obj
 0001:00076710       _trap_CM_TempBoxModel      30077710 f   cg_syscalls.obj
 0001:00076730       _trap_CM_TransformedBoxTrace 30077730 f   cg_syscalls.obj
 0001:00076760       _trap_CM_TransformedPointContents 30077760 f   cg_syscalls.obj
 0001:00076780       _trap_Cvar_Register        30077780 f   cg_syscalls.obj
 0001:000767a0       _trap_Cvar_Set             300777a0 f   cg_syscalls.obj
 0001:000767c0       _trap_Cvar_Update          300777c0 f   cg_syscalls.obj
 0001:000767e0       _trap_Cvar_VariableStringBuffer 300777e0 f   cg_syscalls.obj
 0001:00076800       _trap_Error                30077800 f   cg_syscalls.obj
 0001:00076820       _trap_FS_FCloseFile        30077820 f   cg_syscalls.obj
 0001:00076840       _trap_FS_FOpenFile         30077840 f   cg_syscalls.obj
 0001:00076860       _trap_FS_GetFileList       30077860 f   cg_syscalls.obj
 0001:00076880       _trap_FS_Read              30077880 f   cg_syscalls.obj
 0001:000768a0       _trap_FX_AddBezier         300778a0 f   cg_syscalls.obj
 0001:000768c0       _trap_FX_AddElectricity    300778c0 f   cg_syscalls.obj
 0001:000768e0       _trap_FX_AddLine           300778e0 f   cg_syscalls.obj
 0001:00076970       _trap_FX_AddPoly           30077970 f   cg_syscalls.obj
 0001:00076990       _trap_FX_AddPrimitive      30077990 f   cg_syscalls.obj
 0001:000769b0       _trap_FX_AddScheduledEffects 300779b0 f   cg_syscalls.obj
 0001:000769d0       _trap_FX_AddSprite         300779d0 f   cg_syscalls.obj
 0001:000769f0       _trap_FX_AdjustTime        300779f0 f   cg_syscalls.obj
 0001:00076a10       _trap_FX_FreeSystem        30077a10 f   cg_syscalls.obj
 0001:00076a20       _trap_FX_InitSystem        30077a20 f   cg_syscalls.obj
 0001:00076a40       _trap_FX_PlayBoltedEffectID 30077a40 f   cg_syscalls.obj
 0001:00076a70       _trap_FX_PlayEffectID      30077a70 f   cg_syscalls.obj
 0001:00076aa0       _trap_FX_PlayEntityEffectID 30077aa0 f   cg_syscalls.obj
 0001:00076ad0       _trap_FX_PlayPortalEffectID 30077ad0 f   cg_syscalls.obj
 0001:00076af0       _trap_FX_RegisterEffect    30077af0 f   cg_syscalls.obj
 0001:00076b10       _trap_G2API_AbsurdSmoothing 30077b10 f   cg_syscalls.obj
 0001:00076b30       _trap_G2API_AddBolt        30077b30 f   cg_syscalls.obj
 0001:00076b50       _trap_G2API_AddSkinGore    30077b50 f   cg_syscalls.obj
 0001:00076b70       _trap_G2API_AnimateG2Models 30077b70 f   cg_syscalls.obj
 0001:00076b90       _trap_G2API_AttachInstanceToEntNum 30077b90 f   cg_syscalls.obj
 0001:00076bb0       _trap_G2API_CleanGhoul2Models 30077bb0 f   cg_syscalls.obj
 0001:00076bd0       _trap_G2API_ClearAttachedInstance 30077bd0 f   cg_syscalls.obj
 0001:00076bf0       _trap_G2API_ClearSkinGore  30077bf0 f   cg_syscalls.obj
 0001:00076c10       _trap_G2API_CollisionDetect 30077c10 f   cg_syscalls.obj
 0001:00076c60       _trap_G2API_CollisionDetectCache 30077c60 f   cg_syscalls.obj
 0001:00076cb0       _trap_G2API_CopySpecificGhoul2Model 30077cb0 f   cg_syscalls.obj
 0001:00076cd0       _trap_G2API_DuplicateGhoul2Instance 30077cd0 f   cg_syscalls.obj
 0001:00076cf0       _trap_G2API_GetBoltMatrix  30077cf0 f   cg_syscalls.obj
 0001:00076d20       _trap_G2API_GetBoltMatrix_NoRecNoRot 30077d20 f   cg_syscalls.obj
 0001:00076d50       _trap_G2API_GetBoneAnim    30077d50 f   cg_syscalls.obj
 0001:00076d90       _trap_G2API_GetBoneFrame   30077d90 f   cg_syscalls.obj
 0001:00076dc0       _trap_G2API_GetGLAName     30077dc0 f   cg_syscalls.obj
 0001:00076de0       _trap_G2API_GetNumGoreMarks 30077de0 f   cg_syscalls.obj
 0001:00076e00       _trap_G2API_GetSurfaceRenderStatus 30077e00 f   cg_syscalls.obj
 0001:00076e20       _trap_G2API_HasGhoul2ModelOnIndex 30077e20 f   cg_syscalls.obj
 0001:00076e40       _trap_G2API_IKMove         30077e40 f   cg_syscalls.obj
 0001:00076e60       _trap_G2API_InitGhoul2Model 30077e60 f   cg_syscalls.obj
 0001:00076e90       _trap_G2API_RagEffectorGoal 30077e90 f   cg_syscalls.obj
 0001:00076eb0       _trap_G2API_RagEffectorKick 30077eb0 f   cg_syscalls.obj
 0001:00076ed0       _trap_G2API_RagForceSolve  30077ed0 f   cg_syscalls.obj
 0001:00076ef0       _trap_G2API_RagPCJConstraint 30077ef0 f   cg_syscalls.obj
 0001:00076f10       _trap_G2API_RagPCJGradientSpeed 30077f10 f   cg_syscalls.obj
 0001:00076f40       _trap_G2API_RemoveGhoul2Model 30077f40 f   cg_syscalls.obj
 0001:00076f60       _trap_G2API_SetBoltInfo    30077f60 f   cg_syscalls.obj
 0001:00076f80       _trap_G2API_SetBoneAngles  30077f80 f   cg_syscalls.obj
 0001:00076fc0       _trap_G2API_SetBoneAnim    30077fc0 f   cg_syscalls.obj
 0001:00077010       _trap_G2API_SetBoneIKState 30078010 f   cg_syscalls.obj
 0001:00077040       _trap_G2API_SetNewOrigin   30078040 f   cg_syscalls.obj
 0001:00077060       _trap_G2API_SetRagDoll     30078060 f   cg_syscalls.obj
 0001:00077080       _trap_G2API_SetRootSurface 30078080 f   cg_syscalls.obj
 0001:000770a0       _trap_G2API_SetSkin        300780a0 f   cg_syscalls.obj
 0001:000770c0       _trap_G2API_SetSurfaceOnOff 300780c0 f   cg_syscalls.obj
 0001:000770e0       _trap_G2API_SkinlessModel  300780e0 f   cg_syscalls.obj
 0001:00077100       _trap_G2_HaveWeGhoul2Models 30078100 f   cg_syscalls.obj
 0001:00077120       _trap_GetCurrentCmdNumber  30078120 f   cg_syscalls.obj
 0001:00077130       _trap_GetCurrentSnapshotNumber 30078130 f   cg_syscalls.obj
 0001:00077150       _trap_GetDefaultState      30078150 f   cg_syscalls.obj
 0001:00077170       _trap_GetEntityToken       30078170 f   cg_syscalls.obj
 0001:00077190       _trap_GetGameState         30078190 f   cg_syscalls.obj
 0001:000771b0       _trap_GetGlconfig          300781b0 f   cg_syscalls.obj
 0001:000771d0       _trap_GetServerCommand     300781d0 f   cg_syscalls.obj
 0001:000771f0       _trap_GetSnapshot          300781f0 f   cg_syscalls.obj
 0001:00077210       _trap_GetUserCmd           30078210 f   cg_syscalls.obj
 0001:00077230       _trap_Key_GetCatcher       30078230 f   cg_syscalls.obj
 0001:00077240       _trap_Key_SetCatcher       30078240 f   cg_syscalls.obj
 0001:00077260       _trap_Language_IsAsian     30078260 f   cg_syscalls.obj
 0001:00077270       _trap_Language_UsesSpaces  30078270 f   cg_syscalls.obj
 0001:00077280       _trap_Milliseconds         30078280 f   cg_syscalls.obj
 0001:00077290       _trap_OpenUIMenu           30078290 f   cg_syscalls.obj
 0001:000772b0       _trap_PC_FreeSource        300782b0 f   cg_syscalls.obj
 0001:000772d0       _trap_PC_LoadSource        300782d0 f   cg_syscalls.obj
 0001:000772f0       _trap_PC_ReadToken         300782f0 f   cg_syscalls.obj
 0001:00077310       _trap_PC_SourceFileAndLine 30078310 f   cg_syscalls.obj
 0001:00077330       _trap_Print                30078330 f   cg_syscalls.obj
 0001:00077350       _trap_ROFF_Clean           30078350 f   cg_syscalls.obj
 0001:00077360       _trap_ROFF_Play            30078360 f   cg_syscalls.obj
 0001:00077380       _trap_ROFF_UpdateEntities  30078380 f   cg_syscalls.obj
 0001:00077390       _trap_R_AddDecalToScene    30078390 f   cg_syscalls.obj
 0001:00077400       _trap_R_AddLightToScene    30078400 f   cg_syscalls.obj
 0001:00077450       _trap_R_AddPolyToScene     30078450 f   cg_syscalls.obj
 0001:00077470       _trap_R_AddRefEntityToScene 30078470 f   cg_syscalls.obj
 0001:00077490       _trap_R_AutomapElevAdj     30078490 f   cg_syscalls.obj
 0001:000774b0       _trap_R_ClearDecals        300784b0 f   cg_syscalls.obj
 0001:000774c0       _trap_R_ClearScene         300784c0 f   cg_syscalls.obj
 0001:000774d0       _trap_R_DrawRotatePic      300784d0 f   cg_syscalls.obj
 0001:00077560       _trap_R_DrawRotatePic2     30078560 f   cg_syscalls.obj
 0001:000775f0       _trap_R_DrawStretchPic     300785f0 f   cg_syscalls.obj
 0001:00077670       _trap_R_Font_DrawString    30078670 f   cg_syscalls.obj
 0001:000776a0       _trap_R_Font_HeightPixels  300786a0 f   cg_syscalls.obj
 0001:000776c0       _trap_R_Font_StrLenChars   300786c0 f   cg_syscalls.obj
 0001:000776e0       _trap_R_Font_StrLenPixels  300786e0 f   cg_syscalls.obj
 0001:00077720       _trap_R_GetBModelVerts     30078720 f   cg_syscalls.obj
 0001:00077740       _trap_R_GetDistanceCull    30078740 f   cg_syscalls.obj
 0001:00077760       _trap_R_GetRealRes         30078760 f   cg_syscalls.obj
 0001:00077780       _trap_R_InitWireframeAutomap 30078780 f   cg_syscalls.obj
 0001:00077790       _trap_R_LerpTag            30078790 f   cg_syscalls.obj
 0001:000777c0       _trap_R_LoadWorldMap       300787c0 f   cg_syscalls.obj
 0001:000777e0       _trap_R_ModelBounds        300787e0 f   cg_syscalls.obj
 0001:00077800       _trap_R_RegisterFont       30078800 f   cg_syscalls.obj
 0001:00077820       _trap_R_RegisterModel      30078820 f   cg_syscalls.obj
 0001:00077840       _trap_R_RegisterShader     30078840 f   cg_syscalls.obj
 0001:00077860       _trap_R_RegisterShaderNoMip 30078860 f   cg_syscalls.obj
 0001:00077880       _trap_R_RegisterSkin       30078880 f   cg_syscalls.obj
 0001:000778a0       _trap_R_RemapShader        300788a0 f   cg_syscalls.obj
 0001:000778c0       _trap_R_RenderScene        300788c0 f   cg_syscalls.obj
 0001:000778e0       _trap_R_SetColor           300788e0 f   cg_syscalls.obj
 0001:00077900       _trap_R_SetLightStyle      30078900 f   cg_syscalls.obj
 0001:00077920       _trap_R_SetRangeFog        30078920 f   cg_syscalls.obj
 0001:00077940       _trap_R_SetRefractProp     30078940 f   cg_syscalls.obj
 0001:00077980       _trap_R_WeatherContentsOverride 30078980 f   cg_syscalls.obj
 0001:000779a0       _trap_R_WorldEffectCommand 300789a0 f   cg_syscalls.obj
 0001:000779c0       _trap_R_inPVS              300789c0 f   cg_syscalls.obj
 0001:000779e0       _trap_SP_GetStringTextString 300789e0 f   cg_syscalls.obj
 0001:00077a00       _trap_S_AddLocalSet        30078a00 f   cg_syscalls.obj
 0001:00077a20       _trap_S_AddLoopingSound    30078a20 f   cg_syscalls.obj
 0001:00077a40       _trap_S_AddRealLoopingSound 30078a40 f   cg_syscalls.obj
 0001:00077a60       _trap_S_ClearLoopingSounds 30078a60 f   cg_syscalls.obj
 0001:00077a70       _trap_S_GetVoiceVolume     30078a70 f   cg_syscalls.obj
 0001:00077a90       _trap_S_MuteSound          30078a90 f   cg_syscalls.obj
 0001:00077ab0       _trap_S_RegisterSound      30078ab0 f   cg_syscalls.obj
 0001:00077ad0       _trap_S_Respatialize       30078ad0 f   cg_syscalls.obj
 0001:00077af0       _trap_S_ShutUp             30078af0 f   cg_syscalls.obj
 0001:00077b10       _trap_S_StartBackgroundTrack 30078b10 f   cg_syscalls.obj
 0001:00077b30       _trap_S_StartLocalSound    30078b30 f   cg_syscalls.obj
 0001:00077b50       _trap_S_StartSound         30078b50 f   cg_syscalls.obj
 0001:00077b70       _trap_S_StopBackgroundTrack 30078b70 f   cg_syscalls.obj
 0001:00077b80       _trap_S_UpdateAmbientSet   30078b80 f   cg_syscalls.obj
 0001:00077ba0       _trap_S_UpdateEntityPosition 30078ba0 f   cg_syscalls.obj
 0001:00077bc0       _trap_SendClientCommand    30078bc0 f   cg_syscalls.obj
 0001:00077be0       _trap_SendConsoleCommand   30078be0 f   cg_syscalls.obj
 0001:00077c00       _trap_SetClientForceAngle  30078c00 f   cg_syscalls.obj
 0001:00077c20       _trap_SetUserCmdValue      30078c20 f   cg_syscalls.obj
 0001:00077c80       _trap_SnapVector           30078c80 f   cg_syscalls.obj
 0001:00077ca0       _trap_TrueFree             30078ca0 f   cg_syscalls.obj
 0001:00077cc0       _trap_TrueMalloc           30078cc0 f   cg_syscalls.obj
 0001:00077ce0       _trap_UpdateScreen         30078ce0 f   cg_syscalls.obj
 0001:00077cf0       _trap_WE_AddWeatherZone    30078cf0 f   cg_syscalls.obj
 0001:00077d10       _CreepToPosition           30078d10 f   cg_turret.obj
 0001:00077e90       _TurretClientRun           30078e90 f   cg_turret.obj
 0001:00078220       _CGCam_SetMusicMult        30079220 f   cg_view.obj
 0001:00078260       _CG_AddBufferedSound       30079260 f   cg_view.obj
 0001:000783d0       _CG_CalcFOVFromX           300793d0 f   cg_view.obj
 0001:000790b0       _CG_CalcVrect              3007a0b0 f   cg_view.obj
 0001:00079180       _CG_DoCameraShake          3007a180 f   cg_view.obj
 0001:00079210       _CG_DrawActiveFrame        3007a210 f   cg_view.obj
 0001:00079eb0       _CG_DrawAutoMap            3007aeb0 f   cg_view.obj
 0001:0007a430       _CG_DrawSkyBoxPortal       3007b430 f   cg_view.obj
 0001:0007a8a0       _CG_GetVehicleCamPos       3007b8a0 f   cg_view.obj
 0001:0007b6a0       _CG_TestGun_f              3007c6a0 f   cg_view.obj
 0001:0007b7f0       _CG_TestModelNextFrame_f   3007c7f0 f   cg_view.obj
 0001:0007b810       _CG_TestModelNextSkin_f    3007c810 f   cg_view.obj
 0001:0007b830       _CG_TestModelPrevFrame_f   3007c830 f   cg_view.obj
 0001:0007b870       _CG_TestModelPrevSkin_f    3007c870 f   cg_view.obj
 0001:0007b8b0       _CG_TestModel_f            3007c8b0 f   cg_view.obj
 0001:0007c120       _CheckCameraLocation       3007d120 f   cg_view.obj
 0001:0007c190       _CG_RegisterWeapon         3007d190 f   cg_weaponinit.obj
 0001:0007e220       _CG_AddPlayerWeapon        3007f220 f   cg_weapons.obj
 0001:0007f540       _CG_AddViewWeapon          30080540 f   cg_weapons.obj
 0001:0007fac0       _CG_CalcMuzzlePoint        30080ac0 f   cg_weapons.obj
 0001:00080030       _CG_CheckPlayerG2Weapons   30081030 f   cg_weapons.obj
 0001:00080320       _CG_CopyG2WeaponInstance   30081320 f   cg_weapons.obj
 0001:000804a0       _CG_DrawIconBackground     300814a0 f   cg_weapons.obj
 0001:000805f0       _CG_DrawWeaponSelect       300815f0 f   cg_weapons.obj
 0001:00080ae0       _CG_FireWeapon             30081ae0 f   cg_weapons.obj
 0001:00080db0       _CG_G2HolsterWeaponInstance 30081db0 f   cg_weapons.obj
 0001:00080e20       _CG_G2WeaponInstance       30081e20 f   cg_weapons.obj
 0001:00080eb0       _CG_G2WeaponInstance2      30081eb0 f   cg_weapons.obj
 0001:00080f40       _CG_GetClientWeaponMuzzleBoltPoint 30081f40 f   cg_weapons.obj
 0001:00080ff0       _CG_InitG2Weapons          30081ff0 f   cg_weapons.obj
 0001:00081810       _CG_MissileHitPlayer       30082810 f   cg_weapons.obj
 0001:000819f0       _CG_MissileHitPlayer2      300829f0 f   cg_weapons.obj
 0001:00081bd0       _CG_MissileHitPlayer3      30082bd0 f   cg_weapons.obj
 0001:00081db0       _CG_MissileHitPlayer4      30082db0 f   cg_weapons.obj
 0001:00081f90       _CG_MissileHitWall         30082f90 f   cg_weapons.obj
 0001:00082190       _CG_MissileHitWall2        30083190 f   cg_weapons.obj
 0001:00082370       _CG_MissileHitWall3        30083370 f   cg_weapons.obj
 0001:00082570       _CG_MissileHitWall4        30083570 f   cg_weapons.obj
 0001:00082750       _CG_NextWeapon_f           30083750 f   cg_weapons.obj
 0001:00082870       _CG_PrevWeapon_f           30083870 f   cg_weapons.obj
 0001:00082950       _CG_RegisterItemVisuals    30083950 f   cg_weapons.obj
 0001:00082af0       _CG_ShutDownG2Weapons      30083af0 f   cg_weapons.obj
 0001:00082b70       _CG_VehicleWeaponImpact    30083b70 f   cg_weapons.obj
 0001:00082be0       _CG_WeaponClean_f          30083be0 f   cg_weapons.obj
 0001:00082da0       _CG_Weapon_f               30083da0 f   cg_weapons.obj
 0001:00082f60       _BG_FighterUpdate          30083f60 f   FighterNPC.obj
 0001:000832b0       _FighterIsLanding          300842b0 f   FighterNPC.obj
 0001:000833f0       _FighterOverValidLandingSurface 300843f0 f   FighterNPC.obj
 0001:00083430       _FighterYawAdjust          30084430 f   FighterNPC.obj
 0001:00083500       _G_SetFighterVehicleFunctions 30084500 f   FighterNPC.obj
 0001:00084ac0       _FX_BlasterProjectileThink 30085ac0 f   fx_blaster.obj
 0001:00084ac0       _FX_BowcasterAltProjectileThink2 30085ac0 f   fx_bowcaster.obj
 0001:00084ac0       _FX_BowcasterProjectileThink2 30085ac0 f   fx_bowcaster.obj
 0001:00084ac0       _FX_BryarOldProjectileThink4 30085ac0 f   fx_bryarpistol.obj
 0001:00084ac0       _FX_BryarProjectileThink2  30085ac0 f   fx_bryarpistol.obj
 0001:00084b20       _FX_BlasterProjectileThink2 30085b20 f   fx_blaster.obj
 0001:00084b20       _FX_BowcasterAltProjectileThink 30085b20 f   fx_bowcaster.obj
 0001:00084b20       _FX_BowcasterProjectileThink 30085b20 f   fx_bowcaster.obj
 0001:00084b20       _FX_BryarOldProjectileThink 30085b20 f   fx_bryarpistol.obj
 0001:00084b80       _FX_BlasterProjectileThink3 30085b80 f   fx_blaster.obj
 0001:00084b80       _FX_BowcasterAltProjectileThink3 30085b80 f   fx_bowcaster.obj
 0001:00084b80       _FX_BowcasterProjectileThink3 30085b80 f   fx_bowcaster.obj
 0001:00084b80       _FX_BryarProjectileThink3  30085b80 f   fx_bryarpistol.obj
 0001:00084be0       _FX_BlasterProjectileThink4 30085be0 f   fx_blaster.obj
 0001:00084be0       _FX_BryarProjectileThink   30085be0 f   fx_bryarpistol.obj
 0001:00084c40       _FX_BlasterWeaponHitPlayer 30085c40 f   fx_blaster.obj
 0001:00084c60       _FX_BlasterWeaponHitWall   30085c60 f   fx_blaster.obj
 0001:00084c80       _FX_BowcasterAltProjectileThink4 30085c80 f   fx_bowcaster.obj
 0001:00084c80       _FX_BowcasterProjectileThink4 30085c80 f   fx_bowcaster.obj
 0001:00084c80       _FX_BryarOldProjectileThink3 30085c80 f   fx_bryarpistol.obj
 0001:00084ce0       _FX_BowcasterHitPlayer     30085ce0 f   fx_bowcaster.obj
 0001:00084ce0       _FX_BowcasterHitWall       30085ce0 f   fx_bowcaster.obj
 0001:00084d00       _FX_BryarAltHitPlayer      30085d00 f   fx_bryarpistol.obj
 0001:00084d00       _FX_BryarHitPlayer         30085d00 f   fx_bryarpistol.obj
 0001:00084d00       _FX_TurretHitPlayer        30085d00 f   fx_bryarpistol.obj
 0001:00084d20       _FX_BryarAltHitWall        30085d20 f   fx_bryarpistol.obj
 0001:00084d20       _FX_BryarHitWall           30085d20 f   fx_bryarpistol.obj
 0001:00084d20       _FX_TurretHitWall          30085d20 f   fx_bryarpistol.obj
 0001:00084d40       _FX_BryarAltProjectileThink 30085d40 f   fx_bryarpistol.obj
 0001:00084dd0       _FX_BryarAltProjectileThink2 30085dd0 f   fx_bryarpistol.obj
 0001:00084dd0       _FX_BryarOldAltProjectileThink4 30085dd0 f   fx_bryarpistol.obj
 0001:00084e60       _FX_BryarAltProjectileThink3 30085e60 f   fx_bryarpistol.obj
 0001:00084ef0       _FX_BryarAltProjectileThink4 30085ef0 f   fx_bryarpistol.obj
 0001:00084f80       _FX_BryarOldAltHitPlayer   30085f80 f   fx_bryarpistol.obj
 0001:00084f80       _FX_BryarOldHitPlayer      30085f80 f   fx_bryarpistol.obj
 0001:00084fa0       _FX_BryarOldAltHitWall     30085fa0 f   fx_bryarpistol.obj
 0001:00084fa0       _FX_BryarOldHitWall        30085fa0 f   fx_bryarpistol.obj
 0001:00084fc0       _FX_BryarOldAltProjectileThink 30085fc0 f   fx_bryarpistol.obj
 0001:00085050       _FX_BryarOldAltProjectileThink2 30086050 f   fx_bryarpistol.obj
 0001:000850e0       _FX_BryarOldAltProjectileThink3 300860e0 f   fx_bryarpistol.obj
 0001:00085170       _FX_BryarOldProjectileThink2 30086170 f   fx_bryarpistol.obj
 0001:000851d0       _FX_BryarProjectileThink4  300861d0 f   fx_bryarpistol.obj
 0001:00085230       _FX_ConcAltShot            30086230 f   fx_bryarpistol.obj
 0001:00085310       _FX_ConcussionHitPlayer    30086310 f   fx_bryarpistol.obj
 0001:00085310       _FX_ConcussionHitWall      30086310 f   fx_bryarpistol.obj
 0001:00085330       _FX_ConcussionHitPlayer2   30086330 f   fx_bryarpistol.obj
 0001:00085330       _FX_ConcussionHitPlayer3   30086330 f   fx_bryarpistol.obj
 0001:00085330       _FX_ConcussionHitWall2     30086330 f   fx_bryarpistol.obj
 0001:00085330       _FX_ConcussionHitWall3     30086330 f   fx_bryarpistol.obj
 0001:00085330       _FX_RepeaterAltHitWall2    30086330 f   fx_heavyrepeater.obj
 0001:00085330       _FX_RepeaterAltHitWall4    30086330 f   fx_heavyrepeater.obj
 0001:00085330       _FX_RepeaterHitWall        30086330 f   fx_heavyrepeater.obj
 0001:00085350       _FX_ConcussionHitPlayer4   30086350 f   fx_bryarpistol.obj
 0001:00085350       _FX_ConcussionHitWall4     30086350 f   fx_bryarpistol.obj
 0001:00085370       _FX_ConcussionProjectileThink 30086370 f   fx_bryarpistol.obj
 0001:000853d0       _FX_ConcussionProjectileThink2 300863d0 f   fx_bryarpistol.obj
 0001:00085430       _FX_ConcussionProjectileThink3 30086430 f   fx_bryarpistol.obj
 0001:00085490       _FX_ConcussionProjectileThink4 30086490 f   fx_bryarpistol.obj
 0001:000854f0       _FX_DestructionHitPlayer   300864f0 f   fx_bryarpistol.obj
 0001:000854f0       _FX_DestructionHitWall     300864f0 f   fx_bryarpistol.obj
 0001:00085510       _FX_DestructionProjectileThink 30086510 f   fx_bryarpistol.obj
 0001:00085570       _FX_TurretProjectileThink  30086570 f   fx_bryarpistol.obj
 0001:000855d0       _FX_DEMP2_AltDetonate      300865d0 f   fx_demp2.obj
 0001:00085680       _FX_DEMP2_HitPlayer        30086680 f   fx_demp2.obj
 0001:00085680       _FX_DEMP2_HitPlayer3       30086680 f   fx_demp2.obj
 0001:000856a0       _FX_DEMP2_HitPlayer2       300866a0 f   fx_demp2.obj
 0001:000856c0       _FX_DEMP2_HitPlayer4       300866c0 f   fx_demp2.obj
 0001:000856e0       _FX_DEMP2_HitWall          300866e0 f   fx_demp2.obj
 0001:000856e0       _FX_DEMP2_HitWall3         300866e0 f   fx_demp2.obj
 0001:00085700       _FX_DEMP2_HitWall2         30086700 f   fx_demp2.obj
 0001:00085720       _FX_DEMP2_HitWall4         30086720 f   fx_demp2.obj
 0001:00085740       _FX_DEMP2_ProjectileThink  30086740 f   fx_demp2.obj
 0001:00085740       _FX_DEMP2_ProjectileThink3 30086740 f   fx_demp2.obj
 0001:000857a0       _FX_DEMP2_ProjectileThink2 300867a0 f   fx_demp2.obj
 0001:00085800       _FX_DEMP2_ProjectileThink4 30086800 f   fx_demp2.obj
 0001:00085860       _FX_DisruptorAltHit        30086860 f   fx_disruptor.obj
 0001:00085880       _FX_DisruptorAltMiss       30086880 f   fx_disruptor.obj
 0001:00085a40       _FX_DisruptorAltShot       30086a40 f   fx_disruptor.obj
 0001:00085b40       _FX_DisruptorAltShot2      30086b40 f   fx_disruptor.obj
 0001:00085c40       _FX_DisruptorAltShot3      30086c40 f   fx_disruptor.obj
 0001:00085d40       _FX_DisruptorAltShot4      30086d40 f   fx_disruptor.obj
 0001:00085e40       _FX_DisruptorHitPlayer     30086e40 f   fx_disruptor.obj
 0001:00085e60       _FX_DisruptorHitWall       30086e60 f   fx_disruptor.obj
 0001:00085e80       _FX_DisruptorMainShot      30086e80 f   fx_disruptor.obj
 0001:00085ef0       _FX_DisruptorMainShot2     30086ef0 f   fx_disruptor.obj
 0001:00085f60       _FX_DisruptorMainShot3     30086f60 f   fx_disruptor.obj
 0001:00085fd0       _FX_DisruptorMainShot4     30086fd0 f   fx_disruptor.obj
 0001:00086040       _FX_FlechetteAltProjectileThink 30087040 f   fx_flechette.obj
 0001:000860a0       _FX_FlechetteAltProjectileThink2 300870a0 f   fx_flechette.obj
 0001:000860a0       _FX_FlechetteProjectileThink2 300870a0 f   fx_flechette.obj
 0001:00086100       _FX_FlechetteAltProjectileThink3 30087100 f   fx_flechette.obj
 0001:00086100       _FX_FlechetteProjectileThink3 30087100 f   fx_flechette.obj
 0001:00086160       _FX_FlechetteAltProjectileThink4 30087160 f   fx_flechette.obj
 0001:000861c0       _FX_FlechetteProjectileThink 300871c0 f   fx_flechette.obj
 0001:00086280       _FX_FlechetteProjectileThink4 30087280 f   fx_flechette.obj
 0001:000862e0       _FX_FlechetteWeaponHitPlayer 300872e0 f   fx_flechette.obj
 0001:00086300       _FX_FlechetteWeaponHitWall 30087300 f   fx_flechette.obj
 0001:00086320       _FX_Burned                 30087320 f   fx_force.obj
 0001:00086390       _FX_ForceDrained           30087390 f   fx_force.obj
 0001:00086400       _FX_ForceHealed            30087400 f   fx_force.obj
 0001:00086470       _FX_ForceRegenerated       30087470 f   fx_force.obj
 0001:000864e0       _FX_ForceSevered           300874e0 f   fx_force.obj
 0001:00086550       _FX_Frozen                 30087550 f   fx_force.obj
 0001:000867d0       _FX_RepeaterAltHitPlayer   300877d0 f   fx_heavyrepeater.obj
 0001:000867d0       _FX_RepeaterAltHitWall     300877d0 f   fx_heavyrepeater.obj
 0001:000867f0       _FX_RepeaterAltHitWall3    300877f0 f   fx_heavyrepeater.obj
 0001:00086810       _FX_RepeaterAltProjectileThink 30087810 f   fx_heavyrepeater.obj
 0001:00086880       _FX_RepeaterAltProjectileThink2 30087880 f   fx_heavyrepeater.obj
 0001:000868f0       _FX_RepeaterAltProjectileThink3 300878f0 f   fx_heavyrepeater.obj
 0001:00086960       _FX_RepeaterAltProjectileThink4 30087960 f   fx_heavyrepeater.obj
 0001:000869d0       _FX_RepeaterHitPlayer      300879d0 f   fx_heavyrepeater.obj
 0001:000869f0       _FX_RepeaterProjectileThink 300879f0 f   fx_heavyrepeater.obj
 0001:00086a50       _FX_RepeaterProjectileThink2 30087a50 f   fx_heavyrepeater.obj
 0001:00086ab0       _FX_RepeaterProjectileThink3 30087ab0 f   fx_heavyrepeater.obj
 0001:00086b10       _FX_RepeaterProjectileThink4 30087b10 f   fx_heavyrepeater.obj
 0001:00086b70       _FX_RocketAltProjectileThink 30087b70 f   fx_rocketlauncher.obj
 0001:00086b70       _FX_RocketProjectileThink  30087b70 f   fx_rocketlauncher.obj
 0001:00086bd0       _AngleDelta                30087bd0 f   q_math.obj
 0001:00086c30       _AngleMod                  30087c30 f   q_math.obj
 0001:00086c30       _AngleNormalize360         30087c30 f   q_math.obj
 0001:00086c70       _AngleNormalize180         30087c70 f   q_math.obj
 0001:00086cd0       _AngleSubtract             30087cd0 f   q_math.obj
 0001:00086d50       _AngleVectors              30087d50 f   q_math.obj
 0001:00086f30       _AnglesSubtract            30087f30 f   q_math.obj
 0001:00087080       _AnglesToAxis              30088080 f   q_math.obj
 0001:00087290       _AxisClear                 30088290 f   q_math.obj
 0001:000872e0       _AxisCopy                  300882e0 f   q_math.obj
 0001:00087320       _ByteToDir                 30088320 f   q_math.obj
 0001:00087380       _G_FindClosestPointOnLineSegment 30088380 f   q_math.obj
 0001:000878b0       _JKA_powf                  300888b0 f   q_math.obj
 0001:00087920       _LerpAngle                 30088920 f   q_math.obj
 0001:00087980       _MatrixMultiply            30088980 f   q_math.obj
 0001:00087b10       _PerpendicularVector       30088b10 f   q_math.obj
 0001:00087ce0       _Q_fabs                    30088ce0 f   q_math.obj
 0001:00087cf0       _Q_irand                   30088cf0 f   q_math.obj
 0001:00087d20       _Q_random                  30088d20 f   q_math.obj
 0001:00087d50       _RotateAroundDirection     30088d50 f   q_math.obj
 0001:00087e10       _RotatePointAroundVector   30088e10 f   q_math.obj
 0001:000881b0       _ShortestLineSegBewteen2LineSegs 300891b0 f   q_math.obj
 0001:00088a00       _VectorNormalize           30089a00 f   q_math.obj
 0001:00088ac0       _VectorNormalize2          30089ac0 f   q_math.obj
 0001:00088b80       _flrand                    30089b80 f   q_math.obj
 0001:00088be0       _vectoangles               30089be0 f   q_math.obj
 0001:00088d70       _COM_BeginParseSession     30089d70 f   q_shared.obj
 0001:00088da0       _COM_BitCheck              30089da0 f   q_shared.obj
 0001:00088dd0       _COM_Compress              30089dd0 f   q_shared.obj
 0001:00088ee0       _COM_Parse                 30089ee0 f   q_shared.obj
 0001:00088f00       _COM_ParseExt              30089f00 f   q_shared.obj
 0001:00089060       _COM_ParseFloat            3008a060 f   q_shared.obj
 0001:000890a0       _COM_ParseInt              3008a0a0 f   q_shared.obj
 0001:000890e0       _COM_ParseString           3008a0e0 f   q_shared.obj
 0001:00089120       _COM_StripExtension        3008a120 f   q_shared.obj
 0001:00089150       _Com_sprintf               3008a150 f   q_shared.obj
 0001:000891b0       _GetIDForString            3008a1b0 f   q_shared.obj
 0001:00089270       _GetStringForID            3008a270 f   q_shared.obj
 0001:000892a0       _Info_ValueForKey          3008a2a0 f   q_shared.obj
 0001:000893f0       _Q_CleanStr                3008a3f0 f   q_shared.obj
 0001:00089440       _Q_strcat                  3008a440 f   q_shared.obj
 0001:000894d0       _Q_stricmp                 3008a4d0 f   q_shared.obj
 0001:00089550       _Q_stricmpn                3008a550 f   q_shared.obj
 0001:000895e0       _Q_strncmp                 3008a5e0 f   q_shared.obj
 0001:00089630       _Q_strncpyz                3008a630 f   q_shared.obj
 0001:00089690       _Q_strrchr                 3008a690 f   q_shared.obj
 0001:000896c0       _Q_strupr                  3008a6c0 f   q_shared.obj
 0001:000896f0       _SkipBracedSection         3008a6f0 f   q_shared.obj
 0001:00089850       _SkipRestOfLine            3008a850 f   q_shared.obj
 0001:00089880       _va                        3008a880 f   q_shared.obj
 0001:00089910       _G_SetSpeederVehicleFunctions 3008a910 f   SpeederNPC.obj
 0001:00089c00       _ProcessOrientCommands     3008ac00 f   SpeederNPC.obj
 0001:00089d40       _Script_SetColor           3008ad40 f   ui_shared.obj
 0001:00089e30       _Script_SetAsset           3008ae30 f   ui_shared.obj
 0001:00089e60       _Script_SetBackground      3008ae60 f   ui_shared.obj
 0001:00089eb0       _Script_SetItemRectCvar    3008aeb0 f   ui_shared.obj
 0001:0008a0a0       _Script_SetItemBackground  3008b0a0 f   ui_shared.obj
 0001:0008a160       _Script_SetItemText        3008b160 f   ui_shared.obj
 0001:0008a1d0       _Script_SetTeamColor       3008b1d0 f   ui_shared.obj
 0001:0008a210       _Script_SetItemColor       3008b210 f   ui_shared.obj
 0001:0008a3b0       _Script_SetItemColorCvar   3008b3b0 f   ui_shared.obj
 0001:0008a600       _Script_SetItemRect        3008b600 f   ui_shared.obj
 0001:0008a6e0       _Script_Show               3008b6e0 f   ui_shared.obj
 0001:0008a730       _Script_Hide               3008b730 f   ui_shared.obj
 0001:0008a780       _Script_FadeIn             3008b780 f   ui_shared.obj
 0001:0008a820       _Script_FadeOut            3008b820 f   ui_shared.obj
 0001:0008a8c0       _Script_Open               3008b8c0 f   ui_shared.obj
 0001:0008aa50       _Script_Close              3008ba50 f   ui_shared.obj
 0001:0008ab90       _Script_Defer              3008bb90 f   ui_shared.obj
 0001:0008abe0       _Script_RunDeferred        3008bbe0 f   ui_shared.obj
 0001:0008ac10       _Script_Transition         3008bc10 f   ui_shared.obj
 0001:0008acd0       _Script_Disable            3008bcd0 f   ui_shared.obj
 0001:0008adb0       _Script_Scale              3008bdb0 f   ui_shared.obj
 0001:0008af10       _Script_Orbit              3008bf10 f   ui_shared.obj
 0001:0008b0a0       _Script_SetFocus           3008c0a0 f   ui_shared.obj
 0001:0008b190       _Script_SetPlayerModel     3008c190 f   ui_shared.obj
 0001:0008b1e0       _Script_Transition2        3008c1e0 f   ui_shared.obj
 0001:0008b2e0       _Script_SetCvar            3008c2e0 f   ui_shared.obj
 0001:0008b350       _Script_SetCvarToCvar      3008c350 f   ui_shared.obj
 0001:0008b400       _Script_Exec               3008c400 f   ui_shared.obj
 0001:0008b4e0       _Script_Play               3008c4e0 f   ui_shared.obj
 0001:0008b530       _Script_PlayVoice          3008c530 f   ui_shared.obj
 0001:0008b580       _Script_playLooped         3008c580 f   ui_shared.obj
 0001:0008b5e0       _ItemParse_name            3008c5e0 f   ui_shared.obj
 0001:0008b600       _ItemParse_focusSound      3008c600 f   ui_shared.obj
 0001:0008b650       _ItemParse_text            3008c650 f   ui_shared.obj
 0001:0008b670       _ItemParse_descText        3008c670 f   ui_shared.obj
 0001:0008b690       _ItemParse_text2           3008c690 f   ui_shared.obj
 0001:0008b690       _MenuParse_soundLoop       3008c690 f   ui_shared.obj
 0001:0008b6b0       _ItemParse_text2alignx     3008c6b0 f   ui_shared.obj
 0001:0008b6d0       _ItemParse_text2aligny     3008c6d0 f   ui_shared.obj
 0001:0008b6f0       _ItemParse_group           3008c6f0 f   ui_shared.obj
 0001:0008b710       _ItemParse_asset_model     3008c710 f   ui_shared.obj
 0001:0008b740       _ItemParse_asset_shader    3008c740 f   ui_shared.obj
 0001:0008b790       _ItemParse_model_origin    3008c790 f   ui_shared.obj
 0001:0008b7f0       _ItemParse_elementwidth    3008c7f0 f   ui_shared.obj
 0001:0008b7f0       _ItemParse_model_fovx      3008c7f0 f   ui_shared.obj
 0001:0008b820       _ItemParse_elementheight   3008c820 f   ui_shared.obj
 0001:0008b820       _ItemParse_model_fovy      3008c820 f   ui_shared.obj
 0001:0008b850       _ItemParse_model_rotation  3008c850 f   ui_shared.obj
 0001:0008b880       _ItemParse_model_angle     3008c880 f   ui_shared.obj
 0001:0008b8b0       _ItemParse_model_g2mins    3008c8b0 f   ui_shared.obj
 0001:0008b910       _ItemParse_model_g2maxs    3008c910 f   ui_shared.obj
 0001:0008b970       _ItemParse_model_g2scale   3008c970 f   ui_shared.obj
 0001:0008b9d0       _ItemParse_model_g2skin    3008c9d0 f   ui_shared.obj
 0001:0008ba30       _ItemParse_model_g2anim    3008ca30 f   ui_shared.obj
 0001:0008bad0       _ItemParse_rectcvar        3008cad0 f   ui_shared.obj
 0001:0008bbe0       _ItemParse_rect            3008cbe0 f   ui_shared.obj
 0001:0008bc40       _ItemParse_flag            3008cc40 f   ui_shared.obj
 0001:0008bce0       _ItemParse_style           3008cce0 f   ui_shared.obj
 0001:0008bd20       _ItemParse_decoration      3008cd20 f   ui_shared.obj
 0001:0008bd40       _ItemParse_notselectable   3008cd40 f   ui_shared.obj
 0001:0008bd80       _ItemParse_scrollhidden    3008cd80 f   ui_shared.obj
 0001:0008bdc0       _ItemParse_wrapped         3008cdc0 f   ui_shared.obj
 0001:0008bde0       _ItemParse_autowrapped     3008cde0 f   ui_shared.obj
 0001:0008be00       _ItemParse_horizontalscroll 3008ce00 f   ui_shared.obj
 0001:0008be20       _ItemParse_type            3008ce20 f   ui_shared.obj
 0001:0008be60       _ItemParse_feeder          3008ce60 f   ui_shared.obj
 0001:0008be60       _ItemParse_special         3008ce60 f   ui_shared.obj
 0001:0008be80       _ItemParse_elementtype     3008ce80 f   ui_shared.obj
 0001:0008bec0       _ItemParse_columns         3008cec0 f   ui_shared.obj
 0001:0008bf80       _ItemParse_border          3008cf80 f   ui_shared.obj
 0001:0008bf80       _MenuParse_border          3008cf80 f   ui_shared.obj
 0001:0008bfa0       _ItemParse_bordersize      3008cfa0 f   ui_shared.obj
 0001:0008bfa0       _MenuParse_borderSize      3008cfa0 f   ui_shared.obj
 0001:0008bfc0       _ItemParse_visible         3008cfc0 f   ui_shared.obj
 0001:0008bfc0       _MenuParse_visible         3008cfc0 f   ui_shared.obj
 0001:0008c000       _ItemParse_ownerdraw       3008d000 f   ui_shared.obj
 0001:0008c030       _ItemParse_align           3008d030 f   ui_shared.obj
[...]
 0002:00026948       __sehtable$??$?RV<lambda_2cc53f568c5a2bb6f192f930a45d44ea>@@AAV<lambda_ab61a845afdef5b7c387490eaf3616ee>@@V<lambda_c2ffc0b7726aa6be21d5f0026187e748>@@@?$__crt_seh_guarded_call@X@@QAEX$$QAV<lambda_2cc53f568c5a2bb6f192f930a45d44ea>@@AAV<lambda_ab61a845afdef5b7c387490eaf3616ee>@@$$QAV<lambda_c2ffc0b7726aa6be21d5f0026187e748>@@@Z 300d5948     libucrt:fflush.obj
 0002:00026968       __sehtable$___acrt_update_thread_locale_data 300d5968     libucrt:locale_refcounting.obj
 0002:00026988       __sehtable$__fcloseall     300d5988     libucrt:closeall.obj
 0002:000269a8       __sehtable$___acrt_lowio_ensure_fh_exists 300d59a8     libucrt:osfinfo.obj
 0002:000269c8       __sehtable$___set_fpsr_sse2 300d59c8     libucrt:fpctrl.obj
 0002:000269e8       __sehtable$??$?RV<lambda_9e9de3de5fa147e2223d7db92bc10aa6>@@AAV<lambda_38ce7e780aa69e748d6df282ebc68efe>@@V<lambda_8ca6da459f0f6780f1cff60fdc3d00e5>@@@?$__crt_seh_guarded_call@H@@QAEH$$QAV<lambda_9e9de3de5fa147e2223d7db92bc10aa6>@@AAV<lambda_38ce7e780aa69e748d6df282ebc68efe>@@$$QAV<lambda_8ca6da459f0f6780f1cff60fdc3d00e5>@@@Z 300d59e8     libucrt:commit.obj
 0002:00026a08       __sehtable$__write_internal 300d5a08     libucrt:write.obj
 0002:00026a28       __sehtable$?_fclose_internal@@YAHQAU_iobuf@@AAV__crt_cached_ptd_host@@@Z 300d5a28     libucrt:fclose.obj
 0002:00026a48       __sehtable$??$?RV<lambda_d422a76eb4c3bf3ad751449ab71a6ea4>@@AAV<lambda_c9ba49e555ba839a7b07aa3fbecb7617>@@V<lambda_9476263c8ee91a25d21c55370bdb50de>@@@?$__crt_seh_guarded_call@H@@QAEH$$QAV<lambda_d422a76eb4c3bf3ad751449ab71a6ea4>@@AAV<lambda_c9ba49e555ba839a7b07aa3fbecb7617>@@$$QAV<lambda_9476263c8ee91a25d21c55370bdb50de>@@@Z 300d5a48     libucrt:close.obj
 0002:00026a68       __sehtable$__IsNonwritableInCurrentImage 300d5a68     LIBCMT:pesect.obj
 0002:00026a90       .edata                     300d5a90     cgamex86.exp
 0002:00026ab8       rgpv                       300d5ab8     cgamex86.exp
 0002:00026ac0       rgszName                   300d5ac0     cgamex86.exp
 0002:00026ac8       rgwOrd                     300d5ac8     cgamex86.exp
 0002:00026acc       szName                     300d5acc     cgamex86.exp
 0002:00026ad9       $N00001                    300d5ad9     cgamex86.exp
 0002:00026ae2       $N00002                    300d5ae2     cgamex86.exp
 0002:0002714c       .idata$6                   300d614c     kernel32:KERNEL32.dll
 0003:00001e20       _bg_poolTail               300d8e20     bg_misc.obj
 0003:00005064       ?headClampMinAngles@?1??BG_G2PlayerAngles@@9@9 300dc064     bg_pmove.obj
 0003:00005070       ?headClampMaxAngles@?1??BG_G2PlayerAngles@@9@9 300dc070     bg_pmove.obj
 0003:000089d0       _commands                  300df9d0     cg_consolecmds.obj
 0003:00008e20       ?flip@?1??CG_DrawZoomMask@@9@9 300dfe20     cg_draw.obj
 0003:00008e24       ?seed@?1??CG_SmokePuff@@9@9 300dfe24     cg_effects.obj
 0003:00009768       _cvarTable                 300e0768     cg_main.obj
 0003:0000a0a8       _cvarTableSize             300e10a8     cg_main.obj
 0003:0000a0ac       ?drawTeamOverlayModificationCount@?1??CG_UpdateCvars@@9@9 300e10ac     cg_main.obj
 0003:0000a0b0       ?sb_nums@?1??CG_RegisterGraphics@@9@9 300e10b0     cg_main.obj
 0003:0000a0dc       ?sb_t_nums@?1??CG_RegisterGraphics@@9@9 300e10dc     cg_main.obj
 0003:0000a108       ?sb_c_nums@?1??CG_RegisterGraphics@@9@9 300e1108     cg_main.obj
 0003:0000a140       _shaderAnimNames           300e1140     cg_marks.obj
 0003:0000a1c0       _shaderAnimCounts          300e11c0     cg_marks.obj
 0003:0000a240       _shaderAnimSTRatio         300e1240     cg_marks.obj
 0003:0000a2c0       ?s@?1??CG_GetKillerText@@9@9 300e12c0     cg_newDraw.obj
 0003:0000a2c4       ?s@?1??CG_GetGameStatusText@@9@9 300e12c4     cg_newDraw.obj
 0003:0000af7c       _cg_effectorStringTable    300e1f7c     cg_players.obj
 0003:0000afa0       _cg_vehThirdPersonAlpha    300e1fa0     cg_players.obj
 0003:0000afa4       _syscall                   300e1fa4     cg_syscalls.obj
 0003:0000afb8       _cameramins                300e1fb8     cg_view.obj
 0003:0000afc4       _cameramaxs                300e1fc4     cg_view.obj
 0003:0000afd0       _cg_siegeClassIndex        300e1fd0     cg_view.obj
 0003:0000b118       _WHITE                     300e2118     fx_bryarpistol.obj
 0003:0000b124       _BRIGHT                    300e2124     fx_bryarpistol.obj
 0003:0000b130       _WHITE                     300e2130     fx_disruptor.obj
 0003:0000ba4c       _holdrand                  300e2a4c     q_math.obj
 0003:0000c188       ?staticNULL@?1??String_Alloc@@9@9 300e3188     ui_shared.obj
 0003:0000c18c       ?squiggy@?1??PC_String_Parse@@9@9 300e318c     ui_shared.obj
 0003:0000c190       _g_bindings                300e3190     ui_shared.obj
 0003:0000cb90       ?__vcrt_flsindex@@3KA      300e3b90     libvcruntime:per_thread_data.obj
 0003:0000cbc0       ?errno_no_memory@@3HA      300e3bc0     libucrt:errno.obj
 0003:0000cbc4       ?doserrno_no_memory@@3KA   300e3bc4     libucrt:errno.obj
 0003:0000cbc8       ?__acrt_flsindex@@3KA      300e3bc8     libucrt:per_thread_data.obj
 0003:0000cf60       __mbctypes                 300e3f60     libucrt:mbctype.obj
 0003:0000d068       __mbcasemaps               300e4068     libucrt:mbctype.obj
 0003:0000d168       ?__rgctypeflag@@3PADA      300e4168     libucrt:mbctype.obj
 0003:0000d170       ?__rgcode_page_info@@3PAUcode_page_info@@A 300e4170     libucrt:mbctype.obj
 0003:0000d2c0       ?__DAZ_ENABLED@?1??__set_fpsr_sse2@@9@9 300e42c0     libucrt:fpctrl.obj
 0003:0000d3d0       ?__dcrt_lowio_console_output_handle@@3PAXA 300e43d0     libucrt:initcon.obj
 0003:0000d440       _bg_pool                   300e4440     bg_misc.obj
 0003:00fad440       _bg_poolSize               31084440     bg_misc.obj
 0003:00fad45c       _pm_flying                 3108445c     bg_pmove.obj
 0003:00fad460       ?oldLookAngles@?1??BG_UpdateLookAngles@@9@9 31084460     bg_pmove.obj
 0003:00fad46c       ?lookAnglesDiff@?1??BG_UpdateLookAngles@@9@9 3108446c     bg_pmove.obj
 0003:00fad478       ?ang@?1??BG_UpdateLookAngles@@9@9 31084478     bg_pmove.obj
 0003:00fad47c       ?dir@?1??BG_G2PlayerAngles@@9@9 3108447c     bg_pmove.obj
 0003:00fad480       ?i@?1??BG_G2PlayerAngles@@9@9 31084480     bg_pmove.obj
 0003:00fad484       ?dif@?1??BG_G2PlayerAngles@@9@9 31084484     bg_pmove.obj
 0003:00fad488       ?dest@?1??BG_G2PlayerAngles@@9@9 31084488     bg_pmove.obj
 0003:00fad48c       ?speed@?1??BG_G2PlayerAngles@@9@9 3108448c     bg_pmove.obj
 0003:00fad490       ?eyeAngles@?1??BG_G2PlayerAngles@@9@9 31084490     bg_pmove.obj
 0003:00fad49c       ?neckAngles@?1??BG_G2PlayerAngles@@9@9 3108449c     bg_pmove.obj
 0003:00fad4a8       ?velocity@?1??BG_G2PlayerAngles@@9@9 310844a8     bg_pmove.obj
 0003:00fad4b4       ?torsoAngles@?1??BG_G2PlayerAngles@@9@9 310844b4     bg_pmove.obj
 0003:00fad4c0       ?headAngles@?1??BG_G2PlayerAngles@@9@9 310844c0     bg_pmove.obj
 0003:00fad4cc       ?velPos@?1??BG_G2PlayerAngles@@9@9 310844cc     bg_pmove.obj
 0003:00fad4d8       ?velAng@?1??BG_G2PlayerAngles@@9@9 310844d8     bg_pmove.obj
 0003:00fad4e4       ?ulAngles@?1??BG_G2PlayerAngles@@9@9 310844e4     bg_pmove.obj
 0003:00fad4f0       ?llAngles@?1??BG_G2PlayerAngles@@9@9 310844f0     bg_pmove.obj
 0003:00fad4fc       ?viewAngles@?1??BG_G2PlayerAngles@@9@9 310844fc     bg_pmove.obj
 0003:00fad508       ?angles@?1??BG_G2PlayerAngles@@9@9 31084508     bg_pmove.obj
 0003:00fad514       ?thoracicAngles@?1??BG_G2PlayerAngles@@9@9 31084514     bg_pmove.obj
 0003:00fad520       _SaberParms                31084520     bg_saberLoad.obj
 0003:012cd520       _bgSaberParseTBuffer       313a4520     bg_saberLoad.obj
 0003:015ed7d4       ?previousTimes@?1??CG_DrawFPS@@9@9 316c47d4     cg_draw.obj
 0003:015ed7f4       ?index@?1??CG_DrawFPS@@9@9 316c47f4     cg_draw.obj
 0003:015ed7f8       ?previous@?1??CG_DrawFPS@@9@9 316c47f8     cg_draw.obj
 0003:015ed7fc       ?lastupdate@?1??CG_DrawFPS@@9@9 316c47fc     cg_draw.obj
 0003:015ed800       _radarLockSoundDebounceTime 316c4800     cg_draw.obj
 0003:015ed804       _impactSoundDebounceTime   316c4804     cg_draw.obj
 0003:015ed808       ?oldDif@?1??CG_DrawRocketLocking@@9@9 316c4808     cg_draw.obj
 0003:015ed80c       ?color@?1??CG_FadeColor@@9@9 316c480c     cg_drawtools.obj
 0003:015ed820       _offX                      316c4820     cg_effects.obj
 0003:015ede60       _offZ                      316c4e60     cg_effects.obj
 0003:015ee4a0       ?lastPos@?1??CG_ScorePlum@@9@9 316c54a0     cg_effects.obj
 0003:015ee4b0       ?str@?1??CG_PlaceString@@9@9 316c54b0     cg_event.obj
 0003:015ee4f0       _cl_lightstyle             316c54f0     cg_light.obj
 0003:015f26f0       _lastofs                   316c96f0     cg_light.obj
 0003:015f270c       _NumMiscEnts               316c970c     cg_main.obj
 0003:015f2710       _MiscEnts                  316c9710     cg_main.obj
 0003:016c1790       _Radius                    31798790     cg_main.obj
 0003:016c5610       _zOffset                   3179c610     cg_main.obj
 0003:016c9490       ?buffer@?1??CG_Argv@@9@9   317a0490     cg_main.obj
 0003:016c9890       ?intext@?1??CG_GetStringEdString@@9@9 317a0890     cg_main.obj
 0003:016d1590       ?translation@?1??CG_GetStringEdString@@9@9 317a8590     cg_main.obj
 0003:016d9290       ?string@?1??CG_GetStringEdString@@9@9 317b0290     cg_main.obj
 0003:016e0f90       ?index@?1??CG_GetStringEdString@@9@9 317b7f90     cg_main.obj
 0003:016e0f94       _cg_strPoolSize            317b7f94     cg_main.obj
 0003:016e0f98       ?buf@?1??CG_GetMenuBuffer@@9@9 317b7f98     cg_main.obj
 0003:016f0f98       ?buf@?1??CG_LoadMenus@@9@9 317c7f98     cg_main.obj
 0003:016f2f98       _cg_strPool                317c9f98     cg_main.obj
 0003:016faf98       _cg_numSpawnVars           317d1f98     cg_main.obj
 0003:016faf9c       _cg_numSpawnVarChars       317d1f9c     cg_main.obj
 0003:016fafa0       _cg_spawnVars              317d1fa0     cg_main.obj
 0003:016fb1a0       _cg_spawnVarChars          317d21a0     cg_main.obj
 0003:016fc1a0       ?item@?1??CG_Init@@9@9     317d31a0     cg_main.obj
 0003:016fc1a8       ?text@?1??CG_GetLocationString@@9@9 317d31a8     cg_main.obj
 0003:016fc5ac       _markTotal                 317d35ac     cg_marks.obj
 0003:016fc5b0       _shaderAnims               317d35b0     cg_marks.obj
 0003:016fe5b0       _numShaderAnims            317d55b0     cg_marks.obj
 0003:016fe5b4       _roll                      317d55b4     cg_marks.obj
 0003:016fe5dc       _cg_animParseIncluding     317d55dc     cg_players.obj
 0003:016fe5e0       _lastFlyBySound            317d55e0     cg_players.obj
 0003:016ff5ec       _cg_numSolidEntities       317d65ec     cg_predict.obj
 0003:016ff5f0       _cg_pmove                  317d65f0     cg_predict.obj
 0003:016ff79c       _cg_numTriggerEntities     317d679c     cg_predict.obj
 0003:016ff7a0       _cg_solidEntities          317d67a0     cg_predict.obj
 0003:016ffba0       _cg_triggerEntities        317d6ba0     cg_predict.obj
 0003:016fffb8       _team1                     317d6fb8     cg_saga.obj
 0003:017001b8       _team2                     317d71b8     cg_saga.obj
 0003:017003b8       _cgParseObjectives         317d73b8     cg_saga.obj
 0003:017043b8       ?cur@?1??siege_Str@@9@9    317db3b8     cg_saga.obj
 0003:017043c0       ?strings@?1??siege_Str@@9@9 317db3c0     cg_saga.obj
 0003:017443c0       ?buf@?1??CG_SiegeObjectiveBuffer@@9@9 3181b3c0     cg_saga.obj
 0003:017463c4       _localClient               3181d3c4     cg_scoreboard.obj
 0003:01746428       ?zoomSoundTime@?BG@??CG_CalcFov@@9@9 3181d428     cg_view.obj
 0003:0174642c       ?lastfov@?1??CG_DrawSkyBoxPortal@@9@9 3181d42c     cg_view.obj
 0003:01746430       _cg_rangedFogging          3181d430     cg_view.obj
 0003:01746434       ?veh@?1??CG_DrawActiveFrame@@9@9 3181d434     cg_view.obj
 0003:01746438       _cgWeapFrame               3181d438     cg_weapons.obj
 0003:0174643c       _cgWeapFrameTime           3181d43c     cg_weapons.obj
 0003:01746440       _g2WeaponInstances         3181d440     cg_weapons.obj
 0003:01746490       _g2WeaponInstances2        3181d490     cg_weapons.obj
 0003:017464e0       _g2WeaponInstances3        3181d4e0     cg_weapons.obj
 0003:01746530       _g2WeaponInstances4        3181d530     cg_weapons.obj
 0003:01746580       _g2WeaponInstances5        3181d580     cg_weapons.obj
 0003:017465d0       _g2WeaponInstances6        3181d5d0     cg_weapons.obj
 0003:01746620       _g2WeaponInstances7        3181d620     cg_weapons.obj
 0003:01746670       _g2WeaponInstances8        3181d670     cg_weapons.obj
 0003:017466d8       ?bops_initialized@?1??BoxOnPlaneSide@@9@9 3181d6d8     q_math.obj
 0003:017466dc       ?Ljmptab@?1??BoxOnPlaneSide@@9@9 3181d6dc     q_math.obj
 0003:017466fc       ?sr@?1??AngleVectors@@9@9  3181d6fc     q_math.obj
 0003:01746700       ?sp@?1??AngleVectors@@9@9  3181d700     q_math.obj
 0003:01746704       ?sy@?1??AngleVectors@@9@9  3181d704     q_math.obj
 0003:01746708       ?cr@?1??AngleVectors@@9@9  3181d708     q_math.obj
 0003:0174670c       ?cp@?1??AngleVectors@@9@9  3181d70c     q_math.obj
 0003:01746710       ?cy@?1??AngleVectors@@9@9  3181d710     q_math.obj
 0003:01746718       _com_token                 3181d718     q_shared.obj
 0003:01746b18       _com_parsename             3181db18     q_shared.obj
 0003:01746f18       _com_lines                 3181df18     q_shared.obj
 0003:01746f1c       ?index@?1??va@@9@9         3181df1c     q_shared.obj
 0003:01746f20       ?string@?1??COM_ParseError@@9@9 3181df20     q_shared.obj
 0003:01747f20       ?string@?1??COM_ParseWarning@@9@9 3181ef20     q_shared.obj
 0003:01748f20       ?final@?1??Q_StrReplace@@9@9 3181ff20     q_shared.obj
 0003:01749320       ?temp_buffer@?1??va@@9@9   31820320     q_shared.obj
 0003:01751020       ?string@?1??va@@9@9        31828020     q_shared.obj
 0003:01758d20       ?value@?1??Info_ValueForKey@@9@9 3182fd20     q_shared.obj
 0003:0175cd20       ?valueindex@?1??Info_ValueForKey@@9@9 31833d20     q_shared.obj
 0003:0175cd3c       _scrollInfo                31833d3c     ui_shared.obj
 0003:0175cd5c       _captureFunc               31833d5c     ui_shared.obj
 0003:0175cd60       _captureData               31833d60     ui_shared.obj
 0003:0175cd64       _itemCapture               31833d64     ui_shared.obj
 0003:0175cd68       _g_waitingForKey           31833d68     ui_shared.obj
 0003:0175cd6c       _g_editingField            31833d6c     ui_shared.obj
 0003:0175cd70       _g_bindItem                31833d70     ui_shared.obj
 0003:0175cd74       _g_editItem                31833d74     ui_shared.obj
 0003:0175cd78       _debugMode                 31833d78     ui_shared.obj
 0003:0175cd7c       _lastListBoxClickTime      31833d7c     ui_shared.obj
 0003:0175cd80       _memoryPool                31833d80     ui_shared.obj
 0003:0275cd80       _allocPoint                32833d80     ui_shared.obj
 0003:0275cd84       _outOfMemory               32833d84     ui_shared.obj
 0003:0275cd88       _strPoolIndex              32833d88     ui_shared.obj
 0003:0275cd8c       _strHandleCount            32833d8c     ui_shared.obj
 0003:0275cd90       _strPool                   32833d90     ui_shared.obj
 0003:0277cd90       _strHandle                 32853d90     ui_shared.obj
 0003:0277ed90       ?string@?1??PC_SourceWarning@@9@9 32855d90     ui_shared.obj
 0003:0277fd90       ?string@?1??PC_SourceError@@9@9 32856d90     ui_shared.obj
 0003:02780d90       ?inHandleKey@?9??Menu_HandleKey@@9@9 32857d90     ui_shared.obj
 0003:02780d94       ?__proc_attached@@3HA      32857d94     LIBCMT:dll_dllmain.obj
 0003:02780db0       ?is_initialized_as_dll@@3_NA 32857db0     LIBCMT:utility.obj
 0003:02780db1       ?module_local_atexit_table_initialized@@3_NA 32857db1     LIBCMT:utility.obj
 0003:02780db4       ?module_local_atexit_table@@3U_onexit_table_t@@A 32857db4     LIBCMT:utility.obj
 0003:02780dc0       ?module_local_at_quick_exit_table@@3U_onexit_table_t@@A 32857dc0     LIBCMT:utility.obj
 0003:02780dd0       _GS_ExceptionRecord        32857dd0     LIBCMT:gs_report.obj
 0003:02780e20       _GS_ContextRecord          32857e20     LIBCMT:gs_report.obj
 0003:02781118       ?heap@@3V_HeapManager@@A   32858118     libvcruntime:undname.obj
 0003:0278112c       ?__vcrt_startup_thread_ptd@@3U__vcrt_ptd@@A 3285812c     libvcruntime:per_thread_data.obj
 0003:02781154       ___vcrt_lock_table         32858154     libvcruntime:locks.obj
 0003:0278116c       ___vcrt_locks_initialized  3285816c     libvcruntime:locks.obj
 0003:02781170       ?module_handles@@3PAPAUHINSTANCE__@@A 32858170     libvcruntime:winapi_downlevel.obj
 0003:0278117c       ?function_pointers@@3PAPAXA 3285817c     libvcruntime:winapi_downlevel.obj
 0003:02781194       ?c_termination_complete@@3JA 32858194     libucrt:exit.obj
 0003:02781198       ?thread_local_exit_callback_func@@3P6GXPAXK0@ZA 32858198     libucrt:exit.obj
 0003:0278119c       ?c_exit_complete@?1???R<lambda_6e4b09c48022b2350581041d5f6b0c4c>@@QBE@XZ@4_NA 3285819c     libucrt:exit.obj
 0003:027811a0       ?program_name@?1???$common_configure_argv@D@@YAHW4_crt_argv_mode@@@Z@4PADA 328581a0     libucrt:argv_parsing.obj
 0003:027812d0       ?__acrt_invalid_parameter_handler@@3V?$dual_state_global@P6AXPB_W00II@Z@__crt_state_management@@A 328582d0     libucrt:invalid_parameter.obj
 0003:027812e0       ?internal_state@?1??_mbtowc_internal@@9@4U_Mbstatet@@A 328582e0     libucrt:mbtowc.obj
 0003:027814f4       __pmatherr_set             328584f4     libucrt:libm_error.obj
 0003:027814f8       ?internal_pst@?1??__mbrtoc32_utf8@__crt_mbstring@@YAIPA_UPBDIPAU_Mbstatet@@AAV__crt_cached_ptd_host@@@Z@4U3@A 328584f8     libucrt:mbrtoc32.obj
 0003:02781500       ?internal_pst@?1??__c16rtomb_utf8@__crt_mbstring@@YAIPAD_SPAU_Mbstatet@@AAV__crt_cached_ptd_host@@@Z@4U3@A 32858500     libucrt:c16rtomb.obj
 0003:02781508       ?enable_percent_n@@3IA     32858508     libucrt:printf_count_output.obj
 0003:02781518       ?__acrt_lock_table@@3PAU_RTL_CRITICAL_SECTION@@A 32858518     libucrt:locks.obj
 0003:02781680       ?__acrt_locks_initialized@@3IA 32858680     libucrt:locks.obj
 0003:02781690       ?fSystemSet@@3HA           32858690     libucrt:mbctype.obj
 0003:02781694       ?initialized@?1??__acrt_initialize_multibyte@@9@4_NA 32858694     libucrt:mbctype.obj
 0003:027816b0       ?module_handles@@3PAPAUHINSTANCE__@@A 328586b0     libucrt:winapi_thunks.obj
 0003:02781710       ?__acrt_new_handler@@3V?$dual_state_global@P6AHI@Z@__crt_state_management@@A 32858710     libucrt:new_handler.obj
 0003:02781714       ?ctrlc_action@@3V?$dual_state_global@P6AXH@Z@__crt_state_management@@A 32858714     libucrt:signal.obj
 0003:02781718       ?ctrlbreak_action@@3V?$dual_state_global@P6AXH@Z@__crt_state_management@@A 32858718     libucrt:signal.obj
 0003:0278171c       ?abort_action@@3V?$dual_state_global@P6AXH@Z@__crt_state_management@@A 3285871c     libucrt:signal.obj
 0003:02781720       ?term_action@@3V?$dual_state_global@P6AXH@Z@__crt_state_management@@A 32858720     libucrt:signal.obj
 0003:02781724       ?user_matherr@@3V?$dual_state_global@P6AHPAU_exception@@@Z@__crt_state_management@@A 32858724     libucrt:matherr.obj
 0003:02781730       ?__acrt_global_new_mode@@3V?$dual_state_global@J@__crt_state_management@@A 32858730     libucrt:new_mode.obj
 0003:02781738       ?__acrt_app_type@@3W4_crt_app_type@@A 32858738     libucrt:report_runtime_error.obj
 0004:00000000       ?function_pointers@@3PAPAXA 33064000     libucrt:winapi_thunks.obj
 0005:00000060       $R000000                   33065060     * linker generated manifest res *
