 uix86

 Timestamp is 687908bf (Thu Jul 17 18:29:19 2025)

 Preferred load address is 40000000

 Start         Length     Name                   Class
 0001:00000000 000456b4H .text$mn                CODE
 0001:000456b4 000000fcH .text$x                 CODE
 0002:00000000 00000120H .idata$5                DATA
 0002:00000120 00000008H .00cfg                  DATA
 0002:00000128 00000004H .CRT$XCA                DATA
 0002:0000012c 00000004H .CRT$XCZ                DATA
 0002:00000130 00000004H .CRT$XIA                DATA
 0002:00000134 0000000cH .CRT$XIC                DATA
 0002:00000140 00000004H .CRT$XIZ                DATA
 0002:00000144 00000004H .CRT$XPA                DATA
 0002:00000148 00000008H .CRT$XPX                DATA
 0002:00000150 00000004H .CRT$XPXA               DATA
 0002:00000154 00000004H .CRT$XPZ                DATA
 0002:00000158 00000004H .CRT$XTA                DATA
 0002:0000015c 00000004H .CRT$XTZ                DATA
 0002:00000160 00000000H .gfids$y                DATA
 0002:00000160 00019fe0H .rdata                  DATA
 0002:0001a140 00000000H .rdata$CastGuardVftablesA DATA
 0002:0001a140 00000000H .rdata$CastGuardVftablesC DATA
 0002:0001a140 000000dcH .rdata$r                DATA
 0002:0001a21c 00000030H .rdata$sxdata           DATA
 0002:0001a24c 000001dcH .rdata$voltmd           DATA
 0002:0001a428 000002d8H .rdata$zzzdbg           DATA
 0002:0001a700 00000004H .rtc$IAA                DATA
 0002:0001a704 00000004H .rtc$IZZ                DATA
 0002:0001a708 00000004H .rtc$TAA                DATA
 0002:0001a70c 00000004H .rtc$TZZ                DATA
 0002:0001a710 000005f0H .xdata$x                DATA
 0002:0001ad00 00000058H .edata                  DATA
 0002:0001ad58 00000014H .idata$2                DATA
 0002:0001ad6c 00000014H .idata$3                DATA
 0002:0001ad80 00000120H .idata$4                DATA
 0002:0001aea0 00000526H .idata$6                DATA
 0003:00000000 000099f0H .data                   DATA
 0003:000099f0 0000003cH .data$r                 DATA
 0003:00009a2c 00000034H .data$rs                DATA
 0003:00009a60 02343390H .bss                    DATA
 0004:00000000 00000080H .fptable                DATA
 0005:00000000 00000060H .rsrc$01                DATA
 0005:00000060 00000180H .rsrc$02                DATA

  Address         Publics by Value              Rva+Base       Lib:Object

 0000:00000000       ___AbsoluteZero            00000000     <absolute>
 0000:00000000       ___arm64x_extra_rfe_table  00000000     <absolute>
 0000:00000000       ___arm64x_extra_rfe_table_size 00000000     <absolute>
 0000:00000000       ___arm64x_native_entrypoint 00000000     <absolute>
 0000:00000000       ___arm64x_redirection_metadata 00000000     <absolute>
 0000:00000000       ___arm64x_redirection_metadata_count 00000000     <absolute>
 0000:00000000       ___dynamic_value_reloc_table 00000000     <absolute>
 0000:00000000       ___enclave_config          00000000     <absolute>
 0000:00000000       ___guard_check_icall_a64n_fptr 00000000     <absolute>
 0000:00000000       ___guard_eh_cont_count     00000000     <absolute>
 0000:00000000       ___guard_eh_cont_table     00000000     <absolute>
 0000:00000000       ___guard_fids_count        00000000     <absolute>
 0000:00000000       ___guard_fids_table        00000000     <absolute>
 0000:00000000       ___guard_iat_count         00000000     <absolute>
 0000:00000000       ___guard_iat_table         00000000     <absolute>
 0000:00000000       ___guard_longjmp_count     00000000     <absolute>
 0000:00000000       ___guard_longjmp_table     00000000     <absolute>
 0000:00000000       ___hybrid_auxiliary_delayload_iat 00000000     <absolute>
 0000:00000000       ___hybrid_auxiliary_delayload_iat_copy 00000000     <absolute>
 0000:00000000       ___hybrid_auxiliary_iat    00000000     <absolute>
 0000:00000000       ___hybrid_auxiliary_iat_copy 00000000     <absolute>
 0000:00000000       ___hybrid_code_map         00000000     <absolute>
 0000:00000000       ___hybrid_code_map_count   00000000     <absolute>
 0000:00000000       ___hybrid_image_info_bitfield 00000000     <absolute>
 0000:00000000       ___x64_code_ranges_to_entry_points 00000000     <absolute>
 0000:00000000       ___x64_code_ranges_to_entry_points_count 00000000     <absolute>
 0000:00000000       __except_list              00000000     <absolute>
 0000:0000000c       ___safe_se_handler_count   0000000c     <absolute>
 0000:00000100       ___guard_flags             00000100     <absolute>
 0000:00000000       ___ImageBase               40000000     <linker-defined>
 0001:00000000       _BG_Alloc                  40001000 f   bg_misc.obj
 0001:00000050       _BG_FindItemForHoldable    40001050 f   bg_misc.obj
 0001:000000b0       _BG_FindItemForWeapon      400010b0 f   bg_misc.obj
 0001:000000f0       _BG_LegalizedForcePowers   400010f0 f   bg_misc.obj
 0001:00000800       _BG_GetClassOnBaseClass    40001800 f   bg_saga.obj
 0001:00000870       _BG_GetUIPortrait          40001870 f   bg_saga.obj
 0001:000008f0       _BG_GetUIPortraitFile      400018f0 f   bg_saga.obj
 0001:00000970       _BG_SiegeCountBaseClass    40001970 f   bg_saga.obj
 0001:000009e0       _BG_SiegeFindThemeForTeam  400019e0 f   bg_saga.obj
 0001:00000a00       _BG_SiegeGetPairedValue    40001a00 f   bg_saga.obj
 0001:00000c40       _BG_SiegeGetValueGroup     40001c40 f   bg_saga.obj
 0001:00000f50       _BG_SiegeLoadClasses       40001f50 f   bg_saga.obj
 0001:000010a0       _BG_SiegeLoadTeams         400020a0 f   bg_saga.obj
 0001:00001380       _BG_SiegeParseClassFile    40002380 f   bg_saga.obj
 0001:00001cb0       _BG_SiegeSetTeamTheme      40002cb0 f   bg_saga.obj
 0001:00001d20       _BG_SiegeStripTabs         40002d20 f   bg_saga.obj
 0001:00001d60       _BG_SiegeTranslateForcePowers 40002d60 f   bg_saga.obj
 0001:00001f80       _BG_SiegeTranslateGenericTable 40002f80 f   bg_saga.obj
 0001:00002050       _BG_SiegeTranslateSkills   40003050 f   bg_saga.obj
 0001:000021b0       _AnglesToAxis              400031b0 f   q_math.obj
 0001:000023c0       _AxisClear                 400033c0 f   q_math.obj
 0001:00002410       _Q_irand                   40003410 f   q_math.obj
 0001:00002440       _VectorNormalize           40003440 f   q_math.obj
 0001:00002500       _COM_BeginParseSession     40003500 f   q_shared.obj
 0001:00002530       _COM_Compress              40003530 f   q_shared.obj
 0001:00002640       _COM_Parse                 40003640 f   q_shared.obj
 0001:00002660       _COM_ParseExt              40003660 f   q_shared.obj
 0001:000027c0       _COM_ParseFloat            400037c0 f   q_shared.obj
 0001:00002800       _COM_ParseString           40003800 f   q_shared.obj
 0001:00002840       _COM_StripExtension        40003840 f   q_shared.obj
 0001:00002870       _Com_Clamp                 40003870 f   q_shared.obj
 0001:000028a0       _Com_Clampi                400038a0 f   q_shared.obj
 0001:000028c0       _Com_sprintf               400038c0 f   q_shared.obj
 0001:00002920       _GetIDForString            40003920 f   q_shared.obj
 0001:000029e0       _Info_SetValueForKey       400039e0 f   q_shared.obj
 0001:00002c60       _Info_ValueForKey          40003c60 f   q_shared.obj
 0001:00002db0       _Q_CleanStr                40003db0 f   q_shared.obj
 0001:00002e00       _Q_strcat                  40003e00 f   q_shared.obj
 0001:00002e90       _Q_stricmp                 40003e90 f   q_shared.obj
 0001:00002f10       _Q_stricmpn                40003f10 f   q_shared.obj
 0001:00002fa0       _Q_strncpyz                40003fa0 f   q_shared.obj
 0001:00003000       _Q_strrchr                 40004000 f   q_shared.obj
 0001:00003030       _Q_strupr                  40004030 f   q_shared.obj
 0001:00003060       _SkipBracedSection         40004060 f   q_shared.obj
 0001:000031c0       _SkipRestOfLine            400041c0 f   q_shared.obj
 0001:000031f0       ___local_stdio_printf_options 400041f0 f i q_shared.obj
 0001:00003200       _va                        40004200 f   q_shared.obj
 0001:00003290       _Com_Error                 40004290 f   ui_atoms.obj
 0001:000032e0       _Com_Printf                400042e0 f   ui_atoms.obj
 0001:000037e0       _UI_ClearScores            400047e0 f   ui_atoms.obj
 0001:00003a30       _UI_ConsoleCommand         40004a30 f   ui_atoms.obj
 0001:00003c00       _UI_Cvar_VariableString    40004c00 f   ui_atoms.obj
 0001:00003c20       _UI_DrawHandlePic          40004c20 f   ui_atoms.obj
 0001:00003cc0       _UI_FillRect               40004cc0 f   ui_atoms.obj
 0001:00003d40       _UI_LoadBestScores         40004d40 f   ui_atoms.obj
 0001:00003e30       _UI_SetBestScores          40004e30 f   ui_atoms.obj
 0001:00004150       _UI_SetColor               40005150 f   ui_atoms.obj
 0001:00004160       _IsForceRank               40005160 f   ui_force.obj
 0001:00004190       _UI_DrawForceStars         40005190 f   ui_force.obj
 0001:000042e0       _UI_ForceConfigHandle      400052e0 f   ui_force.obj
 0001:00004740       _UI_ForceMaxRank_HandleKey 40005740 f   ui_force.obj
 0001:000047c0       _UI_ForcePowerRank_HandleKey 400057c0 f   ui_force.obj
 0001:00004960       _UI_ForceSide_HandleKey    40005960 f   ui_force.obj
 0001:00004a40       _UI_InitForceShaders       40005a40 f   ui_force.obj
 0001:00004c00       _UI_JediNonJedi_HandleKey  40005c00 f   ui_force.obj
 0001:00004d30       _UI_ReadLegalForce         40005d30 f   ui_force.obj
 0001:00005060       _UI_SaveForceTemplate      40006060 f   ui_force.obj
 0001:00005230       _UI_SkinColor_HandleKey    40006230 f   ui_force.obj
 0001:000052b0       _UI_UpdateClientForcePowers 400062b0 f   ui_force.obj
 0001:00005390       _UI_UpdateForcePowers      40006390 f   ui_force.obj
 0001:000055b0       _UpdateForceUsed           400065b0 f   ui_force.obj
 0001:00007cf0       _UI_GetBotNameByNumber     40008cf0 f   ui_gameinfo.obj
 0001:00007d40       _UI_GetNumBots             40008d40 f   ui_gameinfo.obj
 0001:00007d60       _UI_LoadArenas             40008d60 f   ui_gameinfo.obj
 0001:000081b0       _UI_LoadBots               400091b0 f   ui_gameinfo.obj
 0001:000083b0       _UI_ParseInfos             400093b0 f   ui_gameinfo.obj
 0001:000085a0       _Asset_Parse               400095a0 f   ui_main.obj
 0001:00009170       _Text_Height               4000a170 f   ui_main.obj
 0001:000091d0       _Text_Paint                4000a1d0 f   ui_main.obj
 0001:00009290       _Text_PaintCenter          4000a290 f   ui_main.obj
 0001:000093d0       _Text_PaintWithCursor      4000a3d0 f   ui_main.obj
 0001:00009760       _Text_Width                4000a760 f   ui_main.obj
 0001:00009840       _UI_AllocMem               4000a840 f   ui_main.obj
 0001:0000ac90       _UI_ClampMaxPlayers        4000bc90 f   ui_main.obj
 0001:0000b6a0       _UI_DrawConnectScreen      4000c6a0 f   ui_main.obj
 0001:0000dc50       _UI_FeederSelection        4000ec50 f   ui_main.obj
 0001:0000e5b0       _UI_FindCurrentSiegeTeamClass 4000f5b0 f   ui_main.obj
 0001:0000e690       ??3@YAXPAX@Z               4000f690 f   LIBCMT:delete_scalar.obj
 0001:0000e690       _UI_FreeMem                4000f690 f   ui_main.obj
 0001:0000f1e0       _UI_GetStringEdString      400101e0 f   ui_main.obj
 0001:0000f210       @_guard_check_icall_nop@4  40010210 f   LIBCMT:guard_support.obj
 0001:0000f230       _UI_GetVideoSetup          40010230 f   ui_main.obj
 0001:0000f5e0       _UI_Load                   400105e0 f   ui_main.obj
 0001:0000f680       _UI_LoadForceConfig_List   40010680 f   ui_main.obj
 0001:0000f7b0       _UI_LoadMenus              400107b0 f   ui_main.obj
 0001:00012520       _UI_ParseAnimationFile     40013520 f   ui_main.obj
 0001:00012970       _UI_ParseMenu              40013970 f   ui_main.obj
 0001:00012ac0       _UI_ReaAllocMem            40013ac0 f   ui_main.obj
 0001:00012c10       _UI_Report                 40013c10 f   ui_main.obj
 0001:00015580       _UI_SetSiegeTeams          40016580 f   ui_main.obj
 0001:00015860       _UI_ShowPostGame           40016860 f   ui_main.obj
 0001:000159a0       _UI_SiegeClassNum          400169a0 f   ui_main.obj
 0001:000159d0       _UI_SiegeSetCvarsForClass  400169d0 f   ui_main.obj
 0001:00016ae0       _UI_TeamName               40017ae0 f   ui_main.obj
 0001:00016bf0       _UI_TrueJediEnabled        40017bf0 f   ui_main.obj
 0001:00017580       _UI_UpdateCharacterSkin    40018580 f   ui_main.obj
 0001:00017650       _UI_UpdateCvarsForClass    40018650 f   ui_main.obj
 0001:000179a0       _UI_UpdateSiegeObjectiveGraphics 400189a0 f   ui_main.obj
 0001:00017ba0       _UI_UpdateSiegeStatusIcons 40018ba0 f   ui_main.obj
 0001:00017c90       _UI_UpdateVideoSetup       40018c90 f   ui_main.obj
 0001:00017df0       _UpdateBotButtons          40018df0 f   ui_main.obj
 0001:00017e50       _UpdateForceStatus         40018e50 f   ui_main.obj
 0001:00018200       __UI_DrawRect              40019200 f   ui_main.obj
 0001:00018290       __UI_DrawSides             40019290 f   ui_main.obj
 0001:00018370       __UI_DrawTopBottom         40019370 f   ui_main.obj
 0001:00018450       __UI_Init                  40019450 f   ui_main.obj
 0001:00018c80       __UI_Refresh               40019c80 f   ui_main.obj
 0001:00018fa0       __UI_SetActiveMenu         40019fa0 f   ui_main.obj
 0001:00019260       ___local_stdio_scanf_options 4001a260 f i ui_main.obj
 0001:00019270       _siege_Cvar_Set            4001a270 f   ui_main.obj
 0001:00019340       _siege_Cvar_VariableStringBuffer 4001a340 f   ui_main.obj
 0001:00019400       _siege_Cvar_VariableValue  4001a400 f   ui_main.obj
 0001:00019480       _sprintf                   4001a480 f i ui_main.obj
 0001:000194c0       _sscanf                    4001a4c0 f i ui_main.obj
 0001:000194f0       _vmMain                    4001a4f0 f   ui_main.obj
 0001:000196c0       _ParseRGBSaber             4001a6c0 f   ui_saber.obj
 0001:00019710       _RGB_AdjustSciptedSaberColor 4001a710 f   ui_saber.obj
 0001:00019880       _RGB_RandomRGB             4001a880 f   ui_saber.obj
 0001:000198e0       _SaberColorToString        4001a8e0 f   ui_saber.obj
 0001:00019980       _TranslateSaberColor       4001a980 f   ui_saber.obj
 0001:00019ae0       _TranslateSaberType        4001aae0 f   ui_saber.obj
 0001:00019c30       _UI_CacheSaberGlowGraphics 4001ac30 f   ui_saber.obj
 0001:00019d50       _UI_DoSaber                4001ad50 f   ui_saber.obj
 0001:0001a3e0       _UI_FreeSabers             4001b3e0 f   ui_saber.obj
 0001:0001a400       _UI_GetSaberCount          4001b400 f   ui_saber.obj
 0001:0001a420       _UI_GetSaberForMenu        4001b420 f   ui_saber.obj
 0001:0001a590       _UI_GetSaberHiltInfo       4001b590 f   ui_saber.obj
 0001:0001a5c0       _UI_ParseScriptedSaber     4001b5c0 f   ui_saber.obj
 0001:0001a6d0       _UI_SaberAttachToChar      4001b6d0 f   ui_saber.obj
 0001:0001a7f0       _UI_SaberDrawBlade         4001b7f0 f   ui_saber.obj
 0001:0001b550       _UI_SaberDrawBlades        4001c550 f   ui_saber.obj
 0001:0001b7e0       _UI_SaberGetHiltInfo       4001c7e0 f   ui_saber.obj
 0001:0001b930       _UI_SaberLoadParms         4001c930 f   ui_saber.obj
 0001:0001bc80       _UI_SaberModelForSaber     4001cc80 f   ui_saber.obj
 0001:0001bca0       _UI_SaberParseParm         4001cca0 f   ui_saber.obj
 0001:0001be30       _UI_SaberProperNameForSaber 4001ce30 f   ui_saber.obj
 0001:0001beb0       _UI_SaberSkinForSaber      4001ceb0 f   ui_saber.obj
 0001:0001bed0       _UI_SaberTypeForSaber      4001ced0 f   ui_saber.obj
 0001:0001bef0       _Script_SetColor           4001cef0 f   ui_shared.obj
 0001:0001bfe0       _Script_SetAsset           4001cfe0 f   ui_shared.obj
 0001:0001c010       _Script_SetBackground      4001d010 f   ui_shared.obj
 0001:0001c060       _Script_SetItemRectCvar    4001d060 f   ui_shared.obj
 0001:0001c250       _Script_SetItemBackground  4001d250 f   ui_shared.obj
 0001:0001c310       _Script_SetItemText        4001d310 f   ui_shared.obj
 0001:0001c380       _Script_SetTeamColor       4001d380 f   ui_shared.obj
 0001:0001c3c0       _Script_SetItemColor       4001d3c0 f   ui_shared.obj
 0001:0001c560       _Script_SetItemColorCvar   4001d560 f   ui_shared.obj
 0001:0001c7b0       _Script_SetItemRect        4001d7b0 f   ui_shared.obj
 0001:0001c890       _Script_Show               4001d890 f   ui_shared.obj
 0001:0001c8e0       _Script_Hide               4001d8e0 f   ui_shared.obj
 0001:0001c930       _Script_FadeIn             4001d930 f   ui_shared.obj
 0001:0001c9d0       _Script_FadeOut            4001d9d0 f   ui_shared.obj
 0001:0001ca70       _Script_Open               4001da70 f   ui_shared.obj
 0001:0001cc00       _Script_Close              4001dc00 f   ui_shared.obj
 0001:0001cd40       _Script_Defer              4001dd40 f   ui_shared.obj
 0001:0001cd90       _Script_RunDeferred        4001dd90 f   ui_shared.obj
 0001:0001cdc0       _Script_Transition         4001ddc0 f   ui_shared.obj
 0001:0001ce80       _Script_Disable            4001de80 f   ui_shared.obj
 0001:0001cf60       _Script_Scale              4001df60 f   ui_shared.obj
 0001:0001d0c0       _Script_Orbit              4001e0c0 f   ui_shared.obj
 0001:0001d250       _Script_SetFocus           4001e250 f   ui_shared.obj
 0001:0001d340       _Script_SetPlayerModel     4001e340 f   ui_shared.obj
 0001:0001d390       _Script_Transition2        4001e390 f   ui_shared.obj
 0001:0001d490       _Script_SetCvar            4001e490 f   ui_shared.obj
 0001:0001d500       _Script_SetCvarToCvar      4001e500 f   ui_shared.obj
 0001:0001d5b0       _Script_Exec               4001e5b0 f   ui_shared.obj
 0001:0001d690       _Script_Play               4001e690 f   ui_shared.obj
 0001:0001d6e0       _Script_PlayVoice          4001e6e0 f   ui_shared.obj
 0001:0001d730       _Script_playLooped         4001e730 f   ui_shared.obj
 0001:0001d790       _ItemParse_name            4001e790 f   ui_shared.obj
 0001:0001d7b0       _ItemParse_focusSound      4001e7b0 f   ui_shared.obj
 0001:0001d800       _ItemParse_text            4001e800 f   ui_shared.obj
 0001:0001d820       _ItemParse_descText        4001e820 f   ui_shared.obj
 0001:0001d840       _ItemParse_text2           4001e840 f   ui_shared.obj
 0001:0001d840       _MenuParse_soundLoop       4001e840 f   ui_shared.obj
 0001:0001d860       _ItemParse_text2alignx     4001e860 f   ui_shared.obj
 0001:0001d880       _ItemParse_text2aligny     4001e880 f   ui_shared.obj
 0001:0001d8a0       _ItemParse_group           4001e8a0 f   ui_shared.obj
 0001:0001d8c0       _ItemParse_asset_model     4001e8c0 f   ui_shared.obj
 0001:0001d950       _ItemParse_asset_shader    4001e950 f   ui_shared.obj
 0001:0001d9a0       _ItemParse_model_origin    4001e9a0 f   ui_shared.obj
 0001:0001da00       _ItemParse_elementwidth    4001ea00 f   ui_shared.obj
 0001:0001da00       _ItemParse_model_fovx      4001ea00 f   ui_shared.obj
 0001:0001da30       _ItemParse_elementheight   4001ea30 f   ui_shared.obj
 0001:0001da30       _ItemParse_model_fovy      4001ea30 f   ui_shared.obj
 0001:0001da60       _ItemParse_model_rotation  4001ea60 f   ui_shared.obj
 0001:0001da90       _ItemParse_model_angle     4001ea90 f   ui_shared.obj
 0001:0001dac0       _ItemParse_model_g2mins    4001eac0 f   ui_shared.obj
 0001:0001db20       _ItemParse_model_g2maxs    4001eb20 f   ui_shared.obj
 0001:0001db80       _ItemParse_model_g2scale   4001eb80 f   ui_shared.obj
 0001:0001dbe0       _ItemParse_model_g2skin    4001ebe0 f   ui_shared.obj
 0001:0001dc40       _ItemParse_model_g2anim    4001ec40 f   ui_shared.obj
 0001:0001dce0       _ItemParse_rectcvar        4001ece0 f   ui_shared.obj
 0001:0001ddf0       _ItemParse_rect            4001edf0 f   ui_shared.obj
 0001:0001de50       _ItemParse_flag            4001ee50 f   ui_shared.obj
 0001:0001def0       _ItemParse_style           4001eef0 f   ui_shared.obj
 0001:0001df30       _ItemParse_decoration      4001ef30 f   ui_shared.obj
 0001:0001df50       _ItemParse_notselectable   4001ef50 f   ui_shared.obj
 0001:0001df90       _ItemParse_scrollhidden    4001ef90 f   ui_shared.obj
 0001:0001dfd0       _ItemParse_wrapped         4001efd0 f   ui_shared.obj
 0001:0001dff0       _ItemParse_autowrapped     4001eff0 f   ui_shared.obj
 0001:0001e010       _ItemParse_horizontalscroll 4001f010 f   ui_shared.obj
 0001:0001e030       _ItemParse_type            4001f030 f   ui_shared.obj
 0001:0001e070       _ItemParse_feeder          4001f070 f   ui_shared.obj
 0001:0001e070       _ItemParse_special         4001f070 f   ui_shared.obj
 0001:0001e090       _ItemParse_elementtype     4001f090 f   ui_shared.obj
 0001:0001e0d0       _ItemParse_columns         4001f0d0 f   ui_shared.obj
 0001:0001e190       _ItemParse_border          4001f190 f   ui_shared.obj
 0001:0001e190       _MenuParse_border          4001f190 f   ui_shared.obj
 0001:0001e1b0       _ItemParse_bordersize      4001f1b0 f   ui_shared.obj
 0001:0001e1b0       _MenuParse_borderSize      4001f1b0 f   ui_shared.obj
 0001:0001e1d0       _ItemParse_visible         4001f1d0 f   ui_shared.obj
 0001:0001e1d0       _MenuParse_visible         4001f1d0 f   ui_shared.obj
 0001:0001e210       _ItemParse_ownerdraw       4001f210 f   ui_shared.obj
 0001:0001e240       _ItemParse_align           4001f240 f   ui_shared.obj
 0001:0001e240       _MenuParse_fadeCycle       4001f240 f   ui_shared.obj
 0001:0001e260       _ItemParse_isCharacter     4001f260 f   ui_shared.obj
 0001:0001e2b0       _ItemParse_textalign       4001f2b0 f   ui_shared.obj
 0001:0001e2f0       _ItemParse_textalignx      4001f2f0 f   ui_shared.obj
 0001:0001e2f0       _MenuParse_fadeAmount      4001f2f0 f   ui_shared.obj
 0001:0001e310       _ItemParse_textaligny      4001f310 f   ui_shared.obj
 0001:0001e330       _ItemParse_textscale       4001f330 f   ui_shared.obj
 0001:0001e350       _ItemParse_textstyle       4001f350 f   ui_shared.obj
 0001:0001e370       _ItemParse_invertyesno     4001f370 f   ui_shared.obj
 0001:0001e390       _ItemParse_xoffset         4001f390 f   ui_shared.obj
 0001:0001e3b0       _ItemParse_backcolor       4001f3b0 f   ui_shared.obj
 0001:0001e460       _ItemParse_forecolor       4001f460 f   ui_shared.obj
 0001:0001e460       _MenuParse_forecolor       4001f460 f   ui_shared.obj
 0001:0001e550       _ItemParse_bordercolor     4001f550 f   ui_shared.obj
 0001:0001e610       _ItemParse_outlinecolor    4001f610 f   ui_shared.obj
 0001:0001e610       _MenuParse_outlinecolor    4001f610 f   ui_shared.obj
 0001:0001e630       _ItemParse_background      4001f630 f   ui_shared.obj
 0001:0001e630       _MenuParse_background      4001f630 f   ui_shared.obj
 0001:0001e680       _ItemParse_cinematic       4001f680 f   ui_shared.obj
 0001:0001e680       _MenuParse_cinematic       4001f680 f   ui_shared.obj
 0001:0001e6a0       _ItemParse_doubleClick     4001f6a0 f   ui_shared.obj
 0001:0001e6e0       _ItemParse_onFocus         4001f6e0 f   ui_shared.obj
 0001:0001e700       _ItemParse_leaveFocus      4001f700 f   ui_shared.obj
 0001:0001e720       _ItemParse_mouseEnter      4001f720 f   ui_shared.obj
 0001:0001e740       _ItemParse_mouseExit       4001f740 f   ui_shared.obj
 0001:0001e760       _ItemParse_mouseEnterText  4001f760 f   ui_shared.obj
 0001:0001e780       _ItemParse_mouseExitText   4001f780 f   ui_shared.obj
 0001:0001e7a0       _ItemParse_action          4001f7a0 f   ui_shared.obj
 0001:0001e7c0       _ItemParse_cvarTest        4001f7c0 f   ui_shared.obj
 0001:0001e7e0       _ItemParse_cvar            4001f7e0 f   ui_shared.obj
 0001:0001e860       _ItemParse_font            4001f860 f   ui_shared.obj
 0001:0001e890       _ItemParse_maxChars        4001f890 f   ui_shared.obj
 0001:0001e8e0       _ItemParse_maxPaintChars   4001f8e0 f   ui_shared.obj
 0001:0001e930       _ItemParse_maxLineChars    4001f930 f   ui_shared.obj
 0001:0001e980       _ItemParse_lineHeight      4001f980 f   ui_shared.obj
 0001:0001e9d0       _ItemParse_cvarInt         4001f9d0 f   ui_shared.obj
 0001:0001ea60       _ItemParse_cvarFloat       4001fa60 f   ui_shared.obj
 0001:0001ead0       _ItemParse_cvarStrList     4001fad0 f   ui_shared.obj
 0001:0001ed10       _ItemParse_cvarFloatList   4001fd10 f   ui_shared.obj
 0001:0001ee00       _ItemParse_addColorRange   4001fe00 f   ui_shared.obj
 0001:0001ee80       _ItemParse_ownerdrawFlag   4001fe80 f   ui_shared.obj
 0001:0001ee80       _MenuParse_ownerdrawFlag   4001fe80 f   ui_shared.obj
 0001:0001eeb0       _ItemParse_enableCvar      4001feb0 f   ui_shared.obj
 0001:0001eef0       _ItemParse_disableCvar     4001fef0 f   ui_shared.obj
 0001:0001ef30       _ItemParse_showCvar        4001ff30 f   ui_shared.obj
 0001:0001ef70       _ItemParse_hideCvar        4001ff70 f   ui_shared.obj
 0001:0001efb0       _ItemParse_cvarSubString   4001ffb0 f   ui_shared.obj
 0001:0001efd0       _ItemParse_Appearance_slot 4001ffd0 f   ui_shared.obj
 0001:0001eff0       _ItemParse_isSaber         4001fff0 f   ui_shared.obj
 0001:0001f060       _ItemParse_isSaber2        40020060 f   ui_shared.obj
 0001:0001f0d0       _MenuParse_font            400200d0 f   ui_shared.obj
 0001:0001f130       _MenuParse_name            40020130 f   ui_shared.obj
 0001:0001f170       _MenuParse_fullscreen      40020170 f   ui_shared.obj
 0001:0001f190       _MenuParse_rect            40020190 f   ui_shared.obj
 0001:0001f1f0       _MenuParse_style           400201f0 f   ui_shared.obj
 0001:0001f230       _MenuParse_onOpen          40020230 f   ui_shared.obj
 0001:0001f250       _MenuParse_onClose         40020250 f   ui_shared.obj
 0001:0001f270       _MenuParse_onAccept        40020270 f   ui_shared.obj
 0001:0001f290       _MenuParse_onESC           40020290 f   ui_shared.obj
 0001:0001f2b0       _MenuParse_backcolor       400202b0 f   ui_shared.obj
 0001:0001f360       _MenuParse_descAlignment   40020360 f   ui_shared.obj
 0001:0001f3a0       _MenuParse_descX           400203a0 f   ui_shared.obj
 0001:0001f3c0       _MenuParse_descY           400203c0 f   ui_shared.obj
 0001:0001f3e0       _MenuParse_descScale       400203e0 f   ui_shared.obj
 0001:0001f400       _MenuParse_descColor       40020400 f   ui_shared.obj
 0001:0001f4c0       _MenuParse_bordercolor     400204c0 f   ui_shared.obj
 0001:0001f580       _MenuParse_focuscolor      40020580 f   ui_shared.obj
 0001:0001f640       _MenuParse_disablecolor    40020640 f   ui_shared.obj
 0001:0001f700       _MenuParse_ownerdraw       40020700 f   ui_shared.obj
 0001:0001f720       _MenuParse_popup           40020720 f   ui_shared.obj
 0001:0001f740       _MenuParse_outOfBounds     40020740 f   ui_shared.obj
 0001:0001f760       _MenuParse_fadeClamp       40020760 f   ui_shared.obj
 0001:0001f780       _MenuParse_itemDef         40020780 f   ui_shared.obj
 0001:0001f9a0       _MenuParse_appearanceIncrement 400209a0 f   ui_shared.obj
 0001:0001f9c0       _BindingIDFromName         400209c0 f   ui_shared.obj
 0001:0001fa00       _Controls_GetConfig        40020a00 f   ui_shared.obj
 0001:0001fab0       _Controls_SetConfig        40020ab0 f   ui_shared.obj
 0001:0001fb00       _Display_CacheAll          40020b00 f   ui_shared.obj
 0001:0001fd00       _Display_KeyBindPending    40020d00 f   ui_shared.obj
 0001:0001fd10       _Display_MouseMove         40020d10 f   ui_shared.obj
 0001:0001fe10       _Float_Parse               40020e10 f   ui_shared.obj
 0001:0001fe50       _GradientBar_Paint         40020e50 f   ui_shared.obj
 0001:0001fea0       _Init_Display              40020ea0 f   ui_shared.obj
 0001:0001feb0       _Int_Parse                 40020eb0 f   ui_shared.obj
 0001:0001fef0       _ItemParse_asset_model_go  40020ef0 f   ui_shared.obj
 0001:00020160       _ItemParse_model_g2anim_go 40021160 f   ui_shared.obj
 0001:000201e0       _ItemParse_model_g2skin_go 400211e0 f   ui_shared.obj
 0001:00020250       _Item_Bind_HandleKey       40021250 f   ui_shared.obj
 0001:00020510       _Item_Bind_Paint           40021510 f   ui_shared.obj
 0001:00020920       _Item_EnableShowViaCvar    40021920 f   ui_shared.obj
 0001:00020a80       _Item_HandleKey            40021a80 f   ui_shared.obj
 0001:00020f10       _Item_ListBox_HandleKey    40021f10 f   ui_shared.obj
 0001:000213a0       _Item_ListBox_MaxScroll    400223a0 f   ui_shared.obj
 0001:00021410       _Item_ListBox_MouseEnter   40022410 f   ui_shared.obj
 0001:000215e0       _Item_ListBox_OverLB       400225e0 f   ui_shared.obj
 0001:000219f0       _Item_ListBox_Paint        400229f0 f   ui_shared.obj
 0001:00022880       _Item_ListBox_ThumbDrawPosition 40023880 f   ui_shared.obj
 0001:00022960       _Item_ListBox_ThumbPosition 40023960 f   ui_shared.obj
 0001:00022aa0       _Item_Model_Paint          40023aa0 f   ui_shared.obj
 0001:00023230       _Item_MouseEnter           40024230 f   ui_shared.obj
 0001:000233f0       _Item_Multi_HandleKey      400243f0 f   ui_shared.obj
 0001:00023670       _Item_Multi_Paint          40024670 f   ui_shared.obj
 0001:00023930       _Item_OwnerDraw_Paint      40024930 f   ui_shared.obj
 0001:00023d50       _Item_Paint                40024d50 f   ui_shared.obj
 0001:00024750       _Item_RunScript            40025750 f   ui_shared.obj
 0001:00024830       _Item_SetFocus             40025830 f   ui_shared.obj
 0001:00024960       _Item_SetScreenCoords      40025960 f   ui_shared.obj
 0001:000249f0       _Item_SetTextExtents       400259f0 f   ui_shared.obj
 0001:00024c30       _Item_Slider_ThumbPosition 40025c30 f   ui_shared.obj
 0001:00024cf0       _Item_StartCapture         40025cf0 f   ui_shared.obj
 0001:00024fa0       _Item_TextColor            40025fa0 f   ui_shared.obj
 0001:000251e0       _Item_TextField_HandleKey  400261e0 f   ui_shared.obj
 0001:00025660       _Item_TextField_Paint      40026660 f   ui_shared.obj
 0001:00025ed0       _Item_TextScroll_HandleKey 40026ed0 f   ui_shared.obj
 0001:00026020       _Item_TextScroll_OverLB    40027020 f   ui_shared.obj
 0001:00026200       _Item_TextScroll_Paint     40027200 f   ui_shared.obj
 0001:00026510       _Item_TextScroll_ThumbDrawPosition 40027510 f   ui_shared.obj
 0001:000266c0       _Item_Text_AutoWrapped_Paint 400276c0 f   ui_shared.obj
 0001:00026950       _Item_Text_Paint           40027950 f   ui_shared.obj
 0001:00026cc0       _Item_ValidateTypeData     40027cc0 f   ui_shared.obj
 0001:00026dd0       _Item_YesNo_Paint          40027dd0 f   ui_shared.obj
 0001:00027000       _KeywordHash_Key           40028000 f   ui_shared.obj
 0001:00027050       _Leaving_EditField         40028050 f   ui_shared.obj
 0001:00027080       _LerpColor                 40028080 f   ui_shared.obj
 0001:00027160       _Menu_ClearFocus           40028160 f   ui_shared.obj
 0001:000272b0       _Menu_Count                400282b0 f   ui_shared.obj
 0001:000272c0       _Menu_FindItemByName       400282c0 f   ui_shared.obj
 0001:00027320       _Menu_GetFocused           40028320 f   ui_shared.obj
 0001:00027360       _Menu_GetMatchingItemByNumber 40028360 f   ui_shared.obj
 0001:000273e0       _Menu_HandleKey            400283e0 f   ui_shared.obj
 0001:00027a00       _Menu_HandleMouseMove      40028a00 f   ui_shared.obj
 0001:00027c20       _Menu_ItemDisable          40028c20 f   ui_shared.obj
 0001:00027c70       _Menu_ItemsMatchingGroup   40028c70 f   ui_shared.obj
 0001:00027cf0       _Menu_New                  40028cf0 f   ui_shared.obj
 0001:00027ed0       _Menu_Paint                40028ed0 f   ui_shared.obj
 0001:00028080       _Menu_PaintAll             40029080 f   ui_shared.obj
 0001:00028320       _Menu_Reset                40029320 f   ui_shared.obj
 0001:00028330       _Menu_SetFeederSelection   40029330 f   ui_shared.obj
 0001:00028400       _Menu_SetItemBackground    40029400 f   ui_shared.obj
 0001:00028460       _Menu_SetItemText          40029460 f   ui_shared.obj
 0001:00028af0       _Menu_SetNextCursorItem    40029af0 f   ui_shared.obj
 0001:00028be0       _Menu_SetPrevCursorItem    40029be0 f   ui_shared.obj
 0001:00028cd0       _Menu_ShowGroup            40029cd0 f   ui_shared.obj
 0001:00028d40       _Menu_ShowItemByName       40029d40 f   ui_shared.obj
 0001:00028dc0       _Menu_TransitionItemByName 40029dc0 f   ui_shared.obj
 0001:00028ed0       _Menu_UpdatePosition       40029ed0 f   ui_shared.obj
 0001:00028fd0       _Menus_Activate            40029fd0 f   ui_shared.obj
 0001:00029040       _Menus_ActivateByName      4002a040 f   ui_shared.obj
 0001:00029190       _Menus_AnyFullScreenVisible 4002a190 f   ui_shared.obj
 0001:000291c0       _Menus_CloseAll            4002a1c0 f   ui_shared.obj
 0001:00029240       _Menus_CloseByName         4002a240 f   ui_shared.obj
 0001:000292c0       _Menus_FindByName          4002a2c0 f   ui_shared.obj
 0001:00029310       _Menus_HandleOOBClick      4002a310 f   ui_shared.obj
 0001:00029660       _Menus_OpenByName          4002a660 f   ui_shared.obj
 0001:000297b0       _PC_Color_Parse            4002a7b0 f   ui_shared.obj
 0001:00029850       _PC_Float_Parse            4002a850 f   ui_shared.obj
 0001:000298f0       _PC_Int_Parse              4002a8f0 f   ui_shared.obj
 0001:00029980       _PC_Script_Parse           4002a980 f   ui_shared.obj
 0001:00029bc0       _PC_SourceError            4002abc0 f   ui_shared.obj
 0001:00029c30       _PC_String_Parse           4002ac30 f   ui_shared.obj
 0001:00029ca0       _Rect_Parse                4002aca0 f   ui_shared.obj
 0001:0002a2e0       _String_Alloc              4002b2e0 f   ui_shared.obj
 0001:0002a430       _String_Init               4002b430 f   ui_shared.obj
 0001:0002a5d0       _String_Parse              4002b5d0 f   ui_shared.obj
 0001:0002a610       _String_Report             4002b610 f   ui_shared.obj
 0001:0002a6a0       _UI_Alloc                  4002b6a0 f   ui_shared.obj
 0001:0002a700       _UI_CleanupGhoul2          4002b700 f   ui_shared.obj
 0001:0002a740       _UI_InitMemory             4002b740 f   ui_shared.obj
 0001:0002a760       _UI_OutOfMemory            4002b760 f   ui_shared.obj
 0001:0002a770       _Window_Paint              4002b770 f   ui_shared.obj
 0001:0002ac60       _dllEntry                  4002bc60 f   ui_syscalls.obj
 0001:0002ac70       _trap_AnyLanguage_ReadCharFromString 4002bc70 f   ui_syscalls.obj
 0001:0002ac90       _trap_Argc                 4002bc90 f   ui_syscalls.obj
 0001:0002aca0       _trap_Argv                 4002bca0 f   ui_syscalls.obj
 0001:0002acc0       _trap_CIN_DrawCinematic    4002bcc0 f   ui_syscalls.obj
 0001:0002ace0       _trap_CIN_PlayCinematic    4002bce0 f   ui_syscalls.obj
 0001:0002ad10       _trap_CIN_RunCinematic     4002bd10 f   ui_syscalls.obj
 0001:0002ad30       _trap_CIN_SetExtents       4002bd30 f   ui_syscalls.obj
 0001:0002ad50       _trap_CIN_StopCinematic    4002bd50 f   ui_syscalls.obj
 0001:0002ad70       _trap_Cmd_ExecuteText      4002bd70 f   ui_syscalls.obj
 0001:0002ad90       _trap_Cvar_Register        4002bd90 f   ui_syscalls.obj
 0001:0002adb0       _trap_Cvar_Set             4002bdb0 f   ui_syscalls.obj
 0001:0002add0       _trap_Cvar_SetValue        4002bdd0 f   ui_syscalls.obj
 0001:0002adf0       _trap_Cvar_Update          4002bdf0 f   ui_syscalls.obj
 0001:0002ae10       _trap_Cvar_VariableStringBuffer 4002be10 f   ui_syscalls.obj
 0001:0002ae30       _trap_Cvar_VariableValue   4002be30 f   ui_syscalls.obj
 0001:0002ae50       _trap_Error                4002be50 f   ui_syscalls.obj
 0001:0002ae70       _trap_FS_FCloseFile        4002be70 f   ui_syscalls.obj
 0001:0002ae90       _trap_FS_FOpenFile         4002be90 f   ui_syscalls.obj
 0001:0002aeb0       _trap_FS_GetFileList       4002beb0 f   ui_syscalls.obj
 0001:0002aed0       _trap_FS_Read              4002bed0 f   ui_syscalls.obj
 0001:0002aef0       _trap_FS_Write             4002bef0 f   ui_syscalls.obj
 0001:0002af10       _trap_G2API_AddBolt        4002bf10 f   ui_syscalls.obj
 0001:0002af30       _trap_G2API_AttachG2Model  4002bf30 f   ui_syscalls.obj
 0001:0002af60       _trap_G2API_CleanGhoul2Models 4002bf60 f   ui_syscalls.obj
 0001:0002af80       _trap_G2API_GetBoltMatrix  4002bf80 f   ui_syscalls.obj
 0001:0002afb0       _trap_G2API_GetGLAName     4002bfb0 f   ui_syscalls.obj
 0001:0002afd0       _trap_G2API_HasGhoul2ModelOnIndex 4002bfd0 f   ui_syscalls.obj
 0001:0002aff0       _trap_G2API_InitGhoul2Model 4002bff0 f   ui_syscalls.obj
 0001:0002b020       _trap_G2API_RemoveGhoul2Model 4002c020 f   ui_syscalls.obj
 0001:0002b040       _trap_G2API_SetBoneAnim    4002c040 f   ui_syscalls.obj
 0001:0002b090       _trap_G2API_SetSkin        4002c090 f   ui_syscalls.obj
 0001:0002b0b0       _trap_G2API_SetTime        4002c0b0 f   ui_syscalls.obj
 0001:0002b0d0       _trap_G2_HaveWeGhoul2Models 4002c0d0 f   ui_syscalls.obj
 0001:0002b0f0       _trap_GetClientState       4002c0f0 f   ui_syscalls.obj
 0001:0002b110       _trap_GetConfigString      4002c110 f   ui_syscalls.obj
 0001:0002b130       _trap_GetGlconfig          4002c130 f   ui_syscalls.obj
 0001:0002b150       _trap_GetLanguageName      4002c150 f   ui_syscalls.obj
 0001:0002b170       _trap_Key_ClearStates      4002c170 f   ui_syscalls.obj
 0001:0002b180       _trap_Key_GetBindingBuf    4002c180 f   ui_syscalls.obj
 0001:0002b1a0       _trap_Key_GetCatcher       4002c1a0 f   ui_syscalls.obj
 0001:0002b1b0       _trap_Key_GetOverstrikeMode 4002c1b0 f   ui_syscalls.obj
 0001:0002b1c0       _trap_Key_KeynumToStringBuf 4002c1c0 f   ui_syscalls.obj
 0001:0002b1e0       _trap_Key_SetBinding       4002c1e0 f   ui_syscalls.obj
 0001:0002b200       _trap_Key_SetCatcher       4002c200 f   ui_syscalls.obj
 0001:0002b220       _trap_Key_SetOverstrikeMode 4002c220 f   ui_syscalls.obj
 0001:0002b240       _trap_LAN_AddServer        4002c240 f   ui_syscalls.obj
 0001:0002b260       _trap_LAN_CompareServers   4002c260 f   ui_syscalls.obj
 0001:0002b280       _trap_LAN_GetServerAddressString 4002c280 f   ui_syscalls.obj
 0001:0002b2a0       _trap_LAN_GetServerCount   4002c2a0 f   ui_syscalls.obj
 0001:0002b2c0       _trap_LAN_GetServerInfo    4002c2c0 f   ui_syscalls.obj
 0001:0002b2e0       _trap_LAN_GetServerPing    4002c2e0 f   ui_syscalls.obj
 0001:0002b300       _trap_LAN_LoadCachedServers 4002c300 f   ui_syscalls.obj
 0001:0002b310       _trap_LAN_MarkServerVisible 4002c310 f   ui_syscalls.obj
 0001:0002b330       _trap_LAN_RemoveServer     4002c330 f   ui_syscalls.obj
 0001:0002b350       _trap_LAN_ResetPings       4002c350 f   ui_syscalls.obj
 0001:0002b370       _trap_LAN_SaveCachedServers 4002c370 f   ui_syscalls.obj
 0001:0002b380       _trap_LAN_ServerIsVisible  4002c380 f   ui_syscalls.obj
 0001:0002b3a0       _trap_LAN_ServerStatus     4002c3a0 f   ui_syscalls.obj
 0001:0002b3c0       _trap_LAN_UpdateVisiblePings 4002c3c0 f   ui_syscalls.obj
 0001:0002b3e0       _trap_Language_IsAsian     4002c3e0 f   ui_syscalls.obj
 0001:0002b3f0       _trap_Language_UsesSpaces  4002c3f0 f   ui_syscalls.obj
 0001:0002b400       _trap_Milliseconds         4002c400 f   ui_syscalls.obj
 0001:0002b410       _trap_PC_FreeSource        4002c410 f   ui_syscalls.obj
 0001:0002b430       _trap_PC_LoadGlobalDefines 4002c430 f   ui_syscalls.obj
 0001:0002b450       _trap_PC_LoadSource        4002c450 f   ui_syscalls.obj
 0001:0002b470       _trap_PC_ReadToken         4002c470 f   ui_syscalls.obj
 0001:0002b490       _trap_PC_RemoveAllGlobalDefines 4002c490 f   ui_syscalls.obj
 0001:0002b4a0       _trap_PC_SourceFileAndLine 4002c4a0 f   ui_syscalls.obj
 0001:0002b4c0       _trap_Print                4002c4c0 f   ui_syscalls.obj
 0001:0002b4e0       _trap_R_AddRefEntityToScene 4002c4e0 f   ui_syscalls.obj
 0001:0002b500       _trap_R_ClearScene         4002c500 f   ui_syscalls.obj
 0001:0002b510       _trap_R_DrawStretchPic     4002c510 f   ui_syscalls.obj
 0001:0002b590       _trap_R_Font_DrawString    4002c590 f   ui_syscalls.obj
 0001:0002b5c0       _trap_R_Font_HeightPixels  4002c5c0 f   ui_syscalls.obj
 0001:0002b5e0       _trap_R_Font_StrLenChars   4002c5e0 f   ui_syscalls.obj
 0001:0002b600       _trap_R_Font_StrLenPixels  4002c600 f   ui_syscalls.obj
 0001:0002b630       _trap_R_ModelBounds        4002c630 f   ui_syscalls.obj
 0001:0002b650       _trap_R_RegisterFont       4002c650 f   ui_syscalls.obj
 0001:0002b670       _trap_R_RegisterModel      4002c670 f   ui_syscalls.obj
 0001:0002b690       _trap_R_RegisterShaderNoMip 4002c690 f   ui_syscalls.obj
 0001:0002b6f0       _trap_R_RegisterSkin       4002c6f0 f   ui_syscalls.obj
 0001:0002b710       _trap_R_RenderScene        4002c710 f   ui_syscalls.obj
 0001:0002b730       _trap_R_SetColor           4002c730 f   ui_syscalls.obj
 0001:0002b750       _trap_R_ShaderNameFromIndex 4002c750 f   ui_syscalls.obj
 0001:0002b770       _trap_RealTime             4002c770 f   ui_syscalls.obj
 0001:0002b790       _trap_SP_GetNumLanguages   4002c790 f   ui_syscalls.obj
 0001:0002b7a0       _trap_SP_GetStringTextString 4002c7a0 f   ui_syscalls.obj
 0001:0002b7c0       _trap_S_RegisterSound      4002c7c0 f   ui_syscalls.obj
 0001:0002b7e0       _trap_S_StartBackgroundTrack 4002c7e0 f   ui_syscalls.obj
 0001:0002b800       _trap_S_StartLocalSound    4002c800 f   ui_syscalls.obj
 0001:0002b820       _trap_S_StopBackgroundTrack 4002c820 f   ui_syscalls.obj
 0001:0002b830       __alloca_probe             4002c830 f   LIBCMT:chkstk.obj
 0001:0002b830       __chkstk                   4002c830 f   LIBCMT:chkstk.obj
 0001:0002b860       __ftol2_sse                4002c860 f   LIBCMT:ftol2.obj
 0001:0002b870       __ftoi2                    4002c870 f   LIBCMT:ftol2.obj
 0001:0002bc2c       __DllMainCRTStartup@12     4002cc2c f   LIBCMT:dll_dllmain.obj
 0001:0002bc4f       ___isa_available_init      4002cc4f f   LIBCMT:cpu_disp.obj
 0001:0002be70       ___security_init_cookie    4002ce70 f   LIBCMT:gs_support.obj
 0001:0002bebb       _DllMain@12                4002cebb f   LIBCMT:dll_dllmain_stub.obj
 0001:0002bec1       ?__scrt_initialize_type_info@@YAXXZ 4002cec1 f   LIBCMT:tncleanup.obj
 0001:0002becd       ?__scrt_uninitialize_type_info@@YAXXZ 4002cecd f   LIBCMT:tncleanup.obj
 0001:0002bed9       ___scrt_initialize_default_local_stdio_options 4002ced9 f   LIBCMT:default_local_stdio_options.obj
 0001:0002bf3a       ___scrt_acquire_startup_lock 4002cf3a f   LIBCMT:utility.obj
 0001:0002bf6c       ___scrt_dllmain_after_initialize_c 4002cf6c f   LIBCMT:utility.obj
 0001:0002bf97       ___scrt_dllmain_before_initialize_c 4002cf97 f   LIBCMT:utility.obj
 0001:0002bfa5       ___scrt_dllmain_crt_thread_attach 4002cfa5 f   LIBCMT:utility.obj
 0001:0002bfc4       ___scrt_dllmain_crt_thread_detach 4002cfc4 f   LIBCMT:utility.obj
 0001:0002bfd1       ___scrt_dllmain_exception_filter 4002cfd1 f   LIBCMT:utility.obj
 0001:0002c005       ___scrt_dllmain_uninitialize_c 4002d005 f   LIBCMT:utility.obj
 0001:0002c028       ___scrt_dllmain_uninitialize_critical 4002d028 f   LIBCMT:utility.obj
 0001:0002c035       ___scrt_initialize_crt     4002d035 f   LIBCMT:utility.obj
 0001:0002c06e       ___scrt_initialize_onexit_tables 4002d06e f   LIBCMT:utility.obj
 0001:0002c0f5       ___scrt_is_nonwritable_in_current_image 4002d0f5 f   LIBCMT:utility.obj
 0001:0002c189       ___scrt_release_startup_lock 4002d189 f   LIBCMT:utility.obj
 0001:0002c1a6       ___scrt_uninitialize_crt   4002d1a6 f   LIBCMT:utility.obj
 0001:0002c1ce       ___scrt_get_dyn_tls_init_callback 4002d1ce f   LIBCMT:dyn_tls_init.obj
 0001:0002c1d4       ___scrt_fastfail           4002d1d4 f   LIBCMT:utility_desktop.obj
 0001:0002c2e9       __crt_debugger_hook        4002d2e9 f   LIBCMT:utility_desktop.obj
 0001:0002c2f1       __RTC_Initialize           4002d2f1 f   LIBCMT:initsect.obj
 0001:0002c31d       __RTC_Terminate            4002d31d f   LIBCMT:initsect.obj
 0001:0002c350       __SEH_prolog4              4002d350 f   LIBCMT:sehprolg4.obj
 0001:0002c395       __get_startup_argv_mode    4002d395 f   LIBCMT:argv_mode.obj
 0001:0002c399       ___scrt_is_ucrt_dll_in_use 4002d399 f   LIBCMT:ucrt_detection.obj
 0001:0002c3a5       @__security_check_cookie@4 4002d3a5 f   LIBCMT:secchk.obj
 0001:0002c3b3       ___raise_securityfailure   4002d3b3 f   LIBCMT:gs_report.obj
 0001:0002c3db       ___report_gsfailure        4002d3db f   LIBCMT:gs_report.obj
 0001:0002c4e0       _memset                    4002d4e0 f   libvcruntime:memset.obj
 0001:0002c640       _strchr                    4002d640 f   libvcruntime:strchr.obj
 0001:0002c6ae       ___from_strstr_to_strchr   4002d6ae     libvcruntime:strchr.obj
 0001:0002c770       _memcpy                    4002d770 f   libvcruntime:memcpy.obj
 0001:0002c770       _memmove                   4002d770 f   libvcruntime:memmove.obj
 0001:0002ccf0       _strstr                    4002dcf0 f   libvcruntime:strstr.obj
 0001:0002cf60       _strrchr                   4002df60 f   libvcruntime:strrchr.obj
 0001:0002d0e0       __except_handler4          4002e0e0 f   libvcruntime:chandler4.obj
 0001:0002d23e       ___std_type_info_compare   4002e23e f   libvcruntime:std_type_info.obj
 0001:0002d27a       ___std_type_info_destroy_list 4002e27a f   libvcruntime:std_type_info.obj
 0001:0002d29d       ___vcrt_initialize         4002e29d f   libvcruntime:initialization.obj
 0001:0002d2bc       ___vcrt_thread_attach      4002e2bc f   libvcruntime:initialization.obj
 0001:0002d2c7       ___vcrt_thread_detach      4002e2c7 f   libvcruntime:initialization.obj
 0001:0002d2cf       ___vcrt_uninitialize       4002e2cf f   libvcruntime:initialization.obj
 0001:0002d2e6       ___vcrt_uninitialize_critical 4002e2e6 f   libvcruntime:initialization.obj
 0001:0002d2ee       ___DestructExceptionObject 4002e2ee f   libvcruntime:ehhelpers.obj
 0001:0002d38f       ?_CallMemberFunction0@@YGXQAX0@Z 4002e38f f i libvcruntime:ehhelpers.obj
 0001:0002d3f4       __IsExceptionObjectToBeDestroyed 4002e3f4 f   libvcruntime:ehhelpers.obj
 0001:0002d41a       ___AdjustPointer           4002e41a f   libvcruntime:ehhelpers.obj
 0001:0002d43f       ___FrameUnwindFilter       4002e43f f   libvcruntime:ehhelpers.obj
 0001:0002d495       ___std_terminate           4002e495 f   libvcruntime:ehhelpers.obj
 0001:0002d4a0       __local_unwind4            4002e4a0 f   libvcruntime:exsup4.obj
 0001:0002d590       @_EH4_CallFilterFunc@8     4002e590 f   libvcruntime:exsup4.obj
 0001:0002d5b0       @_EH4_TransferToHandler@8  4002e5b0 f   libvcruntime:exsup4.obj
 0001:0002d5d0       @_EH4_GlobalUnwind2@8      4002e5d0 f   libvcruntime:exsup4.obj
 0001:0002d5f0       @_EH4_LocalUnwind@16       4002e5f0 f   libvcruntime:exsup4.obj
 0001:0002d607       ___except_validate_context_record 4002e607 f   libvcruntime:jbcxrval.obj
 0001:0002d637       ___vcrt_freefls@4          4002e637 f   libvcruntime:per_thread_data.obj
 0001:0002d653       ___vcrt_freeptd_for_this_thread 4002e653 f   libvcruntime:per_thread_data.obj
 0001:0002d67e       ___vcrt_getptd             4002e67e f   libvcruntime:per_thread_data.obj
 0001:0002d68c       ___vcrt_getptd_noexit      4002e68c f   libvcruntime:per_thread_data.obj
 0001:0002d71e       ___vcrt_initialize_ptd     4002e71e f   libvcruntime:per_thread_data.obj
 0001:0002d751       ___vcrt_uninitialize_ptd   4002e751 f   libvcruntime:per_thread_data.obj
 0001:0002d76c       ___vcrt_initialize_locks   4002e76c f   libvcruntime:locks.obj
 0001:0002d7a8       ___vcrt_uninitialize_locks 4002e7a8 f   libvcruntime:locks.obj
 0001:0002d7e0       __NLG_Notify1              4002e7e0 f   libvcruntime:exsup.obj
 0001:0002d7f0       __NLG_Notify               4002e7f0 f   libvcruntime:exsup.obj
 0001:0002d807       __NLG_Dispatch             4002e807     libvcruntime:exsup.obj
 0001:0002d807       __NLG_Dispatch2            4002e807     libvcruntime:exsup.obj
 0001:0002d810       __NLG_Call                 4002e810 f   libvcruntime:exsup.obj
 0001:0002d812       __NLG_Return2              4002e812     libvcruntime:exsup.obj
 0001:0002d813       ?GetRangeOfTrysToCheck@__FrameHandler3@@SA?AU?$pair@Viterator@TryBlockMap@__FrameHandler3@@V123@@std@@AAVTryBlockMap@1@HPAXPBU_s_FuncInfo@@H@Z 4002e813 f   libvcruntime:trnsctrl.obj
 0001:0002d882       ?_CallCatchBlock2@@YAPAXPAUEHRegistrationNode@@PBU_s_FuncInfo@@PAXHK@Z 4002e882 f   libvcruntime:trnsctrl.obj
 0001:0002d8df       ?_CallSETranslator@@YAHPAUEHExceptionRecord@@PAUEHRegistrationNode@@PAX2PBU_s_FuncInfo@@H1@Z 4002e8df f   libvcruntime:trnsctrl.obj
 0001:0002d9cf       ?_JumpToContinuation@@YGXPAXPAUEHRegistrationNode@@@Z 4002e9cf f   libvcruntime:trnsctrl.obj
 0001:0002d9ff       ?_UnwindNestedFrames@@YGXPAUEHRegistrationNode@@PAUEHExceptionRecord@@@Z 4002e9ff f   libvcruntime:trnsctrl.obj
 0001:0002da52       __CatchGuardHandler        4002ea52 f   libvcruntime:trnsctrl.obj
 0001:0002da83       __CreateFrameInfo          4002ea83 f   libvcruntime:trnsctrl.obj
 0001:0002daa7       __FindAndUnlinkFrame       4002eaa7 f   libvcruntime:trnsctrl.obj
 0001:0002daef       __TranslatorGuardHandler   4002eaef f   libvcruntime:trnsctrl.obj
 0001:0002db8c       ___CxxFrameHandler3        4002eb8c f   libvcruntime:trnsctrl.obj
 0001:0002dcad       ___vcrt_FlsAlloc           4002ecad f   libvcruntime:winapi_downlevel.obj
 0001:0002dce8       ___vcrt_FlsFree            4002ece8 f   libvcruntime:winapi_downlevel.obj
 0001:0002dd23       ___vcrt_FlsGetValue        4002ed23 f   libvcruntime:winapi_downlevel.obj
 0001:0002dd5e       ___vcrt_FlsSetValue        4002ed5e f   libvcruntime:winapi_downlevel.obj
 0001:0002dd9c       ___vcrt_InitializeCriticalSectionEx 4002ed9c f   libvcruntime:winapi_downlevel.obj
 0001:0002e515       ??$TypeMatchHelper@V__FrameHandler3@@@@YAHPBU_s_HandlerType@@PBU_s_CatchableType@@PBU_s_ThrowInfo@@@Z 4002f515 f i libvcruntime:frame.obj
 0001:0002e5a3       ??$__InternalCxxFrameHandler@V__FrameHandler3@@@@YA?AW4_EXCEPTION_DISPOSITION@@PAUEHExceptionRecord@@PAUEHRegistrationNode@@PAU_CONTEXT@@PAXPBU_s_FuncInfo@@H1E@Z 4002f5a3 f i libvcruntime:frame.obj
 0001:0002e6a5       ??$__InternalCxxFrameHandlerWrapper@V__FrameHandler3@@@@YA?AW4_EXCEPTION_DISPOSITION@@PAUEHExceptionRecord@@PAUEHRegistrationNode@@PAU_CONTEXT@@PAXPBU_s_FuncInfo@@H1E@Z 4002f6a5 f i libvcruntime:frame.obj
 0001:0002e6ae       ??0bad_exception@std@@QAE@ABV01@@Z 4002f6ae f i libvcruntime:frame.obj
 0001:0002e6c9       ??0bad_exception@std@@QAE@XZ 4002f6c9 f i libvcruntime:frame.obj
 0001:0002e6e1       ??0exception@std@@QAE@ABV01@@Z 4002f6e1 f i libvcruntime:frame.obj
 0001:0002e70d       ??1bad_exception@std@@UAE@XZ 4002f70d f i libvcruntime:frame.obj
 0001:0002e71e       ??8type_info@@QBE_NABV0@@Z 4002f71e f i libvcruntime:frame.obj
 0001:0002e73d       ??_Ebad_exception@std@@UAEPAXI@Z 4002f73d f i libvcruntime:frame.obj
 0001:0002e73d       ??_Eexception@std@@UAEPAXI@Z 4002f73d f i libvcruntime:frame.obj
 0001:0002e73d       ??_Gbad_exception@std@@UAEPAXI@Z 4002f73d f i libvcruntime:frame.obj
 0001:0002e73d       ??_Gexception@std@@UAEPAXI@Z 4002f73d f i libvcruntime:frame.obj
 0001:0002e9c2       ?FrameUnwindToEmptyState@__FrameHandler3@@SAXPAUEHRegistrationNode@@PAXPBU_s_FuncInfo@@@Z 4002f9c2 f   libvcruntime:frame.obj
 0001:0002e9da       ?FrameUnwindToState@__FrameHandler3@@SAXPAUEHRegistrationNode@@PAXPBU_s_FuncInfo@@H@Z 4002f9da f   libvcruntime:frame.obj
 0001:0002eb5c       ?_CallMemberFunction1@@YGXQAX00@Z 4002fb5c f i libvcruntime:frame.obj
 0001:0002eb6c       ?_CallMemberFunction2@@YGXQAX00H@Z 4002fb6c f i libvcruntime:frame.obj
 0001:0002eb7f       ?getESTypes@__FrameHandler3@@SAPBU_s_ESTypeList@@PBU_s_FuncInfo@@@Z 4002fb7f f i libvcruntime:frame.obj
 0001:0002eb8a       ?what@exception@std@@UBEPBDXZ 4002fb8a f i libvcruntime:frame.obj
 0001:0002eba0       __CallSettingFrame@12      4002fba0 f   libvcruntime:lowhelpr.obj
 0001:0002ebc7       __NLG_Return               4002fbc7     libvcruntime:lowhelpr.obj
 0001:0002ebec       _unexpected                4002fbec f   libvcruntime:unexpected.obj
 0001:0002ec09       ?GetCurrentState@__FrameHandler3@@SAHPAUEHRegistrationNode@@PAXPBU_s_FuncInfo@@@Z 4002fc09 f   libvcruntime:ehstate.obj
 0001:0002ec26       ?SetState@__FrameHandler3@@SAXPAUEHRegistrationNode@@PBU_s_FuncInfo@@H@Z 4002fc26 f   libvcruntime:ehstate.obj
 0001:0002ec34       ___std_exception_copy      4002fc34 f   libvcruntime:std_exception.obj
 0001:0002ec97       ___std_exception_destroy   4002fc97 f   libvcruntime:std_exception.obj
 0001:0002ecb6       __CxxThrowException@8      4002fcb6 f   libvcruntime:throw.obj
 0001:0002ed22       ??$is_overflow_condition@K@__crt_strtox@@YA_NIK@Z 4002fd22 f i libucrt:atox.obj
 0001:0002ed56       ??$is_overflow_condition@_K@__crt_strtox@@YA_NI_K@Z 4002fd56 f i libucrt:atox.obj
 0001:0002ed97       ??$parse_integer@KV?$c_string_character_source@D@__crt_strtox@@$00@__crt_strtox@@YAKAAV__crt_cached_ptd_host@@V?$c_string_character_source@D@0@H_N@Z 4002fd97 f i libucrt:atox.obj
 0001:0002efe2       ??$parse_integer@_KV?$c_string_character_source@D@__crt_strtox@@$00@__crt_strtox@@YA_KAAV__crt_cached_ptd_host@@V?$c_string_character_source@D@0@H_N@Z 4002ffe2 f i libucrt:atox.obj
 0001:0002f2a0       ??0__crt_cached_ptd_host@@QAE@QAU__crt_locale_pointers@@@Z 400302a0 f i libucrt:atox.obj
 0001:0002f300       ??1__crt_cached_ptd_host@@QAE@XZ 40030300 f i libucrt:atox.obj
 0001:0002f340       ?force_synchronize_per_thread_data@__crt_cached_ptd_host@@AAEPAU__acrt_ptd@@XZ 40030340 f i libucrt:atox.obj
 0001:0002f390       ?get_raw_ptd@__crt_cached_ptd_host@@QAEPAU__acrt_ptd@@XZ 40030390 f i libucrt:atox.obj
 0001:0002f3ec       ?unget@?$c_string_character_source@D@__crt_strtox@@QAEXD@Z 400303ec f i libucrt:atox.obj
 0001:0002f420       ?update_locale_slow@__crt_cached_ptd_host@@AAEXXZ 40030420 f i libucrt:atox.obj
 0001:0002f47b       ?validate@?$c_string_character_source@D@__crt_strtox@@QBE_NXZ 4003047b f i libucrt:atox.obj
 0001:0002f496       ___acrt_locale_get_ctype_array_value 40030496 f i libucrt:atox.obj
 0001:0002f4b8       __ischartype_l             400304b8 f i libucrt:atox.obj
 0001:0002f50f       _atoi                      4003050f f   libucrt:atox.obj
 0001:0002f550       __CIatan2                  40030550 f   libucrt:87ctriga.obj
 0001:0002f560       __libm_sse2_cos_precise    40030560 f   libucrt:cos_sse2_precise.obj
 0001:0002f720       __libm_sse2_sin_precise    40030720 f   libucrt:sin_sse2_precise.obj
 0001:0002f8e8       ??$assemble_floating_point_snan@N@__crt_strtox@@YAX_NAAN@Z 400308e8 f i libucrt:atof.obj
 0001:0002f909       ??$assemble_floating_point_value_t@M@__crt_strtox@@YA?AW4SLD_STATUS@@_NH_KAAM@Z 40030909 f i libucrt:atof.obj
 0001:0002f948       ??$assemble_floating_point_value_t@N@__crt_strtox@@YA?AW4SLD_STATUS@@_NH_KAAN@Z 40030948 f i libucrt:atof.obj
 0001:0002f9fb       ??$convert_decimal_string_to_floating_type@M@__crt_strtox@@YA?AW4SLD_STATUS@@ABUfloating_point_string@0@AAM@Z 400309fb f i libucrt:atof.obj
 0001:0002fa1c       ??$convert_decimal_string_to_floating_type@N@__crt_strtox@@YA?AW4SLD_STATUS@@ABUfloating_point_string@0@AAN@Z 40030a1c f i libucrt:atof.obj
 0001:0002fa3d       ??$convert_hexadecimal_string_to_floating_type@M@__crt_strtox@@YA?AW4SLD_STATUS@@ABUfloating_point_string@0@AAM@Z 40030a3d f i libucrt:atof.obj
 0001:0002fa5e       ??$convert_hexadecimal_string_to_floating_type@N@__crt_strtox@@YA?AW4SLD_STATUS@@ABUfloating_point_string@0@AAN@Z 40030a5e f i libucrt:atof.obj
 0001:0002fa7f       ??$parse_floating_point@V?$c_string_character_source@D@__crt_strtox@@N@__crt_strtox@@YA?AW4SLD_STATUS@@QAU__crt_locale_pointers@@V?$c_string_character_source@D@0@QAN@Z 40030a7f f i libucrt:atof.obj
 0001:0002faff       ??$parse_floating_point_from_source@V?$c_string_character_source@D@__crt_strtox@@@__crt_strtox@@YA?AW4floating_point_parse_result@0@QAU__crt_locale_pointers@@AAV?$c_string_character_source@D@0@AAUfloating_point_string@0@@Z 40030aff f i libucrt:atof.obj
 0001:0002ff27       ??$parse_floating_point_possible_infinity@DV?$c_string_character_source@D@__crt_strtox@@PBD@__crt_strtox@@YA?AW4floating_point_parse_result@0@AADAAV?$c_string_character_source@D@0@PBD@Z 40030f27 f i libucrt:atof.obj
 0001:0002ffd9       ??$parse_floating_point_possible_nan@DV?$c_string_character_source@D@__crt_strtox@@PBD@__crt_strtox@@YA?AW4floating_point_parse_result@0@AADAAV?$c_string_character_source@D@0@PBD@Z 40030fd9 f i libucrt:atof.obj
 0001:000300dd       ??$parse_floating_point_possible_nan_is_ind@DV?$c_string_character_source@D@__crt_strtox@@@__crt_strtox@@YA_NAADAAV?$c_string_character_source@D@0@@Z 400310dd f i libucrt:atof.obj
 0001:00030119       ??$parse_floating_point_possible_nan_is_snan@DV?$c_string_character_source@D@__crt_strtox@@@__crt_strtox@@YA_NAADAAV?$c_string_character_source@D@0@@Z 40031119 f i libucrt:atof.obj
 0001:00030155       ??$parse_floating_point_write_result@M@__crt_strtox@@YA?AW4SLD_STATUS@@W4floating_point_parse_result@0@ABUfloating_point_string@0@QAM@Z 40031155 f i libucrt:atof.obj
 0001:0003029d       ??$parse_floating_point_write_result@N@__crt_strtox@@YA?AW4SLD_STATUS@@W4floating_point_parse_result@0@ABUfloating_point_string@0@QAN@Z 4003129d f i libucrt:atof.obj
 0001:000303c1       ??0_LocaleUpdate@@QAE@QAU__crt_locale_pointers@@@Z 400313c1 f i libucrt:atof.obj
 0001:00030443       ??R<lambda_32aa245da1b5b882fa96db788295c8b2>@@QBE@XZ 40031443 f i libucrt:atof.obj
 0001:00030443       ??R<lambda_690cf26ff5d754c94c32cf642e9f01bc>@@QBE@XZ 40031443 f i libucrt:atof.obj
 0001:00030443       ??R<lambda_e51f7abad2595a5950d3223319845217>@@QBE@XZ 40031443 f i libucrt:atof.obj
 0001:00030469       ?as_double@floating_point_value@__crt_strtox@@QBEAANXZ 40031469 f i libucrt:atof.obj
 0001:0003048e       ?as_float@floating_point_value@__crt_strtox@@QBEAAMXZ 4003148e f i libucrt:atof.obj
 0001:000304b3       ?assemble_floating_point_infinity@__crt_strtox@@YAX_NABVfloating_point_value@1@@Z 400314b3 f i libucrt:atof.obj
 0001:000304f3       ?assemble_floating_point_value@__crt_strtox@@YA?AW4SLD_STATUS@@_KH_N1ABVfloating_point_value@1@@Z 400314f3 f i libucrt:atof.obj
 0001:0003088c       ?assemble_floating_point_value_from_big_integer@__crt_strtox@@YA?AW4SLD_STATUS@@ABUbig_integer@1@I_N1ABVfloating_point_value@1@@Z 4003188c f i libucrt:atof.obj
 0001:00030a29       ?assemble_floating_point_zero@__crt_strtox@@YAX_NABVfloating_point_value@1@@Z 40031a29 f i libucrt:atof.obj
 0001:00030a5e       ?convert_decimal_string_to_floating_type_common@__crt_strtox@@YA?AW4SLD_STATUS@@ABUfloating_point_string@1@ABVfloating_point_value@1@@Z 40031a5e f i libucrt:atof.obj
 0001:0003275d       ?convert_hexadecimal_string_to_floating_type_common@__crt_strtox@@YA?AW4SLD_STATUS@@ABUfloating_point_string@1@ABVfloating_point_value@1@@Z 4003375d f i libucrt:atof.obj
 0001:0003280e       ?denormal_mantissa_mask@floating_point_value@__crt_strtox@@QBE_KXZ 4003380e f i libucrt:atof.obj
 0001:00032830       ?divide@__crt_strtox@@YA_KAAUbig_integer@1@ABU21@@Z 40033830 f i libucrt:atof.obj
 0001:00032d07       ?normal_mantissa_mask@floating_point_value@__crt_strtox@@QBE_KXZ 40033d07 f i libucrt:atof.obj
 0001:00032d1e       _atof                      40033d1e f   libucrt:atof.obj
 0001:00032dc0       __CIfmod                   40033dc0 f   libucrt:87fmod_impl.obj
 0001:00032dd0       __fFMOD                    40033dd0 f   libucrt:87fmod_impl.obj
 0001:00032de0       __libm_sse2_acos_precise   40033de0 f   libucrt:acos_sse2_precise.obj
 0001:00033300       __libm_sse2_sqrt_precise   40034300 f   libucrt:sqrt_sse2_precise.obj
 0001:00033574       ??$count@D@formatting_buffer@__crt_stdio_output@@QBEIXZ 40034574 f i libucrt:output.obj
 0001:0003358c       ??$ensure_buffer_is_big_enough@D@formatting_buffer@__crt_stdio_output@@QAE_NIAAV__crt_cached_ptd_host@@@Z 4003458c f i libucrt:output.obj
 0001:0003360c       ??$is_wide_character_specifier@D@__crt_stdio_output@@YA_N_KDW4length_modifier@0@@Z 4003460c f i libucrt:output.obj
 0001:0003363d       ??$make_c_string_character_source@DPAPAD@__crt_strtox@@YA?AV?$c_string_character_source@D@0@QBDQAPAD@Z 4003463d f i libucrt:output.obj
 0001:00033658       ??$parse_integer@KV?$c_string_character_source@D@__crt_strtox@@$0A@@__crt_strtox@@YAKAAV__crt_cached_ptd_host@@V?$c_string_character_source@D@0@H_N@Z 40034658 f i libucrt:output.obj
 0001:0003386b       ??$scratch_data@D@formatting_buffer@__crt_stdio_output@@QAEPADXZ 4003486b f i libucrt:output.obj
 0001:00033889       ??$type_case_integer@$07@?$output_processor@DV?$string_output_adapter@D@__crt_stdio_output@@V?$standard_base@DV?$string_output_adapter@D@__crt_stdio_output@@@2@@__crt_stdio_output@@AAE_N_N@Z 40034889 f i libucrt:output.obj
 0001:00033a16       ??$type_case_integer@$09@?$output_processor@DV?$string_output_adapter@D@__crt_stdio_output@@V?$standard_base@DV?$string_output_adapter@D@__crt_stdio_output@@@2@@__crt_stdio_output@@AAE_N_N@Z 40034a16 f i libucrt:output.obj
 0001:00033ba3       ??$type_case_integer@$0BA@@?$output_processor@DV?$string_output_adapter@D@__crt_stdio_output@@V?$standard_base@DV?$string_output_adapter@D@__crt_stdio_output@@@2@@__crt_stdio_output@@AAE_N_N@Z 40034ba3 f i libucrt:output.obj
 0001:00033d30       ??$type_case_integer_parse_into_buffer@I$07@?$output_processor@DV?$string_output_adapter@D@__crt_stdio_output@@V?$standard_base@DV?$string_output_adapter@D@__crt_stdio_output@@@2@@__crt_stdio_output@@AAEXI_N@Z 40034d30 f i libucrt:output.obj
 0001:00033d92       ??$type_case_integer_parse_into_buffer@I$09@?$output_processor@DV?$string_output_adapter@D@__crt_stdio_output@@V?$standard_base@DV?$string_output_adapter@D@__crt_stdio_output@@@2@@__crt_stdio_output@@AAEXI_N@Z 40034d92 f i libucrt:output.obj
 0001:00033e11       ??$type_case_integer_parse_into_buffer@I$0BA@@?$output_processor@DV?$string_output_adapter@D@__crt_stdio_output@@V?$standard_base@DV?$string_output_adapter@D@__crt_stdio_output@@@2@@__crt_stdio_output@@AAEXI_N@Z 40034e11 f i libucrt:output.obj
 0001:00033e8d       ??$type_case_integer_parse_into_buffer@_K$07@?$output_processor@DV?$string_output_adapter@D@__crt_stdio_output@@V?$standard_base@DV?$string_output_adapter@D@__crt_stdio_output@@@2@@__crt_stdio_output@@AAEX_K_N@Z 40034e8d f i libucrt:output.obj
 0001:00033f01       ??$type_case_integer_parse_into_buffer@_K$09@?$output_processor@DV?$string_output_adapter@D@__crt_stdio_output@@V?$standard_base@DV?$string_output_adapter@D@__crt_stdio_output@@@2@@__crt_stdio_output@@AAEX_K_N@Z 40034f01 f i libucrt:output.obj
 0001:00033f93       ??$type_case_integer_parse_into_buffer@_K$0BA@@?$output_processor@DV?$string_output_adapter@D@__crt_stdio_output@@V?$standard_base@DV?$string_output_adapter@D@__crt_stdio_output@@@2@@__crt_stdio_output@@AAEX_K_N@Z 40034f93 f i libucrt:output.obj
 0001:00034019       ??0?$output_adapter_data@DV?$string_output_adapter@D@__crt_stdio_output@@@__crt_stdio_output@@IAE@ABV?$string_output_adapter@D@1@_KQBDAAV__crt_cached_ptd_host@@QAD@Z 40035019 f i libucrt:output.obj
 0001:00034080       ??1formatting_buffer@__crt_stdio_output@@QAE@XZ 40035080 f i libucrt:output.obj
 0001:0003409a       ??4?$__crt_unique_heap_ptr@DU__crt_internal_free_policy@@@@QAEAAV0@$$QAV0@@Z 4003509a f i libucrt:output.obj
 0001:000340be       ?crop_zeroes@__crt_stdio_output@@YAXPADQAU__crt_locale_pointers@@@Z 400350be f i libucrt:output.obj
 0001:00034128       ?find_next_state@?$output_processor@DV?$string_output_adapter@D@__crt_stdio_output@@V?$standard_base@DV?$string_output_adapter@D@__crt_stdio_output@@@2@@__crt_stdio_output@@ABE?AW4state@2@DW432@@Z 40035128 f i libucrt:output.obj
 0001:00034163       ?force_decimal_point@__crt_stdio_output@@YAXPADQAU__crt_locale_pointers@@@Z 40035163 f i libucrt:output.obj
 0001:000341c5       ?parse_int_from_format_string@?$output_processor@DV?$string_output_adapter@D@__crt_stdio_output@@V?$standard_base@DV?$string_output_adapter@D@__crt_stdio_output@@@2@@__crt_stdio_output@@AAE_NQAH@Z 400351c5 f i libucrt:output.obj
 0001:0003423d       ?process@?$output_processor@DV?$string_output_adapter@D@__crt_stdio_output@@V?$standard_base@DV?$string_output_adapter@D@__crt_stdio_output@@@2@@__crt_stdio_output@@QAEHXZ 4003523d f i libucrt:output.obj
 0001:00034511       ?state_case_size@?$output_processor@DV?$string_output_adapter@D@__crt_stdio_output@@V?$standard_base@DV?$string_output_adapter@D@__crt_stdio_output@@@2@@__crt_stdio_output@@AAE_NXZ 40035511 f i libucrt:output.obj
 0001:0003466a       ?state_case_type@?$output_processor@DV?$string_output_adapter@D@__crt_stdio_output@@V?$standard_base@DV?$string_output_adapter@D@__crt_stdio_output@@@2@@__crt_stdio_output@@AAE_NXZ 4003566a f i libucrt:output.obj
 0001:00034aa9       ?to_integer_size@__crt_stdio_output@@YAIW4length_modifier@1@@Z 40035aa9 f i libucrt:output.obj
 0001:00034afd       ?type_case_Z@?$output_processor@DV?$string_output_adapter@D@__crt_stdio_output@@V?$standard_base@DV?$string_output_adapter@D@__crt_stdio_output@@@2@@__crt_stdio_output@@AAE_NXZ 40035afd f i libucrt:output.obj
 0001:00034b70       ?type_case_a@?$output_processor@DV?$string_output_adapter@D@__crt_stdio_output@@V?$standard_base@DV?$string_output_adapter@D@__crt_stdio_output@@@2@@__crt_stdio_output@@AAE_NXZ 40035b70 f i libucrt:output.obj
 0001:00034d27       ?type_case_c_tchar@?$output_processor@DV?$string_output_adapter@D@__crt_stdio_output@@V?$standard_base@DV?$string_output_adapter@D@__crt_stdio_output@@@2@@__crt_stdio_output@@AAE_ND@Z 40035d27 f i libucrt:output.obj
 0001:00034db3       ?type_case_n@?$output_processor@DV?$string_output_adapter@D@__crt_stdio_output@@V?$standard_base@DV?$string_output_adapter@D@__crt_stdio_output@@@2@@__crt_stdio_output@@AAE_NXZ 40035db3 f i libucrt:output.obj
 0001:00034e38       ?type_case_o@?$output_processor@DV?$string_output_adapter@D@__crt_stdio_output@@V?$standard_base@DV?$string_output_adapter@D@__crt_stdio_output@@@2@@__crt_stdio_output@@AAE_NXZ 40035e38 f i libucrt:output.obj
 0001:00034e55       ?type_case_p@?$output_processor@DV?$string_output_adapter@D@__crt_stdio_output@@V?$standard_base@DV?$string_output_adapter@D@__crt_stdio_output@@@2@@__crt_stdio_output@@AAE_NXZ 40035e55 f i libucrt:output.obj
 0001:00034e6b       ?type_case_s@?$output_processor@DV?$string_output_adapter@D@__crt_stdio_output@@V?$standard_base@DV?$string_output_adapter@D@__crt_stdio_output@@@2@@__crt_stdio_output@@AAE_NXZ 40035e6b f i libucrt:output.obj
 0001:00034ede       ?validate@?$string_output_adapter@D@__crt_stdio_output@@QBE_NAAV__crt_cached_ptd_host@@@Z 40035ede f i libucrt:output.obj
 0001:00034f0f       ?write_string@?$string_output_adapter@D@__crt_stdio_output@@QBEXQBDHQAHAAV__crt_cached_ptd_host@@@Z 40035f0f f i libucrt:output.obj
 0001:00034f7e       ___stdio_common_vsprintf   40035f7e f   libucrt:output.obj
 0001:00034fc0       _strncpy                   40035fc0 f   libucrt:strncpy.obj
 0001:000350e4       __tolower_l                400360e4 f   libucrt:tolower_toupper.obj
 0001:000351e2       __toupper_l                400361e2 f   libucrt:tolower_toupper.obj
 0001:000352e0       _tolower                   400362e0 f   libucrt:tolower_toupper.obj
 0001:00035310       _toupper                   40036310 f   libucrt:tolower_toupper.obj
 0001:000353f4       ??$make_input_adapter_character_source@V?$string_input_adapter@D@__crt_stdio_input@@@__crt_strtox@@YA?AV?$input_adapter_character_source@V?$string_input_adapter@D@__crt_stdio_input@@@0@QAV?$string_input_adapter@D@__crt_stdio_input@@_KQA_N@Z 400363f4 f i libucrt:input.obj
 0001:00035412       ??$parse_floating_point@V?$input_adapter_character_source@V?$string_input_adapter@D@__crt_stdio_input@@@__crt_strtox@@M@__crt_strtox@@YA?AW4SLD_STATUS@@QAU__crt_locale_pointers@@V?$input_adapter_character_source@V?$string_input_adapter@D@__crt_stdio_input@@@0@QAM@Z 40036412 f i libucrt:input.obj
 0001:0003549c       ??$parse_floating_point@V?$input_adapter_character_source@V?$string_input_adapter@D@__crt_stdio_input@@@__crt_strtox@@N@__crt_strtox@@YA?AW4SLD_STATUS@@QAU__crt_locale_pointers@@V?$input_adapter_character_source@V?$string_input_adapter@D@__crt_stdio_input@@@0@QAN@Z 4003649c f i libucrt:input.obj
 0001:00035526       ??$parse_floating_point_from_source@V?$input_adapter_character_source@V?$string_input_adapter@D@__crt_stdio_input@@@__crt_strtox@@@__crt_strtox@@YA?AW4floating_point_parse_result@0@QAU__crt_locale_pointers@@AAV?$input_adapter_character_source@V?$string_input_adapter@D@__crt_stdio_input@@@0@AAUfloating_point_string@0@@Z 40036526 f i libucrt:input.obj
 0001:00035993       ??$parse_floating_point_possible_infinity@DV?$input_adapter_character_source@V?$string_input_adapter@D@__crt_stdio_input@@@__crt_strtox@@_K@__crt_strtox@@YA?AW4floating_point_parse_result@0@AADAAV?$input_adapter_character_source@V?$string_input_adapter@D@__crt_stdio_input@@@0@_K@Z 40036993 f i libucrt:input.obj
 0001:00035a4e       ??$parse_floating_point_possible_nan@DV?$input_adapter_character_source@V?$string_input_adapter@D@__crt_stdio_input@@@__crt_strtox@@_K@__crt_strtox@@YA?AW4floating_point_parse_result@0@AADAAV?$input_adapter_character_source@V?$string_input_adapter@D@__crt_stdio_input@@@0@_K@Z 40036a4e f i libucrt:input.obj
 0001:00035b56       ??$parse_floating_point_possible_nan_is_ind@DV?$input_adapter_character_source@V?$string_input_adapter@D@__crt_stdio_input@@@__crt_strtox@@@__crt_strtox@@YA_NAADAAV?$input_adapter_character_source@V?$string_input_adapter@D@__crt_stdio_input@@@0@@Z 40036b56 f i libucrt:input.obj
 0001:00035b90       ??$parse_floating_point_possible_nan_is_snan@DV?$input_adapter_character_source@V?$string_input_adapter@D@__crt_stdio_input@@@__crt_strtox@@@__crt_strtox@@YA_NAADAAV?$input_adapter_character_source@V?$string_input_adapter@D@__crt_stdio_input@@@0@@Z 40036b90 f i libucrt:input.obj
 0001:00035bca       ??$parse_integer@_KV?$input_adapter_character_source@V?$string_input_adapter@D@__crt_stdio_input@@@__crt_strtox@@$00@__crt_strtox@@YA_KAAV__crt_cached_ptd_host@@V?$input_adapter_character_source@V?$string_input_adapter@D@__crt_stdio_input@@@0@H_N@Z 40036bca f i libucrt:input.obj
 0001:00035ebe       ??$parse_integer@_KV?$input_adapter_character_source@V?$string_input_adapter@D@__crt_stdio_input@@@__crt_strtox@@@__crt_strtox@@YA_KQAU__crt_locale_pointers@@V?$input_adapter_character_source@V?$string_input_adapter@D@__crt_stdio_input@@@0@H_N@Z 40036ebe f i libucrt:input.obj
 0001:00035f1a       ??$process_floating_point_specifier_t@M@?$input_processor@DV?$string_input_adapter@D@__crt_stdio_input@@@__crt_stdio_input@@AAE_NXZ 40036f1a f i libucrt:input.obj
 0001:00035f82       ??$process_floating_point_specifier_t@N@?$input_processor@DV?$string_input_adapter@D@__crt_stdio_input@@@__crt_stdio_input@@AAE_NXZ 40036f82 f i libucrt:input.obj
 0001:00035fee       ??$process_string_specifier_tchar@D@?$input_processor@DV?$string_input_adapter@D@__crt_stdio_input@@@__crt_stdio_input@@AAE_NW4conversion_mode@1@D@Z 40036fee f i libucrt:input.obj
 0001:0003615a       ??$process_string_specifier_tchar@_W@?$input_processor@DV?$string_input_adapter@D@__crt_stdio_input@@@__crt_stdio_input@@AAE_NW4conversion_mode@1@_W@Z 4003715a f i libucrt:input.obj
 0001:000362d2       ??$skip_whitespace@Vstring_input_adapter@__crt_stdio_input@@D@__crt_stdio_input@@YAHAAV?$string_input_adapter@D@0@QAU__crt_locale_pointers@@@Z 400372d2 f i libucrt:input.obj
 0001:00036301       ??$write_floating_point@M@?$input_processor@DV?$string_input_adapter@D@__crt_stdio_input@@@__crt_stdio_input@@AAE_NABM@Z 40037301 f i libucrt:input.obj
 0001:00036336       ??$write_floating_point@N@?$input_processor@DV?$string_input_adapter@D@__crt_stdio_input@@@__crt_stdio_input@@AAE_NABN@Z 40037336 f i libucrt:input.obj
 0001:00036371       ??0?$format_string_parser@D@__crt_stdio_input@@QAE@_KQBE@Z 40037371 f i libucrt:input.obj
 0001:000363bb       ??0?$input_adapter_character_source@V?$string_input_adapter@D@__crt_stdio_input@@@__crt_strtox@@QAE@$$QAV01@@Z 400373bb f i libucrt:input.obj
 0001:000363f8       ??0?$input_adapter_character_source@V?$string_input_adapter@D@__crt_stdio_input@@@__crt_strtox@@QAE@QAV?$string_input_adapter@D@__crt_stdio_input@@_KQA_N@Z 400373f8 f i libucrt:input.obj
 0001:00036429       ??0?$input_processor@DV?$string_input_adapter@D@__crt_stdio_input@@@__crt_stdio_input@@QAE@ABV?$string_input_adapter@D@1@_KQBDQAU__crt_locale_pointers@@QAD@Z 40037429 f i libucrt:input.obj
 0001:0003646d       ??R<lambda_644f8ab42ed3fd1d660977a2364b3a7d>@@QBE@XZ 4003746d f i libucrt:input.obj
 0001:0003646d       ??R<lambda_f1fa4c266c18b246f3ed9c36247dab4f>@@QBE@XZ 4003746d f i libucrt:input.obj
 0001:0003646d       ??R<lambda_f765c90ab33e8386abf09c0f079d37e9>@@QBE@XZ 4003746d f i libucrt:input.obj
 0001:00036497       ?advance@?$format_string_parser@D@__crt_stdio_input@@QAE_NXZ 40037497 f i libucrt:input.obj
 0001:000365af       ?get@?$input_adapter_character_source@V?$string_input_adapter@D@__crt_stdio_input@@@__crt_strtox@@QAEDXZ 400375af f i libucrt:input.obj
 0001:000365f0       ?get@?$string_input_adapter@D@__crt_stdio_input@@QAEHXZ 400375f0 f i libucrt:input.obj
 0001:00036606       ?is_character_allowed_in_string@?$input_processor@DV?$string_input_adapter@D@__crt_stdio_input@@@__crt_stdio_input@@ABE_NW4conversion_mode@2@H@Z 40037606 f i libucrt:input.obj
 0001:00036656       ?length@?$format_string_parser@D@__crt_stdio_input@@QBEIXZ 40037656 f i libucrt:input.obj
 0001:000366a4       ?process@?$input_processor@DV?$string_input_adapter@D@__crt_stdio_input@@@__crt_stdio_input@@QAEHXZ 400376a4 f i libucrt:input.obj
 0001:00036729       ?process_character_count_specifier@?$input_processor@DV?$string_input_adapter@D@__crt_stdio_input@@@__crt_stdio_input@@AAE_NXZ 40037729 f i libucrt:input.obj
 0001:00036741       ?process_conversion_specifier@?$input_processor@DV?$string_input_adapter@D@__crt_stdio_input@@@__crt_stdio_input@@AAE_NXZ 40037741 f i libucrt:input.obj
 0001:000367b5       ?process_floating_point_specifier@?$input_processor@DV?$string_input_adapter@D@__crt_stdio_input@@@__crt_stdio_input@@AAE_NXZ 400377b5 f i libucrt:input.obj
 0001:000367e5       ?process_integer_specifier@?$input_processor@DV?$string_input_adapter@D@__crt_stdio_input@@@__crt_stdio_input@@AAE_NI_N@Z 400377e5 f i libucrt:input.obj
 0001:0003684a       ?process_literal_character@?$input_processor@DV?$string_input_adapter@D@__crt_stdio_input@@@__crt_stdio_input@@AAE_NXZ 4003784a f i libucrt:input.obj
 0001:00036880       ?process_literal_character_tchar@?$input_processor@DV?$string_input_adapter@D@__crt_stdio_input@@@__crt_stdio_input@@AAE_ND@Z 40037880 f i libucrt:input.obj
 0001:000368ce       ?process_state@?$input_processor@DV?$string_input_adapter@D@__crt_stdio_input@@@__crt_stdio_input@@AAE_NXZ 400378ce f i libucrt:input.obj
 0001:00036910       ?process_string_specifier@?$input_processor@DV?$string_input_adapter@D@__crt_stdio_input@@@__crt_stdio_input@@AAE_NW4conversion_mode@2@@Z 40037910 f i libucrt:input.obj
 0001:00036958       ?process_whitespace@?$input_processor@DV?$string_input_adapter@D@__crt_stdio_input@@@__crt_stdio_input@@AAE_NXZ 40037958 f i libucrt:input.obj
 0001:00036975       ?restore_state@?$input_adapter_character_source@V?$string_input_adapter@D@__crt_stdio_input@@@__crt_strtox@@QAE_N_K@Z 40037975 f i libucrt:input.obj
 0001:0003699a       ?scan_conversion_specifier@?$format_string_parser@D@__crt_stdio_input@@AAE_NXZ 4003799a f i libucrt:input.obj
 0001:00036b16       ?scan_optional_field_width@?$format_string_parser@D@__crt_stdio_input@@AAE_NXZ 40037b16 f i libucrt:input.obj
 0001:00036baa       ?scan_optional_length_modifier@?$format_string_parser@D@__crt_stdio_input@@AAEXXZ 40037baa f i libucrt:input.obj
 0001:00036cbf       ?scan_optional_literal_character_trail_bytes_tchar@?$format_string_parser@D@__crt_stdio_input@@AAE_ND@Z 40037cbf f i libucrt:input.obj
 0001:00036d11       ?scan_optional_wide_modifier@?$format_string_parser@D@__crt_stdio_input@@AAEXXZ 40037d11 f i libucrt:input.obj
 0001:00036d2f       ?scan_scanset_range@?$format_string_parser@D@__crt_stdio_input@@AAE_NXZ 40037d2f f i libucrt:input.obj
 0001:00036e7f       ?set@?$scanset_buffer@E@__crt_stdio_input@@QAEXE@Z 40037e7f f i libucrt:input.obj
 0001:00036eaa       ?set_wide_for_c_s_or_scanset@?$format_string_parser@D@__crt_stdio_input@@AAEXXZ 40037eaa f i libucrt:input.obj
 0001:00036ecb       ?to_floating_point_length@__crt_stdio_input@@YAIW4length_modifier@1@@Z 40037ecb f i libucrt:input.obj
 0001:00036eee       ?to_integer_length@__crt_stdio_input@@YAIW4length_modifier@1@@Z 40037eee f i libucrt:input.obj
 0001:00036f41       ?unget@?$input_adapter_character_source@V?$string_input_adapter@D@__crt_stdio_input@@@__crt_strtox@@QAEXD@Z 40037f41 f i libucrt:input.obj
 0001:00036f88       ?unget@?$string_input_adapter@D@__crt_stdio_input@@QAEXH@Z 40037f88 f i libucrt:input.obj
 0001:00036fa7       ?validate@?$format_string_parser@D@__crt_stdio_input@@QBE_NXZ 40037fa7 f i libucrt:input.obj
 0001:00036fc3       ?validate@?$input_adapter_character_source@V?$string_input_adapter@D@__crt_stdio_input@@@__crt_strtox@@QBE_NXZ 40037fc3 f i libucrt:input.obj
 0001:00036fe4       ?validate@?$string_input_adapter@D@__crt_stdio_input@@QAE_NXZ 40037fe4 f i libucrt:input.obj
 0001:00037006       ?write_character@?$input_processor@DV?$string_input_adapter@D@__crt_stdio_input@@@__crt_stdio_input@@AAE_NQA_WIAAPA_WAAID@Z 40038006 f i libucrt:input.obj
 0001:00037073       ?write_integer@?$input_processor@DV?$string_input_adapter@D@__crt_stdio_input@@@__crt_stdio_input@@AAE_N_K@Z 40038073 f i libucrt:input.obj
 0001:000370e2       ___stdio_common_vsscanf    400380e2 f   libucrt:input.obj
 0001:00037110       _free                      40038110 f   libucrt:free.obj
 0001:00037120       _malloc                    40038120 f   libucrt:malloc.obj
 0001:00037130       _realloc                   40038130 f   libucrt:realloc.obj
 0001:00037140       _qsort                     40038140 f   libucrt:qsort.obj
 0001:00037580       __ceil_no_sse41            40038580 f   libucrt:ceil_pentium4.obj
 0001:000375c0       _ceil                      400385c0 f   libucrt:ceil_pentium4.obj
 0001:000375e0       __ceil_pentium4            400385e0 f   libucrt:ceil_pentium4.obj
 0001:000376c0       __floor_no_sse41           400386c0 f   libucrt:floor_pentium4.obj
 0001:00037700       _floor                     40038700 f   libucrt:floor_pentium4.obj
 0001:00037720       __floor_pentium4           40038720 f   libucrt:floor_pentium4.obj
 0001:000377dd       _rand                      400387dd f   libucrt:rand.obj
 0001:00037894       _strtod                    40038894 f   libucrt:strtod.obj
 0001:000378b0       __libm_sse2_tan_precise    400388b0 f   libucrt:tan_sse2_precise.obj
 0001:00037b20       __initterm                 40038b20 f   libucrt:initterm.obj
 0001:00037b4b       __initterm_e               40038b4b f   libucrt:initterm.obj
 0001:00037b79       __seh_filter_dll           40038b79 f   libucrt:exception_filter.obj
 0001:00037b99       __seh_filter_exe           40038b99 f   libucrt:exception_filter.obj
 0001:00037d2c       ??$__crt_fast_decode_pointer@P6AHI@Z@@YAP6AHI@ZQ6AHI@Z@Z 40038d2c f i libucrt:new_handler.obj
 0001:00037d2c       ??$__crt_fast_decode_pointer@P6AXH@Z@@YAP6AXH@ZQ6AXH@Z@Z 40038d2c f i libucrt:signal.obj
 0001:00037d2c       ??$__crt_fast_decode_pointer@P6GXPAXK0@Z@@YAP6GXPAXK0@ZQ6GX0K0@Z@Z 40038d2c f i libucrt:exit.obj
 0001:00037fdf       ___acrt_initialize_thread_local_exit_callback 40038fdf f   libucrt:exit.obj
 0001:00037fee       __cexit                    40038fee f   libucrt:exit.obj
 0001:00037ffd       __exit                     40038ffd f   libucrt:exit.obj
 0001:00038013       __is_c_termination_complete 40039013 f   libucrt:exit.obj
 0001:000382c9       ___acrt_allocate_buffer_for_argv 400392c9 f   libucrt:argv_parsing.obj
 0001:00038318       __configure_narrow_argv    40039318 f   libucrt:argv_parsing.obj
 0001:000384c7       ___dcrt_uninitialize_environments_nolock 400394c7 f   libucrt:environment_initialization.obj
 0001:00038518       __initialize_narrow_environment 40039518 f   libucrt:environment_initialization.obj
[...]
 0002:0001a9b0       __unwindtable$___acrt_freeptd 400619b0     libucrt:per_thread_data.obj
 0002:0001a9b0       __unwindtable$___acrt_getptd_head 400619b0     libucrt:per_thread_data.obj
 0002:0001a9b0       __unwindtable$___acrt_getptd_noexit_explicit 400619b0     libucrt:per_thread_data.obj
 0002:0001a9b0       __unwindtable$__execute_onexit_table 400619b0     libucrt:onexit.obj
 0002:0001a9b8       __ehfuncinfo$___acrt_freeptd 400619b8     libucrt:per_thread_data.obj
 0002:0001a9b8       __ehfuncinfo$___acrt_getptd_head 400619b8     libucrt:per_thread_data.obj
 0002:0001a9b8       __ehfuncinfo$___acrt_getptd_noexit_explicit 400619b8     libucrt:per_thread_data.obj
 0002:0001a9b8       __ehfuncinfo$__execute_onexit_table 400619b8     libucrt:onexit.obj
 0002:0001a9e0       __sehtable$??$?RV<lambda_69a2805e680e0e292e8ba93315fe43a8>@@AAV<lambda_f03950bc5685219e0bcd2087efbe011e>@@V<lambda_03fcd07e894ec930e3f35da366ca99d6>@@@?$__crt_seh_guarded_call@H@@QAEH$$QAV<lambda_69a2805e680e0e292e8ba93315fe43a8>@@AAV<lambda_f03950bc5685219e0bcd2087efbe011e>@@$$QAV<lambda_03fcd07e894ec930e3f35da366ca99d6>@@@Z 400619e0     libucrt:onexit.obj
 0002:0001aa00       __sehtable$_terminate      40061a00     libucrt:terminate.obj
 0002:0001aa20       __sehtable$??$?RV<lambda_15ade71b0218206bbe3333a0c9b79046>@@AAV<lambda_da44e0f8b0f19ba52fefafb335991732>@@V<lambda_207f2d024fc103971653565357d6cd41>@@@?$__crt_seh_guarded_call@X@@QAEX$$QAV<lambda_15ade71b0218206bbe3333a0c9b79046>@@AAV<lambda_da44e0f8b0f19ba52fefafb335991732>@@$$QAV<lambda_207f2d024fc103971653565357d6cd41>@@@Z 40061a20     libucrt:per_thread_data.obj
 0002:0001aa40       __sehtable$??$?RV<lambda_a7e850c220f1c8d1e6efeecdedd162c6>@@AAV<lambda_46720907175c18b6c9d2717bc0d2d362>@@V<lambda_9048902d66e8d99359bc9897bbb930a8>@@@?$__crt_seh_guarded_call@X@@QAEX$$QAV<lambda_a7e850c220f1c8d1e6efeecdedd162c6>@@AAV<lambda_46720907175c18b6c9d2717bc0d2d362>@@$$QAV<lambda_9048902d66e8d99359bc9897bbb930a8>@@@Z 40061a40     libucrt:per_thread_data.obj
 0002:0001aa60       __sehtable$??$?RV<lambda_38edbb1296d33220d7e4dd0ed76b244a>@@AAV<lambda_5ce1d447e08cb34b2473517608e21441>@@V<lambda_fb385d3da700c9147fc39e65dd577a8c>@@@?$__crt_seh_guarded_call@X@@QAEX$$QAV<lambda_38edbb1296d33220d7e4dd0ed76b244a>@@AAV<lambda_5ce1d447e08cb34b2473517608e21441>@@$$QAV<lambda_fb385d3da700c9147fc39e65dd577a8c>@@@Z 40061a60     libucrt:per_thread_data.obj
 0002:0001aa80       __sehtable$??$?RV<lambda_6affb1475c98b40b75cdec977db92e3c>@@AAV<lambda_b8d4b9c228a6ecc3f80208dbb4b4a104>@@V<lambda_608742c3c92a14382c1684fc64f96c88>@@@?$__crt_seh_guarded_call@X@@QAEX$$QAV<lambda_6affb1475c98b40b75cdec977db92e3c>@@AAV<lambda_b8d4b9c228a6ecc3f80208dbb4b4a104>@@$$QAV<lambda_608742c3c92a14382c1684fc64f96c88>@@@Z 40061a80     libucrt:per_thread_data.obj
 0002:0001aaa0       __sehtable$??$?RV<lambda_e5124f882df8998aaf41531e079ba474>@@AAV<lambda_3e16ef9562a7dcce91392c22ab16ea36>@@V<lambda_e25ca0880e6ef98be67edffd8c599615>@@@?$__crt_seh_guarded_call@X@@QAEX$$QAV<lambda_e5124f882df8998aaf41531e079ba474>@@AAV<lambda_3e16ef9562a7dcce91392c22ab16ea36>@@$$QAV<lambda_e25ca0880e6ef98be67edffd8c599615>@@@Z 40061aa0     libucrt:wsetlocale.obj
 0002:0001aac0       __sehtable$___acrt_initialize_lowio 40061ac0     libucrt:ioinit.obj
 0002:0001aae0       __sehtable$?update_thread_multibyte_data_internal@@YAPAU__crt_multibyte_data@@QAU__acrt_ptd@@QAPAU1@@Z 40061ae0     libucrt:mbctype.obj
 0002:0001ab00       __sehtable$??$?RV<lambda_ceb1ee4838e85a9d631eb091e2fbe199>@@AAV<lambda_ae742caa10f662c28703da3d2ea5e57e>@@V<lambda_cd08b5d6af4937fe54fc07d0c9bf6b37>@@@?$__crt_seh_guarded_call@X@@QAEX$$QAV<lambda_ceb1ee4838e85a9d631eb091e2fbe199>@@AAV<lambda_ae742caa10f662c28703da3d2ea5e57e>@@$$QAV<lambda_cd08b5d6af4937fe54fc07d0c9bf6b37>@@@Z 40061b00     libucrt:mbctype.obj
 0002:0001ab20       __sehtable$__set_new_handler 40061b20     libucrt:new_handler.obj
 0002:0001ab40       __sehtable$__query_new_handler 40061b40     libucrt:new_handler.obj
 0002:0001ab60       __sehtable$_raise          40061b60     libucrt:signal.obj
 0002:0001ab80       __sehtable$??$?RV<lambda_cbab9ec6f41b0180b23cc171c22676b0>@@AAV<lambda_44731a7d0e6d81c3e6aa82d741081786>@@V<lambda_4b292cb8dd18144e164572427af410ab>@@@?$__crt_seh_guarded_call@P6AXH@Z@@QAEP6AXH@Z$$QAV<lambda_cbab9ec6f41b0180b23cc171c22676b0>@@AAV<lambda_44731a7d0e6d81c3e6aa82d741081786>@@$$QAV<lambda_4b292cb8dd18144e164572427af410ab>@@@Z 40061b80     libucrt:signal.obj
 0002:0001aba0       __sehtable$??$?RV<lambda_2866be3712abc81a800a822484c830d8>@@AAV<lambda_39ca0ed439415581b5b15c265174cece>@@V<lambda_2b24c74d71094a6cd0cb82e44167d71b>@@@?$__crt_seh_guarded_call@X@@QAEX$$QAV<lambda_2866be3712abc81a800a822484c830d8>@@AAV<lambda_39ca0ed439415581b5b15c265174cece>@@$$QAV<lambda_2b24c74d71094a6cd0cb82e44167d71b>@@@Z 40061ba0     libucrt:fflush.obj
 0002:0001abc0       __sehtable$??$?RV<lambda_2cc53f568c5a2bb6f192f930a45d44ea>@@AAV<lambda_ab61a845afdef5b7c387490eaf3616ee>@@V<lambda_c2ffc0b7726aa6be21d5f0026187e748>@@@?$__crt_seh_guarded_call@X@@QAEX$$QAV<lambda_2cc53f568c5a2bb6f192f930a45d44ea>@@AAV<lambda_ab61a845afdef5b7c387490eaf3616ee>@@$$QAV<lambda_c2ffc0b7726aa6be21d5f0026187e748>@@@Z 40061bc0     libucrt:fflush.obj
 0002:0001abe0       __sehtable$___acrt_update_thread_locale_data 40061be0     libucrt:locale_refcounting.obj
 0002:0001ac00       __sehtable$__fcloseall     40061c00     libucrt:closeall.obj
 0002:0001ac20       __sehtable$___acrt_lowio_ensure_fh_exists 40061c20     libucrt:osfinfo.obj
 0002:0001ac40       __sehtable$___set_fpsr_sse2 40061c40     libucrt:fpctrl.obj
 0002:0001ac60       __sehtable$??$?RV<lambda_9e9de3de5fa147e2223d7db92bc10aa6>@@AAV<lambda_38ce7e780aa69e748d6df282ebc68efe>@@V<lambda_8ca6da459f0f6780f1cff60fdc3d00e5>@@@?$__crt_seh_guarded_call@H@@QAEH$$QAV<lambda_9e9de3de5fa147e2223d7db92bc10aa6>@@AAV<lambda_38ce7e780aa69e748d6df282ebc68efe>@@$$QAV<lambda_8ca6da459f0f6780f1cff60fdc3d00e5>@@@Z 40061c60     libucrt:commit.obj
 0002:0001ac80       __sehtable$__write_internal 40061c80     libucrt:write.obj
 0002:0001aca0       __sehtable$?_fclose_internal@@YAHQAU_iobuf@@AAV__crt_cached_ptd_host@@@Z 40061ca0     libucrt:fclose.obj
 0002:0001acc0       __sehtable$??$?RV<lambda_d422a76eb4c3bf3ad751449ab71a6ea4>@@AAV<lambda_c9ba49e555ba839a7b07aa3fbecb7617>@@V<lambda_9476263c8ee91a25d21c55370bdb50de>@@@?$__crt_seh_guarded_call@H@@QAEH$$QAV<lambda_d422a76eb4c3bf3ad751449ab71a6ea4>@@AAV<lambda_c9ba49e555ba839a7b07aa3fbecb7617>@@$$QAV<lambda_9476263c8ee91a25d21c55370bdb50de>@@@Z 40061cc0     libucrt:close.obj
 0002:0001ace0       __sehtable$__IsNonwritableInCurrentImage 40061ce0     LIBCMT:pesect.obj
 0002:0001ad00       .edata                     40061d00     uix86.exp
 0002:0001ad28       rgpv                       40061d28     uix86.exp
 0002:0001ad30       rgszName                   40061d30     uix86.exp
 0002:0001ad38       rgwOrd                     40061d38     uix86.exp
 0002:0001ad3c       szName                     40061d3c     uix86.exp
 0002:0001ad46       $N00001                    40061d46     uix86.exp
 0002:0001ad4f       $N00002                    40061d4f     uix86.exp
 0002:0001b3b8       .idata$6                   400623b8     kernel32:KERNEL32.dll
 0003:00001e20       _bg_poolTail               40064e20     bg_misc.obj
 0003:0000356c       _holdrand                  4006656c     q_math.obj
 0003:00007318       _datapadMoveData           4006a318     ui_main.obj
 0003:00007918       _skillLevels               4006a918     ui_main.obj
 0003:0000792c       _teamArenaGameTypes        4006a92c     ui_main.obj
 0003:00007958       _netnames                  4006a958     ui_main.obj
 0003:00007968       _handicapValues            4006a968     ui_main.obj
 0003:000079bc       ?lastColumn@?1??UI_FeederItemText@@9@9 4006a9bc     ui_main.obj
 0003:000079c0       _cvarTable                 4006a9c0     ui_main.obj
 0003:00008060       _cvarTableSize             4006b060     ui_main.obj
 0003:000087a0       ?staticNULL@?1??String_Alloc@@9@9 4006b7a0     ui_shared.obj
 0003:000087a4       ?squiggy@?1??PC_String_Parse@@9@9 4006b7a4     ui_shared.obj
 0003:000087a8       _g_bindings                4006b7a8     ui_shared.obj
 0003:00009108       _syscall                   4006c108     ui_syscalls.obj
 0003:00009190       ?__vcrt_flsindex@@3KA      4006c190     libvcruntime:per_thread_data.obj
 0003:000091c0       ?errno_no_memory@@3HA      4006c1c0     libucrt:errno.obj
 0003:000091c4       ?doserrno_no_memory@@3KA   4006c1c4     libucrt:errno.obj
 0003:000091c8       ?__acrt_flsindex@@3KA      4006c1c8     libucrt:per_thread_data.obj
 0003:00009570       __mbctypes                 4006c570     libucrt:mbctype.obj
 0003:00009678       __mbcasemaps               4006c678     libucrt:mbctype.obj
 0003:00009778       ?__rgctypeflag@@3PADA      4006c778     libucrt:mbctype.obj
 0003:00009780       ?__rgcode_page_info@@3PAUcode_page_info@@A 4006c780     libucrt:mbctype.obj
 0003:000098d0       ?__DAZ_ENABLED@?1??__set_fpsr_sse2@@9@9 4006c8d0     libucrt:fpctrl.obj
 0003:000099e0       ?__dcrt_lowio_console_output_handle@@3PAXA 4006c9e0     libucrt:initcon.obj
 0003:00009a60       _bg_pool                   4006ca60     bg_misc.obj
 0003:00fa9a60       _bg_poolSize               4100ca60     bg_misc.obj
 0003:00fa9a94       ?bops_initialized@?1??BoxOnPlaneSide@@9@9 4100ca94     q_math.obj
 0003:00fa9a98       ?Ljmptab@?1??BoxOnPlaneSide@@9@9 4100ca98     q_math.obj
 0003:00fa9ab8       ?sr@?1??AngleVectors@@9@9  4100cab8     q_math.obj
 0003:00fa9abc       ?sp@?1??AngleVectors@@9@9  4100cabc     q_math.obj
 0003:00fa9ac0       ?sy@?1??AngleVectors@@9@9  4100cac0     q_math.obj
 0003:00fa9ac4       ?cr@?1??AngleVectors@@9@9  4100cac4     q_math.obj
 0003:00fa9ac8       ?cp@?1??AngleVectors@@9@9  4100cac8     q_math.obj
 0003:00fa9acc       ?cy@?1??AngleVectors@@9@9  4100cacc     q_math.obj
 0003:00fa9ad0       _com_token                 4100cad0     q_shared.obj
 0003:00fa9ed0       _com_parsename             4100ced0     q_shared.obj
 0003:00faa2d0       _com_lines                 4100d2d0     q_shared.obj
 0003:00faa2d4       ?index@?1??va@@9@9         4100d2d4     q_shared.obj
 0003:00faa2d8       ?string@?1??COM_ParseError@@9@9 4100d2d8     q_shared.obj
 0003:00fab2d8       ?string@?1??COM_ParseWarning@@9@9 4100e2d8     q_shared.obj
 0003:00fac2d8       ?final@?1??Q_StrReplace@@9@9 4100f2d8     q_shared.obj
 0003:00fac6d8       ?temp_buffer@?1??va@@9@9   4100f6d8     q_shared.obj
 0003:00fb43d8       ?string@?1??va@@9@9        410173d8     q_shared.obj
 0003:00fbc0d8       ?value@?1??Info_ValueForKey@@9@9 4101f0d8     q_shared.obj
 0003:00fc00d8       ?valueindex@?1??Info_ValueForKey@@9@9 410230d8     q_shared.obj
 0003:00fc00e8       ?buffer@?1??UI_Argv@@9@9   410230e8     ui_atoms.obj
 0003:00fc04e8       ?buffer@?1??UI_Cvar_VariableString@@9@9 410234e8     ui_atoms.obj
 0003:00fc0900       _ui_botInfos               41023900     ui_gameinfo.obj
 0003:00fc2900       _ui_numArenas              41025900     ui_gameinfo.obj
 0003:00fc2908       _ui_arenaInfos             41025908     ui_gameinfo.obj
 0003:00fc512c       ?cur@?1??siege_Str@@9@9    4102812c     ui_main.obj
 0003:00fc5130       ?strings@?1??siege_Str@@9@9 41028130     ui_main.obj
 0003:01005130       _UIPAFtext                 41068130     ui_main.obj
 0003:01013b90       ?sTemp@?1??GetCRDelineatedString@@9@9 41076b90     ui_main.obj
 0003:01013c90       ?text@?1??UI_GetStringEdString@@9@9 41076c90     ui_main.obj
 0003:01014090       ?index@?1??_UI_Refresh@@9@9 41077090     ui_main.obj
 0003:01014094       ?previousTimes@?1??_UI_Refresh@@9@9 41077094     ui_main.obj
 0003:010140a4       ?numinvisible@?1??UI_BuildServerDisplayList@@9@9 410770a4     ui_main.obj
 0003:010140a8       ?buf@?1??GetMenuBuffer@@9@9 410770a8     ui_main.obj
 0003:010240a8       ?info@?1??UI_CheckPassword@@9@9 410870a8     ui_main.obj
 0003:010244a8       ?numFound@?1??UI_BuildFindPlayerList@@9@9 410874a8     ui_main.obj
 0003:010244ac       ?numTimeOuts@?1??UI_BuildFindPlayerList@@9@9 410874ac     ui_main.obj
 0003:010244b0       ?info@?1??UI_FeederCount@@9@9 410874b0     ui_main.obj
 0003:010248b0       ?info@?1??UI_FeederItemText@@9@9 410878b0     ui_main.obj
 0003:01024cb0       ?hostname@?1??UI_FeederItemText@@9@9 41087cb0     ui_main.obj
 0003:010250b0       ?clientBuff@?1??UI_FeederItemText@@9@9 410880b0     ui_main.obj
 0003:010250d0       ?needPass@?1??UI_FeederItemText@@9@9 410880d0     ui_main.obj
 0003:010250f0       ?lastTime@?1??UI_FeederItemText@@9@9 410880f0     ui_main.obj
 0003:010250f4       _lastConnState             410880f4     ui_main.obj
 0003:010250f8       ?info@?1??UI_FeederItemImage@@9@9 410880f8     ui_main.obj
 0003:010254f8       ?info2@?CO@??UI_FeederItemImage@@9@9 410884f8     ui_main.obj
 0003:010258f8       ?info@?1??UI_FeederSelection@@9@9 410888f8     ui_main.obj
 0003:01025cf8       _lastLoadingText           41088cf8     ui_main.obj
 0003:01026260       _redSaberGlowShader        41089260     ui_saber.obj
 0003:01026264       _redSaberCoreShader        41089264     ui_saber.obj
 0003:01026268       _orangeSaberGlowShader     41089268     ui_saber.obj
 0003:0102626c       _orangeSaberCoreShader     4108926c     ui_saber.obj
 0003:01026270       _yellowSaberGlowShader     41089270     ui_saber.obj
 0003:01026274       _yellowSaberCoreShader     41089274     ui_saber.obj
 0003:01026278       _greenSaberGlowShader      41089278     ui_saber.obj
 0003:0102627c       _greenSaberCoreShader      4108927c     ui_saber.obj
 0003:01026280       _blueSaberGlowShader       41089280     ui_saber.obj
 0003:01026284       _blueSaberCoreShader       41089284     ui_saber.obj
 0003:01026288       _purpleSaberGlowShader     41089288     ui_saber.obj
 0003:0102628c       _purpleSaberCoreShader     4108928c     ui_saber.obj
 0003:01026290       _cyanSaberGlowShader       41089290     ui_saber.obj
 0003:01026294       _cyanSaberCoreShader       41089294     ui_saber.obj
 0003:01026298       _rgbSaberCoreShader        41089298     ui_saber.obj
 0003:0102629c       _rgbSaberGlowShader        4108929c     ui_saber.obj
 0003:010262a0       _rgbSaberCore2Shader       410892a0     ui_saber.obj
 0003:010262a4       _blackSaberGlowShader      410892a4     ui_saber.obj
 0003:010262bc       _scrollInfo                410892bc     ui_shared.obj
 0003:010262dc       _captureFunc               410892dc     ui_shared.obj
 0003:010262e0       _captureData               410892e0     ui_shared.obj
 0003:010262e4       _itemCapture               410892e4     ui_shared.obj
 0003:010262e8       _g_waitingForKey           410892e8     ui_shared.obj
 0003:010262ec       _g_editingField            410892ec     ui_shared.obj
 0003:010262f0       _g_bindItem                410892f0     ui_shared.obj
 0003:010262f4       _g_editItem                410892f4     ui_shared.obj
 0003:010262f8       _debugMode                 410892f8     ui_shared.obj
 0003:010262fc       _lastListBoxClickTime      410892fc     ui_shared.obj
 0003:01026300       _memoryPool                41089300     ui_shared.obj
 0003:02026300       _allocPoint                42089300     ui_shared.obj
 0003:02026304       _outOfMemory               42089304     ui_shared.obj
 0003:02026308       _strPoolIndex              42089308     ui_shared.obj
 0003:0202630c       _strHandleCount            4208930c     ui_shared.obj
 0003:02026310       _strPool                   42089310     ui_shared.obj
 0003:02086310       _strHandle                 420e9310     ui_shared.obj
 0003:02088310       ?string@?1??PC_SourceWarning@@9@9 420eb310     ui_shared.obj
 0003:02089310       ?string@?1??PC_SourceError@@9@9 420ec310     ui_shared.obj
 0003:0208a310       ?inHandleKey@?9??Menu_HandleKey@@9@9 420ed310     ui_shared.obj
 0003:0208a314       ?__proc_attached@@3HA      420ed314     LIBCMT:dll_dllmain.obj
 0003:0208a330       ?is_initialized_as_dll@@3_NA 420ed330     LIBCMT:utility.obj
 0003:0208a331       ?module_local_atexit_table_initialized@@3_NA 420ed331     LIBCMT:utility.obj
 0003:0208a334       ?module_local_atexit_table@@3U_onexit_table_t@@A 420ed334     LIBCMT:utility.obj
 0003:0208a340       ?module_local_at_quick_exit_table@@3U_onexit_table_t@@A 420ed340     LIBCMT:utility.obj
 0003:0208a350       _GS_ExceptionRecord        420ed350     LIBCMT:gs_report.obj
 0003:0208a3a0       _GS_ContextRecord          420ed3a0     LIBCMT:gs_report.obj
 0003:0208a698       ?heap@@3V_HeapManager@@A   420ed698     libvcruntime:undname.obj
 0003:0208a6ac       ?__vcrt_startup_thread_ptd@@3U__vcrt_ptd@@A 420ed6ac     libvcruntime:per_thread_data.obj
 0003:0208a6d4       ___vcrt_lock_table         420ed6d4     libvcruntime:locks.obj
 0003:0208a6ec       ___vcrt_locks_initialized  420ed6ec     libvcruntime:locks.obj
 0003:0208a6f0       ?module_handles@@3PAPAUHINSTANCE__@@A 420ed6f0     libvcruntime:winapi_downlevel.obj
 0003:0208a6fc       ?function_pointers@@3PAPAXA 420ed6fc     libvcruntime:winapi_downlevel.obj
 0003:0208a714       ?c_termination_complete@@3JA 420ed714     libucrt:exit.obj
 0003:0208a718       ?thread_local_exit_callback_func@@3P6GXPAXK0@ZA 420ed718     libucrt:exit.obj
 0003:0208a71c       ?c_exit_complete@?1???R<lambda_6e4b09c48022b2350581041d5f6b0c4c>@@QBE@XZ@4_NA 420ed71c     libucrt:exit.obj
 0003:0208a720       ?program_name@?1???$common_configure_argv@D@@YAHW4_crt_argv_mode@@@Z@4PADA 420ed720     libucrt:argv_parsing.obj
 0003:0208a850       ?__acrt_invalid_parameter_handler@@3V?$dual_state_global@P6AXPB_W00II@Z@__crt_state_management@@A 420ed850     libucrt:invalid_parameter.obj
 0003:0208a860       __pmatherr_set             420ed860     libucrt:libm_error.obj
 0003:0208a864       ?internal_state@?1??_mbtowc_internal@@9@4U_Mbstatet@@A 420ed864     libucrt:mbtowc.obj
 0003:0208a86c       ?internal_pst@?1??__mbrtoc32_utf8@__crt_mbstring@@YAIPA_UPBDIPAU_Mbstatet@@AAV__crt_cached_ptd_host@@@Z@4U3@A 420ed86c     libucrt:mbrtoc32.obj
 0003:0208a874       ?internal_pst@?1??__c16rtomb_utf8@__crt_mbstring@@YAIPAD_SPAU_Mbstatet@@AAV__crt_cached_ptd_host@@@Z@4U3@A 420ed874     libucrt:c16rtomb.obj
 0003:0208a884       ?enable_percent_n@@3IA     420ed884     libucrt:printf_count_output.obj
 0003:0208aa98       ?__acrt_lock_table@@3PAU_RTL_CRITICAL_SECTION@@A 420eda98     libucrt:locks.obj
 0003:0208ac00       ?__acrt_locks_initialized@@3IA 420edc00     libucrt:locks.obj
 0003:0208ac10       ?fSystemSet@@3HA           420edc10     libucrt:mbctype.obj
 0003:0208ac14       ?initialized@?1??__acrt_initialize_multibyte@@9@4_NA 420edc14     libucrt:mbctype.obj
 0003:0208ac30       ?module_handles@@3PAPAUHINSTANCE__@@A 420edc30     libucrt:winapi_thunks.obj
 0003:0208ac90       ?__acrt_new_handler@@3V?$dual_state_global@P6AHI@Z@__crt_state_management@@A 420edc90     libucrt:new_handler.obj
 0003:0208ac94       ?ctrlc_action@@3V?$dual_state_global@P6AXH@Z@__crt_state_management@@A 420edc94     libucrt:signal.obj
 0003:0208ac98       ?ctrlbreak_action@@3V?$dual_state_global@P6AXH@Z@__crt_state_management@@A 420edc98     libucrt:signal.obj
 0003:0208ac9c       ?abort_action@@3V?$dual_state_global@P6AXH@Z@__crt_state_management@@A 420edc9c     libucrt:signal.obj
 0003:0208aca0       ?term_action@@3V?$dual_state_global@P6AXH@Z@__crt_state_management@@A 420edca0     libucrt:signal.obj
 0003:0208aca4       ?user_matherr@@3V?$dual_state_global@P6AHPAU_exception@@@Z@__crt_state_management@@A 420edca4     libucrt:matherr.obj
 0003:0208acb4       ?__acrt_global_new_mode@@3V?$dual_state_global@J@__crt_state_management@@A 420edcb4     libucrt:new_mode.obj
 0003:0208acb8       ?__acrt_app_type@@3W4_crt_app_type@@A 420edcb8     libucrt:report_runtime_error.obj
 0004:00000000       ?function_pointers@@3PAPAXA 423b0000     libucrt:winapi_thunks.obj
 0005:00000060       $R000000                   423b1060     * linker generated manifest res *
